101.226.169.207 - - [31/Dec/2015:02:35:51 +0800] "GET /show/19539 HTTP/1.1" 200 26434 "https://youyanchu.com/show/19539" "Mozilla/5.0 (Windows NT 6.1) AppleWebKit/537.1 (KHTML, like Gecko) Chrome/21.0.1180.89 Safari/537.1; 360Spider(compatible; HaosouSpider; http://www.haosou.com/help/help_3_2.html)"
69.30.198.242 - - [31/Dec/2015:02:35:57 +0800] "GET /musicians-27170 HTTP/1.0" 200 12868 "-" "Mozilla/5.0 (compatible; MJ12bot/v1.4.5; http://www.majestic12.co.uk/bot.php?+)"
69.30.198.242 - - [31/Dec/2015:02:36:04 +0800] "GET /musicians-27182 HTTP/1.0" 200 12850 "-" "Mozilla/5.0 (compatible; MJ12bot/v1.4.5; http://www.majestic12.co.uk/bot.php?+)"
69.30.198.242 - - [31/Dec/2015:02:36:10 +0800] "GET /musicians-27182/news HTTP/1.0" 200 12848 "-" "Mozilla/5.0 (compatible; MJ12bot/v1.4.5; http://www.majestic12.co.uk/bot.php?+)"
180.153.212.45 - - [31/Dec/2015:02:36:11 +0800] "GET / HTTP/1.1" 301 182 "-" "DNSPod-Monitor/2.0"
69.30.198.242 - - [31/Dec/2015:02:36:13 +0800] "GET /musicians-27182/shows?page=0 HTTP/1.0" 200 17419 "-" "Mozilla/5.0 (compatible; MJ12bot/v1.4.5; http://www.majestic12.co.uk/bot.php?+)"
101.226.166.221 - - [31/Dec/2015:02:36:16 +0800] "GET /show/19407 HTTP/1.1" 200 30517 "https://youyanchu.com/show/19407" "Mozilla/5.0 (Windows NT 6.1) AppleWebKit/537.1 (KHTML, like Gecko) Chrome/21.0.1180.89 Safari/537.1; 360Spider(compatible; HaosouSpider; http://www.haosou.com/help/help_3_2.html)"
101.226.166.223 - - [31/Dec/2015:02:36:16 +0800] "GET /show/19569?yyc_src=organizer HTTP/1.1" 200 31818 "https://youyanchu.com/show/19569?yyc_src=organizer" "Mozilla/5.0 (Windows NT 6.1) AppleWebKit/537.1 (KHTML, like Gecko) Chrome/21.0.1180.89 Safari/537.1; 360Spider(compatible; HaosouSpider; http://www.haosou.com/help/help_3_2.html)"
101.226.166.220 - - [31/Dec/2015:02:36:16 +0800] "GET /show/19553 HTTP/1.1" 200 36896 "https://youyanchu.com/show/19553" "Mozilla/5.0 (Windows NT 6.1) AppleWebKit/537.1 (KHTML, like Gecko) Chrome/21.0.1180.89 Safari/537.1; 360Spider(compatible; HaosouSpider; http://www.haosou.com/help/help_3_2.html)"
69.30.198.242 - - [31/Dec/2015:02:36:17 +0800] "GET /musicians-27200 HTTP/1.0" 200 12895 "-" "Mozilla/5.0 (compatible; MJ12bot/v1.4.5; http://www.majestic12.co.uk/bot.php?+)"
69.30.198.242 - - [31/Dec/2015:02:36:23 +0800] "GET /musicians-27200/news HTTP/1.0" 200 12920 "-" "Mozilla/5.0 (compatible; MJ12bot/v1.4.5; http://www.majestic12.co.uk/bot.php?+)"
69.30.198.242 - - [31/Dec/2015:02:36:26 +0800] "GET /musicians-27200/shows?page=0 HTTP/1.0" 200 16438 "-" "Mozilla/5.0 (compatible; MJ12bot/v1.4.5; http://www.majestic12.co.uk/bot.php?+)"
69.30.198.242 - - [31/Dec/2015:02:36:30 +0800] "GET /musicians-27225 HTTP/1.0" 200 12868 "-" "Mozilla/5.0 (compatible; MJ12bot/v1.4.5; http://www.majestic12.co.uk/bot.php?+)"
123.125.71.22 - - [31/Dec/2015:02:36:33 +0800] "GET /show/4468 HTTP/1.1" 200 22799 "-" "Mozilla/5.0 (compatible; Baiduspider/2.0; +http://www.baidu.com/search/spider.html)"
69.30.198.242 - - [31/Dec/2015:02:36:37 +0800] "GET /musicians-27225/news HTTP/1.0" 200 12893 "-" "Mozilla/5.0 (compatible; MJ12bot/v1.4.5; http://www.majestic12.co.uk/bot.php?+)"
69.30.198.242 - - [31/Dec/2015:02:36:41 +0800] "GET /musicians-27225/shows?page=0 HTTP/1.0" 200 20495 "-" "Mozilla/5.0 (compatible; MJ12bot/v1.4.5; http://www.majestic12.co.uk/bot.php?+)"
69.30.198.242 - - [31/Dec/2015:02:36:48 +0800] "GET /musicians-27226/shows HTTP/1.0" 200 14440 "-" "Mozilla/5.0 (compatible; MJ12bot/v1.4.5; http://www.majestic12.co.uk/bot.php?+)"
112.90.82.164 - - [31/Dec/2015:02:36:54 +0800] "GET / HTTP/1.1" 301 182 "-" "DNSPod-Monitor/2.0"
183.131.79.181 - - [31/Dec/2015:02:36:55 +0800] "GET /search?utf8=%E2%9C%93&city=%E5%A4%A9%E6%B4%A5&begin_date=2014-03-19&end_date=2014-06-19&q= HTTP/1.1" 301 182 "-" "Mozilla/5.0 (Macintosh; Intel Mac OS X 10_10_3) AppleWebKit/537.36 (KHTML, like Gecko) Chrome/43.0.2357.130 Safari/537.36 JianKongBao Monitor 1.1"
61.150.91.224 - - [31/Dec/2015:02:36:55 +0800] "GET /search?utf8=%E2%9C%93&city=%E5%A4%A9%E6%B4%A5&begin_date=2014-03-19&end_date=2014-06-19&q= HTTP/1.1" 301 182 "-" "Mozilla/5.0 (Macintosh; Intel Mac OS X 10_10_3) AppleWebKit/537.36 (KHTML, like Gecko) Chrome/43.0.2357.130 Safari/537.36 JianKongBao Monitor 1.1"
218.61.196.123 - - [31/Dec/2015:02:36:55 +0800] "GET /search?utf8=%E2%9C%93&city=%E5%A4%A9%E6%B4%A5&begin_date=2014-03-19&end_date=2014-06-19&q= HTTP/1.1" 301 182 "-" "Mozilla/5.0 (Macintosh; Intel Mac OS X 10_10_3) AppleWebKit/537.36 (KHTML, like Gecko) Chrome/43.0.2357.130 Safari/537.36 JianKongBao Monitor 1.1"
182.118.20.173 - - [31/Dec/2015:02:37:01 +0800] "GET /show/19369 HTTP/1.1" 200 32303 "https://youyanchu.com/show/19369" "Mozilla/5.0 (compatible; MSIE 9.0; Windows NT 6.1; Trident/5.0); 360Spider(compatible; HaosouSpider; http://www.haosou.com/help/help_3_2.html)"
69.30.198.242 - - [31/Dec/2015:02:37:02 +0800] "GET /musicians-2723/shows HTTP/1.0" 200 15400 "-" "Mozilla/5.0 (compatible; MJ12bot/v1.4.5; http://www.majestic12.co.uk/bot.php?+)"
69.30.198.242 - - [31/Dec/2015:02:37:10 +0800] "GET /musicians-27312/shows HTTP/1.0" 200 40851 "-" "Mozilla/5.0 (compatible; MJ12bot/v1.4.5; http://www.majestic12.co.uk/bot.php?+)"
69.30.198.242 - - [31/Dec/2015:02:37:16 +0800] "GET /musicians-27315/shows HTTP/1.0" 200 15372 "-" "Mozilla/5.0 (compatible; MJ12bot/v1.4.5; http://www.majestic12.co.uk/bot.php?+)"
69.30.198.242 - - [31/Dec/2015:02:37:22 +0800] "GET /musicians-27316/shows HTTP/1.0" 200 14380 "-" "Mozilla/5.0 (compatible; MJ12bot/v1.4.5; http://www.majestic12.co.uk/bot.php?+)"
69.30.198.242 - - [31/Dec/2015:02:37:25 +0800] "GET /musicians-27317/shows HTTP/1.0" 200 14400 "-" "Mozilla/5.0 (compatible; MJ12bot/v1.4.5; http://www.majestic12.co.uk/bot.php?+)"
69.30.198.242 - - [31/Dec/2015:02:37:33 +0800] "GET /musicians-27335/shows HTTP/1.0" 200 18435 "-" "Mozilla/5.0 (compatible; MJ12bot/v1.4.5; http://www.majestic12.co.uk/bot.php?+)"
69.30.198.242 - - [31/Dec/2015:02:37:38 +0800] "GET /musicians-2737/news HTTP/1.0" 200 12797 "-" "Mozilla/5.0 (compatible; MJ12bot/v1.4.5; http://www.majestic12.co.uk/bot.php?+)"
69.30.198.242 - - [31/Dec/2015:02:37:41 +0800] "GET /musicians-2737/shows HTTP/1.0" 200 23733 "-" "Mozilla/5.0 (compatible; MJ12bot/v1.4.5; http://www.majestic12.co.uk/bot.php?+)"
69.30.198.242 - - [31/Dec/2015:02:37:49 +0800] "GET /musicians-2744 HTTP/1.0" 200 12816 "-" "Mozilla/5.0 (compatible; MJ12bot/v1.4.5; http://www.majestic12.co.uk/bot.php?+)"
69.30.198.242 - - [31/Dec/2015:02:37:54 +0800] "GET /musicians-2744/shows HTTP/1.0" 200 16471 "-" "Mozilla/5.0 (compatible; MJ12bot/v1.4.5; http://www.majestic12.co.uk/bot.php?+)"
69.30.198.242 - - [31/Dec/2015:02:38:00 +0800] "GET /musicians-27444 HTTP/1.0" 200 13263 "-" "Mozilla/5.0 (compatible; MJ12bot/v1.4.5; http://www.majestic12.co.uk/bot.php?+)"
69.30.198.242 - - [31/Dec/2015:02:38:02 +0800] "GET /musicians-27444/shows HTTP/1.0" 200 17980 "-" "Mozilla/5.0 (compatible; MJ12bot/v1.4.5; http://www.majestic12.co.uk/bot.php?+)"
123.125.71.116 - - [31/Dec/2015:02:38:03 +0800] "GET /?begin_date=2013-06-27&end_date=2013-12-27&page=17/*&%5E%25$ HTTP/1.1" 200 40510 "-" "Mozilla/5.0 (compatible; Baiduspider/2.0; +http://www.baidu.com/search/spider.html)"
180.97.70.10 - - [31/Dec/2015:02:38:08 +0800] "GET /show/17437 HTTP/1.0" 301 182 "-" "Mozilla/5.0 (Windows NT 6.1; WOW64; rv:20.0) Gecko/20100101 Firefox/20.0"
180.97.70.10 - - [31/Dec/2015:02:38:08 +0800] "GET /show/17437 HTTP/1.0" 301 182 "-" "Mozilla/5.0 (Windows NT 6.1; WOW64; rv:20.0) Gecko/20100101 Firefox/20.0"
180.97.70.10 - - [31/Dec/2015:02:38:08 +0800] "GET /show/17437 HTTP/1.0" 301 182 "-" "Mozilla/5.0 (Windows NT 6.1; WOW64; rv:20.0) Gecko/20100101 Firefox/20.0"
69.30.198.242 - - [31/Dec/2015:02:38:09 +0800] "GET /musicians-27487 HTTP/1.0" 200 26083 "-" "Mozilla/5.0 (compatible; MJ12bot/v1.4.5; http://www.majestic12.co.uk/bot.php?+)"
69.30.198.242 - - [31/Dec/2015:02:38:12 +0800] "GET /musicians-27487/news HTTP/1.0" 200 18388 "-" "Mozilla/5.0 (compatible; MJ12bot/v1.4.5; http://www.majestic12.co.uk/bot.php?+)"
69.30.198.242 - - [31/Dec/2015:02:38:16 +0800] "GET /musicians-27527 HTTP/1.0" 200 12871 "-" "Mozilla/5.0 (compatible; MJ12bot/v1.4.5; http://www.majestic12.co.uk/bot.php?+)"
69.30.198.242 - - [31/Dec/2015:02:38:20 +0800] "GET /musicians-27527/news HTTP/1.0" 200 12896 "-" "Mozilla/5.0 (compatible; MJ12bot/v1.4.5; http://www.majestic12.co.uk/bot.php?+)"
101.226.167.242 - - [31/Dec/2015:02:38:21 +0800] "GET /show/19942 HTTP/1.1" 200 23032 "https://youyanchu.com/show/19942" "Mozilla/5.0 (Windows NT 6.1) AppleWebKit/537.1 (KHTML, like Gecko) Chrome/21.0.1180.89 Safari/537.1; 360Spider(compatible; HaosouSpider; http://www.haosou.com/help/help_3_2.html)"
69.30.198.242 - - [31/Dec/2015:02:38:24 +0800] "GET /musicians-27527/shows?page=0 HTTP/1.0" 200 23844 "-" "Mozilla/5.0 (compatible; MJ12bot/v1.4.5; http://www.majestic12.co.uk/bot.php?+)"
120.204.200.21 - - [31/Dec/2015:02:38:28 +0800] "GET / HTTP/1.1" 301 182 "-" "DNSPod-Monitor/2.0"
69.30.198.242 - - [31/Dec/2015:02:38:32 +0800] "GET /musicians-27527/shows?page=2 HTTP/1.0" 200 23776 "-" "Mozilla/5.0 (compatible; MJ12bot/v1.4.5; http://www.majestic12.co.uk/bot.php?+)"
69.30.198.242 - - [31/Dec/2015:02:38:37 +0800] "GET /musicians-27571 HTTP/1.0" 200 12874 "-" "Mozilla/5.0 (compatible; MJ12bot/v1.4.5; http://www.majestic12.co.uk/bot.php?+)"
69.30.198.242 - - [31/Dec/2015:02:38:41 +0800] "GET /musicians-27571/shows HTTP/1.0" 200 20574 "-" "Mozilla/5.0 (compatible; MJ12bot/v1.4.5; http://www.majestic12.co.uk/bot.php?+)"
69.30.198.242 - - [31/Dec/2015:02:38:45 +0800] "GET /musicians-27574/shows HTTP/1.0" 200 20541 "-" "Mozilla/5.0 (compatible; MJ12bot/v1.4.5; http://www.majestic12.co.uk/bot.php?+)"
69.30.198.242 - - [31/Dec/2015:02:38:49 +0800] "GET /musicians-27606/shows HTTP/1.0" 200 17470 "-" "Mozilla/5.0 (compatible; MJ12bot/v1.4.5; http://www.majestic12.co.uk/bot.php?+)"
69.30.198.242 - - [31/Dec/2015:02:38:52 +0800] "GET /musicians-27614 HTTP/1.0" 200 23381 "-" "Mozilla/5.0 (compatible; MJ12bot/v1.4.5; http://www.majestic12.co.uk/bot.php?+)"
69.30.198.242 - - [31/Dec/2015:02:39:02 +0800] "GET /musicians-27614/shows?page=3 HTTP/1.0" 200 17944 "-" "Mozilla/5.0 (compatible; MJ12bot/v1.4.5; http://www.majestic12.co.uk/bot.php?+)"
69.30.198.242 - - [31/Dec/2015:02:39:06 +0800] "GET /musicians-27616 HTTP/1.0" 200 12850 "-" "Mozilla/5.0 (compatible; MJ12bot/v1.4.5; http://www.majestic12.co.uk/bot.php?+)"
101.226.73.30 - - [31/Dec/2015:02:39:11 +0800] "GET / HTTP/1.1" 301 182 "-" "DNSPod-Monitor/2.0"
69.30.198.242 - - [31/Dec/2015:02:39:14 +0800] "GET /musicians-27616/news HTTP/1.0" 200 12875 "-" "Mozilla/5.0 (compatible; MJ12bot/v1.4.5; http://www.majestic12.co.uk/bot.php?+)"
69.30.198.242 - - [31/Dec/2015:02:39:20 +0800] "GET /musicians-27616/shows?page=0 HTTP/1.0" 200 16371 "-" "Mozilla/5.0 (compatible; MJ12bot/v1.4.5; http://www.majestic12.co.uk/bot.php?+)"
69.30.198.242 - - [31/Dec/2015:02:39:23 +0800] "GET /musicians-27618/shows HTTP/1.0" 200 19550 "-" "Mozilla/5.0 (compatible; MJ12bot/v1.4.5; http://www.majestic12.co.uk/bot.php?+)"
182.118.25.233 - - [31/Dec/2015:02:39:24 +0800] "GET /show/19416 HTTP/1.1" 200 25395 "https://youyanchu.com/show/19416" "Mozilla/5.0 (compatible; MSIE 9.0; Windows NT 6.1; Trident/5.0); 360Spider(compatible; HaosouSpider; http://www.haosou.com/help/help_3_2.html)"
69.30.198.242 - - [31/Dec/2015:02:39:31 +0800] "GET /musicians-27627 HTTP/1.0" 200 12871 "-" "Mozilla/5.0 (compatible; MJ12bot/v1.4.5; http://www.majestic12.co.uk/bot.php?+)"
123.125.71.75 - - [31/Dec/2015:02:39:33 +0800] "GET /?begin_date=2013-06-29&end_date=2013-12-29%3Fpage%3D1%3Fpage%3D1&page=10/*&%5E%25$ HTTP/1.1" 200 40510 "-" "Mozilla/5.0 (compatible; Baiduspider/2.0; +http://www.baidu.com/search/spider.html)"
69.30.198.242 - - [31/Dec/2015:02:39:36 +0800] "GET /musicians-27627/news HTTP/1.0" 200 12896 "-" "Mozilla/5.0 (compatible; MJ12bot/v1.4.5; http://www.majestic12.co.uk/bot.php?+)"
101.226.167.250 - - [31/Dec/2015:02:39:38 +0800] "GET /show/18489 HTTP/1.1" 200 29155 "https://youyanchu.com/show/18489" "Mozilla/5.0 (Windows NT 6.1) AppleWebKit/537.1 (KHTML, like Gecko) Chrome/21.0.1180.89 Safari/537.1; 360Spider(compatible; HaosouSpider; http://www.haosou.com/help/help_3_2.html)"
69.30.198.242 - - [31/Dec/2015:02:39:42 +0800] "GET /musicians-27627/shows?page=0 HTTP/1.0" 200 23594 "-" "Mozilla/5.0 (compatible; MJ12bot/v1.4.5; http://www.majestic12.co.uk/bot.php?+)"
207.46.13.187 - - [31/Dec/2015:02:39:45 +0800] "GET /robots.txt HTTP/1.1" 404 834 "-" "Mozilla/5.0 (compatible; bingbot/2.0; +http://www.bing.com/bingbot.htm)"
182.118.25.212 - - [31/Dec/2015:02:39:46 +0800] "GET /show/19648 HTTP/1.1" 200 38394 "https://youyanchu.com/show/19648" "Mozilla/5.0 (compatible; MSIE 9.0; Windows NT 6.1; Trident/5.0); 360Spider(compatible; HaosouSpider; http://www.haosou.com/help/help_3_2.html)"
69.30.198.242 - - [31/Dec/2015:02:39:47 +0800] "GET /musicians-27627/shows?page=2 HTTP/1.0" 200 14687 "-" "Mozilla/5.0 (compatible; MJ12bot/v1.4.5; http://www.majestic12.co.uk/bot.php?+)"
207.46.13.187 - - [31/Dec/2015:02:39:51 +0800] "GET /show/1754 HTTP/1.1" 200 19670 "-" "Mozilla/5.0 (compatible; bingbot/2.0; +http://www.bing.com/bingbot.htm)"
101.226.168.207 - - [31/Dec/2015:02:39:52 +0800] "GET /show/19779 HTTP/1.1" 200 30643 "https://youyanchu.com/show/19779" "Mozilla/5.0 (Windows NT 6.1) AppleWebKit/537.1 (KHTML, like Gecko) Chrome/21.0.1180.89 Safari/537.1; 360Spider(compatible; HaosouSpider; http://www.haosou.com/help/help_3_2.html)"
69.30.198.242 - - [31/Dec/2015:02:39:52 +0800] "GET /musicians-27629 HTTP/1.0" 200 12815 "-" "Mozilla/5.0 (compatible; MJ12bot/v1.4.5; http://www.majestic12.co.uk/bot.php?+)"
112.90.82.164 - - [31/Dec/2015:02:39:55 +0800] "GET / HTTP/1.1" 301 182 "-" "DNSPod-Monitor/2.0"
69.30.198.242 - - [31/Dec/2015:02:39:59 +0800] "GET /musicians-27629/news HTTP/1.0" 200 12813 "-" "Mozilla/5.0 (compatible; MJ12bot/v1.4.5; http://www.majestic12.co.uk/bot.php?+)"
69.30.198.242 - - [31/Dec/2015:02:40:04 +0800] "GET /musicians-27629/shows HTTP/1.0" 200 14434 "-" "Mozilla/5.0 (compatible; MJ12bot/v1.4.5; http://www.majestic12.co.uk/bot.php?+)"
69.30.198.242 - - [31/Dec/2015:02:40:08 +0800] "GET /musicians-27629/shows?page=0 HTTP/1.0" 200 14434 "-" "Mozilla/5.0 (compatible; MJ12bot/v1.4.5; http://www.majestic12.co.uk/bot.php?+)"
69.30.198.242 - - [31/Dec/2015:02:40:15 +0800] "GET /musicians-2763/shows HTTP/1.0" 200 14419 "-" "Mozilla/5.0 (compatible; MJ12bot/v1.4.5; http://www.majestic12.co.uk/bot.php?+)"
69.30.198.242 - - [31/Dec/2015:02:40:18 +0800] "GET /musicians-27640 HTTP/1.0" 200 12862 "-" "Mozilla/5.0 (compatible; MJ12bot/v1.4.5; http://www.majestic12.co.uk/bot.php?+)"
69.30.198.242 - - [31/Dec/2015:02:40:24 +0800] "GET /musicians-27640/news HTTP/1.0" 200 12887 "-" "Mozilla/5.0 (compatible; MJ12bot/v1.4.5; http://www.majestic12.co.uk/bot.php?+)"
69.30.198.242 - - [31/Dec/2015:02:40:27 +0800] "GET /musicians-27640/shows?page=0 HTTP/1.0" 200 14477 "-" "Mozilla/5.0 (compatible; MJ12bot/v1.4.5; http://www.majestic12.co.uk/bot.php?+)"
69.30.198.242 - - [31/Dec/2015:02:40:34 +0800] "GET /musicians-27641 HTTP/1.0" 200 12874 "-" "Mozilla/5.0 (compatible; MJ12bot/v1.4.5; http://www.majestic12.co.uk/bot.php?+)"
69.30.198.242 - - [31/Dec/2015:02:40:42 +0800] "GET /musicians-27641/news HTTP/1.0" 200 12872 "-" "Mozilla/5.0 (compatible; MJ12bot/v1.4.5; http://www.majestic12.co.uk/bot.php?+)"
69.30.198.242 - - [31/Dec/2015:02:40:45 +0800] "GET /musicians-27641/shows?page=0 HTTP/1.0" 200 15459 "-" "Mozilla/5.0 (compatible; MJ12bot/v1.4.5; http://www.majestic12.co.uk/bot.php?+)"
69.30.198.242 - - [31/Dec/2015:02:40:48 +0800] "GET /musicians-27645 HTTP/1.0" 200 18081 "-" "Mozilla/5.0 (compatible; MJ12bot/v1.4.5; http://www.majestic12.co.uk/bot.php?+)"
69.30.198.242 - - [31/Dec/2015:02:40:55 +0800] "GET /musicians-27645/news HTTP/1.0" 200 13755 "-" "Mozilla/5.0 (compatible; MJ12bot/v1.4.5; http://www.majestic12.co.uk/bot.php?+)"
123.125.71.108 - - [31/Dec/2015:02:41:01 +0800] "GET /musicians/27274?page=2 HTTP/1.1" 301 63 "-" "Mozilla/5.0 (compatible; Baiduspider/2.0; +http://www.baidu.com/search/spider.html)"
123.125.71.114 - - [31/Dec/2015:02:41:01 +0800] "GET /musicians-27274/shows?page=2 HTTP/1.1" 200 26624 "-" "Mozilla/5.0 (compatible; Baiduspider/2.0; +http://www.baidu.com/search/spider.html)"
69.30.198.242 - - [31/Dec/2015:02:41:02 +0800] "GET /musicians-27645/shows?page=0 HTTP/1.0" 200 24731 "-" "Mozilla/5.0 (compatible; MJ12bot/v1.4.5; http://www.majestic12.co.uk/bot.php?+)"
69.30.198.242 - - [31/Dec/2015:02:41:07 +0800] "GET /musicians-27662 HTTP/1.0" 200 12868 "-" "Mozilla/5.0 (compatible; MJ12bot/v1.4.5; http://www.majestic12.co.uk/bot.php?+)"
182.118.22.207 - - [31/Dec/2015:02:41:13 +0800] "GET /show/19790 HTTP/1.1" 200 59290 "https://youyanchu.com/show/19790" "Mozilla/5.0 (compatible; MSIE 9.0; Windows NT 6.1; Trident/5.0); 360Spider(compatible; HaosouSpider; http://www.haosou.com/help/help_3_2.html)"
69.30.198.242 - - [31/Dec/2015:02:41:15 +0800] "GET /musicians-27662/news HTTP/1.0" 200 12893 "-" "Mozilla/5.0 (compatible; MJ12bot/v1.4.5; http://www.majestic12.co.uk/bot.php?+)"
69.30.198.242 - - [31/Dec/2015:02:41:24 +0800] "GET /musicians-27662/shows?page=0 HTTP/1.0" 200 23652 "-" "Mozilla/5.0 (compatible; MJ12bot/v1.4.5; http://www.majestic12.co.uk/bot.php?+)"
183.195.233.188 - - [31/Dec/2015:02:41:28 +0800] "GET / HTTP/1.1" 301 182 "-" "DNSPod-Monitor/2.0"
69.30.198.242 - - [31/Dec/2015:02:41:28 +0800] "GET /musicians-27662/shows?page=2 HTTP/1.0" 200 15620 "-" "Mozilla/5.0 (compatible; MJ12bot/v1.4.5; http://www.majestic12.co.uk/bot.php?+)"
182.118.25.216 - - [31/Dec/2015:02:41:36 +0800] "GET /show/19650 HTTP/1.1" 200 48215 "https://youyanchu.com/show/19650" "Mozilla/5.0 (compatible; MSIE 9.0; Windows NT 6.1; Trident/5.0); 360Spider(compatible; HaosouSpider; http://www.haosou.com/help/help_3_2.html)"
69.30.198.242 - - [31/Dec/2015:02:41:36 +0800] "GET /musicians-27668/shows?page=0 HTTP/1.0" 200 16437 "-" "Mozilla/5.0 (compatible; MJ12bot/v1.4.5; http://www.majestic12.co.uk/bot.php?+)"
69.30.198.242 - - [31/Dec/2015:02:41:41 +0800] "GET /musicians-27718/shows HTTP/1.0" 200 18970 "-" "Mozilla/5.0 (compatible; MJ12bot/v1.4.5; http://www.majestic12.co.uk/bot.php?+)"
69.30.198.242 - - [31/Dec/2015:02:41:48 +0800] "GET /musicians-27718/shows?page=0 HTTP/1.0" 200 18970 "-" "Mozilla/5.0 (compatible; MJ12bot/v1.4.5; http://www.majestic12.co.uk/bot.php?+)"
69.30.198.242 - - [31/Dec/2015:02:41:54 +0800] "GET /musicians-27720/shows HTTP/1.0" 200 16546 "-" "Mozilla/5.0 (compatible; MJ12bot/v1.4.5; http://www.majestic12.co.uk/bot.php?+)"
69.30.198.242 - - [31/Dec/2015:02:42:00 +0800] "GET /musicians-27721/shows HTTP/1.0" 200 17510 "-" "Mozilla/5.0 (compatible; MJ12bot/v1.4.5; http://www.majestic12.co.uk/bot.php?+)"
69.30.198.242 - - [31/Dec/2015:02:42:05 +0800] "GET /musicians-27724 HTTP/1.0" 200 12818 "-" "Mozilla/5.0 (compatible; MJ12bot/v1.4.5; http://www.majestic12.co.uk/bot.php?+)"
180.153.81.158 - - [31/Dec/2015:02:42:11 +0800] "GET / HTTP/1.1" 301 182 "-" "DNSPod-Monitor/2.0"
69.30.198.242 - - [31/Dec/2015:02:42:12 +0800] "GET /musicians-27730/news HTTP/1.0" 200 12875 "-" "Mozilla/5.0 (compatible; MJ12bot/v1.4.5; http://www.majestic12.co.uk/bot.php?+)"
69.30.198.242 - - [31/Dec/2015:02:42:24 +0800] "GET /musicians-2774 HTTP/1.0" 200 12852 "-" "Mozilla/5.0 (compatible; MJ12bot/v1.4.5; http://www.majestic12.co.uk/bot.php?+)"
69.30.198.242 - - [31/Dec/2015:02:42:30 +0800] "GET /musicians-2774/news HTTP/1.0" 200 12850 "-" "Mozilla/5.0 (compatible; MJ12bot/v1.4.5; http://www.majestic12.co.uk/bot.php?+)"
220.181.108.102 - - [31/Dec/2015:02:42:31 +0800] "GET /show/4766 HTTP/1.1" 200 26849 "-" "Mozilla/5.0 (compatible; Baiduspider/2.0; +http://www.baidu.com/search/spider.html)"
69.30.198.242 - - [31/Dec/2015:02:42:32 +0800] "GET /musicians-2779/shows HTTP/1.0" 200 18947 "-" "Mozilla/5.0 (compatible; MJ12bot/v1.4.5; http://www.majestic12.co.uk/bot.php?+)"
69.30.198.242 - - [31/Dec/2015:02:42:37 +0800] "GET /musicians-27836 HTTP/1.0" 200 12847 "-" "Mozilla/5.0 (compatible; MJ12bot/v1.4.5; http://www.majestic12.co.uk/bot.php?+)"
69.30.198.242 - - [31/Dec/2015:02:42:44 +0800] "GET /musicians-27845/news HTTP/1.0" 200 12893 "-" "Mozilla/5.0 (compatible; MJ12bot/v1.4.5; http://www.majestic12.co.uk/bot.php?+)"
69.30.198.242 - - [31/Dec/2015:02:42:49 +0800] "GET /musicians-27870 HTTP/1.0" 200 16393 "-" "Mozilla/5.0 (compatible; MJ12bot/v1.4.5; http://www.majestic12.co.uk/bot.php?+)"
101.226.169.202 - - [31/Dec/2015:02:42:49 +0800] "GET /show/17801 HTTP/1.1" 200 32606 "https://youyanchu.com/show/17801" "Mozilla/5.0 (Windows NT 6.1) AppleWebKit/537.1 (KHTML, like Gecko) Chrome/21.0.1180.89 Safari/537.1; 360Spider(compatible; HaosouSpider; http://www.haosou.com/help/help_3_2.html)"
69.30.198.242 - - [31/Dec/2015:02:42:53 +0800] "GET /musicians-27870/news HTTP/1.0" 200 14038 "-" "Mozilla/5.0 (compatible; MJ12bot/v1.4.5; http://www.majestic12.co.uk/bot.php?+)"
112.90.141.121 - - [31/Dec/2015:02:42:55 +0800] "GET / HTTP/1.1" 301 182 "-" "DNSPod-Monitor/2.0"
69.30.198.242 - - [31/Dec/2015:02:42:57 +0800] "GET /musicians-27870/shows HTTP/1.0" 200 19664 "-" "Mozilla/5.0 (compatible; MJ12bot/v1.4.5; http://www.majestic12.co.uk/bot.php?+)"
69.30.198.242 - - [31/Dec/2015:02:42:58 +0800] "GET /robots.txt HTTP/1.0" 404 834 "-" "Mozilla/5.0 (compatible; MJ12bot/v1.4.5; http://www.majestic12.co.uk/bot.php?+)"
69.30.198.242 - - [31/Dec/2015:02:43:01 +0800] "GET /musicians-27870/shows?page=0 HTTP/1.0" 200 19664 "-" "Mozilla/5.0 (compatible; MJ12bot/v1.4.5; http://www.majestic12.co.uk/bot.php?+)"
69.30.198.242 - - [31/Dec/2015:02:43:05 +0800] "GET /musicians-27871/shows HTTP/1.0" 200 15433 "-" "Mozilla/5.0 (compatible; MJ12bot/v1.4.5; http://www.majestic12.co.uk/bot.php?+)"
69.30.198.242 - - [31/Dec/2015:02:43:09 +0800] "GET /musicians-27883/news HTTP/1.0" 200 12881 "-" "Mozilla/5.0 (compatible; MJ12bot/v1.4.5; http://www.majestic12.co.uk/bot.php?+)"
69.30.198.242 - - [31/Dec/2015:02:43:13 +0800] "GET /musicians-27886 HTTP/1.0" 200 12859 "-" "Mozilla/5.0 (compatible; MJ12bot/v1.4.5; http://www.majestic12.co.uk/bot.php?+)"
69.30.198.242 - - [31/Dec/2015:02:43:16 +0800] "GET /musicians-27886/news HTTP/1.0" 200 12884 "-" "Mozilla/5.0 (compatible; MJ12bot/v1.4.5; http://www.majestic12.co.uk/bot.php?+)"
69.30.198.242 - - [31/Dec/2015:02:43:21 +0800] "GET /musicians-27886/shows?page=0 HTTP/1.0" 200 19547 "-" "Mozilla/5.0 (compatible; MJ12bot/v1.4.5; http://www.majestic12.co.uk/bot.php?+)"
69.30.198.242 - - [31/Dec/2015:02:43:25 +0800] "GET /musicians-27908/shows HTTP/1.0" 200 15422 "-" "Mozilla/5.0 (compatible; MJ12bot/v1.4.5; http://www.majestic12.co.uk/bot.php?+)"
69.30.198.242 - - [31/Dec/2015:02:43:31 +0800] "GET /musicians-27923/news HTTP/1.0" 200 12914 "-" "Mozilla/5.0 (compatible; MJ12bot/v1.4.5; http://www.majestic12.co.uk/bot.php?+)"
69.30.198.242 - - [31/Dec/2015:02:43:35 +0800] "GET /musicians-27923/shows?page=0 HTTP/1.0" 200 17542 "-" "Mozilla/5.0 (compatible; MJ12bot/v1.4.5; http://www.majestic12.co.uk/bot.php?+)"
69.30.198.242 - - [31/Dec/2015:02:43:38 +0800] "GET /musicians-27925 HTTP/1.0" 200 12895 "-" "Mozilla/5.0 (compatible; MJ12bot/v1.4.5; http://www.majestic12.co.uk/bot.php?+)"
69.30.198.242 - - [31/Dec/2015:02:43:45 +0800] "GET /musicians-27925/news HTTP/1.0" 200 12920 "-" "Mozilla/5.0 (compatible; MJ12bot/v1.4.5; http://www.majestic12.co.uk/bot.php?+)"
69.30.198.242 - - [31/Dec/2015:02:43:49 +0800] "GET /musicians-27925/shows?page=0 HTTP/1.0" 200 17508 "-" "Mozilla/5.0 (compatible; MJ12bot/v1.4.5; http://www.majestic12.co.uk/bot.php?+)"
182.118.20.165 - - [31/Dec/2015:02:43:54 +0800] "GET /show/19314 HTTP/1.1" 200 46205 "https://youyanchu.com/show/19314" "Mozilla/5.0 (compatible; MSIE 9.0; Windows NT 6.1; Trident/5.0); 360Spider(compatible; HaosouSpider; http://www.haosou.com/help/help_3_2.html)"
69.30.198.242 - - [31/Dec/2015:02:43:54 +0800] "GET /musicians-27926 HTTP/1.0" 200 12862 "-" "Mozilla/5.0 (compatible; MJ12bot/v1.4.5; http://www.majestic12.co.uk/bot.php?+)"
123.125.71.116 - - [31/Dec/2015:02:44:01 +0800] "GET / HTTP/1.1" 200 40510 "-" "Mozilla/5.0 (compatible; Baiduspider/2.0; +http://www.baidu.com/search/spider.html)"
69.30.198.242 - - [31/Dec/2015:02:44:01 +0800] "GET /musicians-27926/news HTTP/1.0" 200 12887 "-" "Mozilla/5.0 (compatible; MJ12bot/v1.4.5; http://www.majestic12.co.uk/bot.php?+)"
69.30.198.242 - - [31/Dec/2015:02:44:08 +0800] "GET /musicians-27926/shows HTTP/1.0" 200 16466 "-" "Mozilla/5.0 (compatible; MJ12bot/v1.4.5; http://www.majestic12.co.uk/bot.php?+)"
69.30.198.242 - - [31/Dec/2015:02:44:13 +0800] "GET /musicians-27926/shows?page=0 HTTP/1.0" 200 16466 "-" "Mozilla/5.0 (compatible; MJ12bot/v1.4.5; http://www.majestic12.co.uk/bot.php?+)"
101.226.168.208 - - [31/Dec/2015:02:44:16 +0800] "GET /show/19822 HTTP/1.1" 200 21411 "https://youyanchu.com/show/19822" "Mozilla/5.0 (Windows NT 6.1) AppleWebKit/537.1 (KHTML, like Gecko) Chrome/21.0.1180.89 Safari/537.1; 360Spider(compatible; HaosouSpider; http://www.haosou.com/help/help_3_2.html)"
69.30.198.242 - - [31/Dec/2015:02:44:18 +0800] "GET /musicians-27927/shows HTTP/1.0" 200 14450 "-" "Mozilla/5.0 (compatible; MJ12bot/v1.4.5; http://www.majestic12.co.uk/bot.php?+)"
101.226.166.242 - - [31/Dec/2015:02:44:19 +0800] "GET /show/19254 HTTP/1.1" 200 33282 "https://youyanchu.com/show/19254" "Mozilla/5.0 (Windows NT 6.1) AppleWebKit/537.1 (KHTML, like Gecko) Chrome/21.0.1180.89 Safari/537.1; 360Spider(compatible; HaosouSpider; http://www.haosou.com/help/help_3_2.html)"
101.226.166.239 - - [31/Dec/2015:02:44:19 +0800] "GET /show/19184 HTTP/1.1" 200 36016 "https://youyanchu.com/show/19184" "Mozilla/5.0 (Windows NT 6.1) AppleWebKit/537.1 (KHTML, like Gecko) Chrome/21.0.1180.89 Safari/537.1; 360Spider(compatible; HaosouSpider; http://www.haosou.com/help/help_3_2.html)"
69.30.198.242 - - [31/Dec/2015:02:44:22 +0800] "GET /musicians-27929/shows HTTP/1.0" 200 15472 "-" "Mozilla/5.0 (compatible; MJ12bot/v1.4.5; http://www.majestic12.co.uk/bot.php?+)"
183.195.233.188 - - [31/Dec/2015:02:44:27 +0800] "GET / HTTP/1.1" 301 182 "-" "DNSPod-Monitor/2.0"
69.30.198.242 - - [31/Dec/2015:02:44:29 +0800] "GET /musicians-27955 HTTP/1.0" 200 12827 "-" "Mozilla/5.0 (compatible; MJ12bot/v1.4.5; http://www.majestic12.co.uk/bot.php?+)"
61.150.91.224 - - [31/Dec/2015:02:44:33 +0800] "GET / HTTP/1.1" 301 182 "-" "Mozilla/5.0 (Macintosh; Intel Mac OS X 10_10_3) AppleWebKit/537.36 (KHTML, like Gecko) Chrome/43.0.2357.130 Safari/537.36 JianKongBao Monitor 1.1"
183.131.79.181 - - [31/Dec/2015:02:44:34 +0800] "GET / HTTP/1.1" 301 182 "-" "Mozilla/5.0 (Macintosh; Intel Mac OS X 10_10_3) AppleWebKit/537.36 (KHTML, like Gecko) Chrome/43.0.2357.130 Safari/537.36 JianKongBao Monitor 1.1"
69.30.198.242 - - [31/Dec/2015:02:44:36 +0800] "GET /musicians-27955/news HTTP/1.0" 200 12852 "-" "Mozilla/5.0 (compatible; MJ12bot/v1.4.5; http://www.majestic12.co.uk/bot.php?+)"
69.30.198.242 - - [31/Dec/2015:02:44:44 +0800] "GET /musicians-27955/shows?page=0 HTTP/1.0" 200 14401 "-" "Mozilla/5.0 (compatible; MJ12bot/v1.4.5; http://www.majestic12.co.uk/bot.php?+)"
182.118.25.213 - - [31/Dec/2015:02:44:44 +0800] "GET /show/19800 HTTP/1.1" 200 44071 "https://youyanchu.com/show/19800" "Mozilla/5.0 (compatible; MSIE 9.0; Windows NT 6.1; Trident/5.0); 360Spider(compatible; HaosouSpider; http://www.haosou.com/help/help_3_2.html)"
69.30.198.242 - - [31/Dec/2015:02:44:47 +0800] "GET /musicians-27957 HTTP/1.0" 200 12901 "-" "Mozilla/5.0 (compatible; MJ12bot/v1.4.5; http://www.majestic12.co.uk/bot.php?+)"
69.30.198.242 - - [31/Dec/2015:02:44:54 +0800] "GET /musicians-27957/news HTTP/1.0" 200 12926 "-" "Mozilla/5.0 (compatible; MJ12bot/v1.4.5; http://www.majestic12.co.uk/bot.php?+)"
180.153.81.158 - - [31/Dec/2015:02:45:11 +0800] "GET / HTTP/1.1" 301 182 "-" "DNSPod-Monitor/2.0"
69.30.198.242 - - [31/Dec/2015:02:45:26 +0800] "GET /musicians-27957/shows HTTP/1.0" 200 19502 "-" "Mozilla/5.0 (compatible; MJ12bot/v1.4.5; http://www.majestic12.co.uk/bot.php?+)"
123.125.71.80 - - [31/Dec/2015:02:45:30 +0800] "GET /musicians/24374 HTTP/1.1" 301 56 "-" "Mozilla/5.0 (compatible; Baiduspider/2.0; +http://www.baidu.com/search/spider.html)"
123.125.71.84 - - [31/Dec/2015:02:45:30 +0800] "GET /musicians-24374/shows HTTP/1.1" 200 13881 "-" "Mozilla/5.0 (compatible; Baiduspider/2.0; +http://www.baidu.com/search/spider.html)"
69.30.198.242 - - [31/Dec/2015:02:45:32 +0800] "GET /musicians-27957/shows?page=0 HTTP/1.0" 200 19502 "-" "Mozilla/5.0 (compatible; MJ12bot/v1.4.5; http://www.majestic12.co.uk/bot.php?+)"
69.30.198.242 - - [31/Dec/2015:02:45:40 +0800] "GET /musicians-27963 HTTP/1.0" 200 12877 "-" "Mozilla/5.0 (compatible; MJ12bot/v1.4.5; http://www.majestic12.co.uk/bot.php?+)"
112.90.82.139 - - [31/Dec/2015:02:45:54 +0800] "GET / HTTP/1.1" 301 182 "-" "DNSPod-Monitor/2.0"
69.30.198.242 - - [31/Dec/2015:02:45:55 +0800] "GET /musicians-27963/news HTTP/1.0" 200 12902 "-" "Mozilla/5.0 (compatible; MJ12bot/v1.4.5; http://www.majestic12.co.uk/bot.php?+)"
69.30.198.242 - - [31/Dec/2015:02:46:02 +0800] "GET /musicians-27963/shows?page=0 HTTP/1.0" 200 16481 "-" "Mozilla/5.0 (compatible; MJ12bot/v1.4.5; http://www.majestic12.co.uk/bot.php?+)"
69.30.198.242 - - [31/Dec/2015:02:46:09 +0800] "GET /musicians-27971/shows HTTP/1.0" 200 14503 "-" "Mozilla/5.0 (compatible; MJ12bot/v1.4.5; http://www.majestic12.co.uk/bot.php?+)"
69.30.198.242 - - [31/Dec/2015:02:46:14 +0800] "GET /musicians-27975/shows HTTP/1.0" 200 16046 "-" "Mozilla/5.0 (compatible; MJ12bot/v1.4.5; http://www.majestic12.co.uk/bot.php?+)"
69.30.198.242 - - [31/Dec/2015:02:46:22 +0800] "GET /musicians-27982 HTTP/1.0" 200 13298 "-" "Mozilla/5.0 (compatible; MJ12bot/v1.4.5; http://www.majestic12.co.uk/bot.php?+)"
69.30.198.242 - - [31/Dec/2015:02:46:29 +0800] "GET /musicians-27982/news HTTP/1.0" 200 13323 "-" "Mozilla/5.0 (compatible; MJ12bot/v1.4.5; http://www.majestic12.co.uk/bot.php?+)"
182.118.20.169 - - [31/Dec/2015:02:46:33 +0800] "GET /show/19376?yyc_src=douban_ad_19376 HTTP/1.1" 200 42001 "https://youyanchu.com/show/19376?yyc_src=douban_ad_19376" "Mozilla/5.0 (compatible; MSIE 9.0; Windows NT 6.1; Trident/5.0); 360Spider(compatible; HaosouSpider; http://www.haosou.com/help/help_3_2.html)"
69.30.198.242 - - [31/Dec/2015:02:46:37 +0800] "GET /musicians-27982/shows HTTP/1.0" 200 22967 "-" "Mozilla/5.0 (compatible; MJ12bot/v1.4.5; http://www.majestic12.co.uk/bot.php?+)"
69.30.198.242 - - [31/Dec/2015:02:46:43 +0800] "GET /musicians-27982/shows?page=0 HTTP/1.0" 200 22967 "-" "Mozilla/5.0 (compatible; MJ12bot/v1.4.5; http://www.majestic12.co.uk/bot.php?+)"
69.30.198.242 - - [31/Dec/2015:02:46:46 +0800] "GET /musicians-27986/shows HTTP/1.0" 200 19659 "-" "Mozilla/5.0 (compatible; MJ12bot/v1.4.5; http://www.majestic12.co.uk/bot.php?+)"
69.30.198.242 - - [31/Dec/2015:02:46:53 +0800] "GET /musicians-28044 HTTP/1.0" 200 13128 "-" "Mozilla/5.0 (compatible; MJ12bot/v1.4.5; http://www.majestic12.co.uk/bot.php?+)"
69.30.198.242 - - [31/Dec/2015:02:46:57 +0800] "GET /musicians-28044/news HTTP/1.0" 200 13153 "-" "Mozilla/5.0 (compatible; MJ12bot/v1.4.5; http://www.majestic12.co.uk/bot.php?+)"
123.125.71.78 - - [31/Dec/2015:02:46:59 +0800] "GET /musicians/22079 HTTP/1.1" 301 56 "-" "Mozilla/5.0 (compatible; Baiduspider/2.0; +http://www.baidu.com/search/spider.html)"
69.30.198.242 - - [31/Dec/2015:02:47:00 +0800] "GET /musicians-28044/shows?page=0 HTTP/1.0" 200 18893 "-" "Mozilla/5.0 (compatible; MJ12bot/v1.4.5; http://www.majestic12.co.uk/bot.php?+)"
123.125.71.79 - - [31/Dec/2015:02:47:00 +0800] "GET /musicians-22079/shows HTTP/1.1" 200 14431 "-" "Mozilla/5.0 (compatible; Baiduspider/2.0; +http://www.baidu.com/search/spider.html)"
69.30.198.242 - - [31/Dec/2015:02:47:03 +0800] "GET /musicians-28200 HTTP/1.0" 200 12868 "-" "Mozilla/5.0 (compatible; MJ12bot/v1.4.5; http://www.majestic12.co.uk/bot.php?+)"
69.30.198.242 - - [31/Dec/2015:02:47:08 +0800] "GET /musicians-28200/news HTTP/1.0" 200 12893 "-" "Mozilla/5.0 (compatible; MJ12bot/v1.4.5; http://www.majestic12.co.uk/bot.php?+)"
182.118.21.253 - - [31/Dec/2015:02:47:10 +0800] "GET /show/19712 HTTP/1.1" 200 26582 "https://youyanchu.com/show/19712" "Mozilla/5.0 (compatible; MSIE 9.0; Windows NT 6.1; Trident/5.0); 360Spider(compatible; HaosouSpider; http://www.haosou.com/help/help_3_2.html)"
69.30.198.242 - - [31/Dec/2015:02:47:11 +0800] "GET /musicians-28200/shows?page=0 HTTP/1.0" 200 16456 "-" "Mozilla/5.0 (compatible; MJ12bot/v1.4.5; http://www.majestic12.co.uk/bot.php?+)"
69.30.198.242 - - [31/Dec/2015:02:47:16 +0800] "GET /musicians-28204 HTTP/1.0" 200 12886 "-" "Mozilla/5.0 (compatible; MJ12bot/v1.4.5; http://www.majestic12.co.uk/bot.php?+)"
69.30.198.242 - - [31/Dec/2015:02:47:21 +0800] "GET /musicians-28204/news HTTP/1.0" 200 12911 "-" "Mozilla/5.0 (compatible; MJ12bot/v1.4.5; http://www.majestic12.co.uk/bot.php?+)"
69.30.198.242 - - [31/Dec/2015:02:47:26 +0800] "GET /musicians-28204/shows?page=0 HTTP/1.0" 200 23885 "-" "Mozilla/5.0 (compatible; MJ12bot/v1.4.5; http://www.majestic12.co.uk/bot.php?+)"
183.195.233.189 - - [31/Dec/2015:02:47:28 +0800] "GET / HTTP/1.1" 301 182 "-" "DNSPod-Monitor/2.0"
69.30.198.242 - - [31/Dec/2015:02:47:31 +0800] "GET /musicians-28204/shows?page=2 HTTP/1.0" 200 17763 "-" "Mozilla/5.0 (compatible; MJ12bot/v1.4.5; http://www.majestic12.co.uk/bot.php?+)"
182.118.20.233 - - [31/Dec/2015:02:47:32 +0800] "GET /show/19253 HTTP/1.1" 200 36785 "https://youyanchu.com/show/19253" "Mozilla/5.0 (compatible; MSIE 9.0; Windows NT 6.1; Trident/5.0); 360Spider(compatible; HaosouSpider; http://www.haosou.com/help/help_3_2.html)"
69.30.198.242 - - [31/Dec/2015:02:47:33 +0800] "GET /musicians-28208/shows HTTP/1.0" 200 15526 "-" "Mozilla/5.0 (compatible; MJ12bot/v1.4.5; http://www.majestic12.co.uk/bot.php?+)"
69.30.198.242 - - [31/Dec/2015:02:47:36 +0800] "GET /musicians-28332/shows?page=0 HTTP/1.0" 200 18395 "-" "Mozilla/5.0 (compatible; MJ12bot/v1.4.5; http://www.majestic12.co.uk/bot.php?+)"
69.30.198.242 - - [31/Dec/2015:02:47:41 +0800] "GET /musicians-2842 HTTP/1.0" 200 20050 "-" "Mozilla/5.0 (compatible; MJ12bot/v1.4.5; http://www.majestic12.co.uk/bot.php?+)"
69.30.198.242 - - [31/Dec/2015:02:47:45 +0800] "GET /musicians-2842/news HTTP/1.0" 200 17142 "-" "Mozilla/5.0 (compatible; MJ12bot/v1.4.5; http://www.majestic12.co.uk/bot.php?+)"
69.30.198.242 - - [31/Dec/2015:02:47:50 +0800] "GET /musicians-2842/shows?page=0 HTTP/1.0" 200 25023 "-" "Mozilla/5.0 (compatible; MJ12bot/v1.4.5; http://www.majestic12.co.uk/bot.php?+)"
69.30.198.242 - - [31/Dec/2015:02:47:53 +0800] "GET /musicians-2842/shows?page=2 HTTP/1.0" 200 25176 "-" "Mozilla/5.0 (compatible; MJ12bot/v1.4.5; http://www.majestic12.co.uk/bot.php?+)"
69.30.198.242 - - [31/Dec/2015:02:48:01 +0800] "GET /musicians-2842/shows?page=3 HTTP/1.0" 200 25361 "-" "Mozilla/5.0 (compatible; MJ12bot/v1.4.5; http://www.majestic12.co.uk/bot.php?+)"
69.30.198.242 - - [31/Dec/2015:02:48:11 +0800] "GET /musicians-29399/shows HTTP/1.0" 200 17004 "-" "Mozilla/5.0 (compatible; MJ12bot/v1.4.5; http://www.majestic12.co.uk/bot.php?+)"
180.153.81.158 - - [31/Dec/2015:02:48:12 +0800] "GET / HTTP/1.1" 301 182 "-" "DNSPod-Monitor/2.0"
69.30.198.242 - - [31/Dec/2015:02:48:18 +0800] "GET /musicians-29403 HTTP/1.0" 200 13334 "-" "Mozilla/5.0 (compatible; MJ12bot/v1.4.5; http://www.majestic12.co.uk/bot.php?+)"
69.30.198.242 - - [31/Dec/2015:02:48:25 +0800] "GET /musicians-29403/news HTTP/1.0" 200 13332 "-" "Mozilla/5.0 (compatible; MJ12bot/v1.4.5; http://www.majestic12.co.uk/bot.php?+)"
220.181.108.113 - - [31/Dec/2015:02:48:29 +0800] "GET /show/13327 HTTP/1.1" 200 25662 "-" "Mozilla/5.0 (compatible; Baiduspider/2.0; +http://www.baidu.com/search/spider.html)"
69.30.198.242 - - [31/Dec/2015:02:48:30 +0800] "GET /musicians-29403/shows?page=0 HTTP/1.0" 200 16952 "-" "Mozilla/5.0 (compatible; MJ12bot/v1.4.5; http://www.majestic12.co.uk/bot.php?+)"
69.30.198.242 - - [31/Dec/2015:02:48:36 +0800] "GET /musicians-29408 HTTP/1.0" 200 16617 "-" "Mozilla/5.0 (compatible; MJ12bot/v1.4.5; http://www.majestic12.co.uk/bot.php?+)"
69.30.198.242 - - [31/Dec/2015:02:48:39 +0800] "GET /musicians-29408/news HTTP/1.0" 200 13713 "-" "Mozilla/5.0 (compatible; MJ12bot/v1.4.5; http://www.majestic12.co.uk/bot.php?+)"
69.30.198.242 - - [31/Dec/2015:02:48:43 +0800] "GET /musicians-29408/shows?page=0 HTTP/1.0" 200 19363 "-" "Mozilla/5.0 (compatible; MJ12bot/v1.4.5; http://www.majestic12.co.uk/bot.php?+)"
69.30.198.242 - - [31/Dec/2015:02:48:48 +0800] "GET /musicians-29414/shows?page=0 HTTP/1.0" 200 14682 "-" "Mozilla/5.0 (compatible; MJ12bot/v1.4.5; http://www.majestic12.co.uk/bot.php?+)"
69.30.198.242 - - [31/Dec/2015:02:48:51 +0800] "GET /musicians-2942 HTTP/1.0" 200 12816 "-" "Mozilla/5.0 (compatible; MJ12bot/v1.4.5; http://www.majestic12.co.uk/bot.php?+)"
112.90.82.139 - - [31/Dec/2015:02:48:55 +0800] "GET / HTTP/1.1" 301 182 "-" "DNSPod-Monitor/2.0"
69.30.198.242 - - [31/Dec/2015:02:48:56 +0800] "GET /musicians-2942/news HTTP/1.0" 200 12841 "-" "Mozilla/5.0 (compatible; MJ12bot/v1.4.5; http://www.majestic12.co.uk/bot.php?+)"
69.30.198.242 - - [31/Dec/2015:02:49:03 +0800] "GET /musicians-29420/shows HTTP/1.0" 200 17301 "-" "Mozilla/5.0 (compatible; MJ12bot/v1.4.5; http://www.majestic12.co.uk/bot.php?+)"
69.30.198.242 - - [31/Dec/2015:02:49:06 +0800] "GET /musicians-29433/news?page=0 HTTP/1.0" 200 15983 "-" "Mozilla/5.0 (compatible; MJ12bot/v1.4.5; http://www.majestic12.co.uk/bot.php?+)"
69.30.198.242 - - [31/Dec/2015:02:49:14 +0800] "GET /musicians-29433/shows?page=0 HTTP/1.0" 200 16714 "-" "Mozilla/5.0 (compatible; MJ12bot/v1.4.5; http://www.majestic12.co.uk/bot.php?+)"
69.30.198.242 - - [31/Dec/2015:02:49:16 +0800] "GET /musicians-29438 HTTP/1.0" 200 23847 "-" "Mozilla/5.0 (compatible; MJ12bot/v1.4.5; http://www.majestic12.co.uk/bot.php?+)"
69.30.198.242 - - [31/Dec/2015:02:49:21 +0800] "GET /musicians-29438/news HTTP/1.0" 200 16519 "-" "Mozilla/5.0 (compatible; MJ12bot/v1.4.5; http://www.majestic12.co.uk/bot.php?+)"
69.30.198.242 - - [31/Dec/2015:02:49:28 +0800] "GET /musicians-29452 HTTP/1.0" 200 13238 "-" "Mozilla/5.0 (compatible; MJ12bot/v1.4.5; http://www.majestic12.co.uk/bot.php?+)"
69.30.198.242 - - [31/Dec/2015:02:49:34 +0800] "GET /musicians-29452/news HTTP/1.0" 200 13290 "-" "Mozilla/5.0 (compatible; MJ12bot/v1.4.5; http://www.majestic12.co.uk/bot.php?+)"
178.154.189.13 - - [31/Dec/2015:02:49:35 +0800] "GET /show/18911/tickets/37095 HTTP/1.1" 404 834 "-" "Mozilla/5.0 (compatible; YandexBot/3.0; +http://yandex.com/bots)"
203.208.60.172 - - [31/Dec/2015:02:49:39 +0800] "GET /show/10450/tickets/17185 HTTP/1.1" 404 834 "-" "Mozilla/5.0 (iPhone; CPU iPhone OS 8_3 like Mac OS X) AppleWebKit/600.1.4 (KHTML, like Gecko) Version/8.0 Mobile/12F70 Safari/600.1.4 (compatible; Googlebot/2.1; +http://www.google.com/bot.html)"
69.30.198.242 - - [31/Dec/2015:02:49:40 +0800] "GET /musicians-29452/shows?page=0 HTTP/1.0" 200 17052 "-" "Mozilla/5.0 (compatible; MJ12bot/v1.4.5; http://www.majestic12.co.uk/bot.php?+)"
69.30.198.242 - - [31/Dec/2015:02:49:46 +0800] "GET /musicians-29458/shows HTTP/1.0" 200 15018 "-" "Mozilla/5.0 (compatible; MJ12bot/v1.4.5; http://www.majestic12.co.uk/bot.php?+)"
69.30.198.242 - - [31/Dec/2015:02:49:52 +0800] "GET /musicians-29459 HTTP/1.0" 200 23606 "-" "Mozilla/5.0 (compatible; MJ12bot/v1.4.5; http://www.majestic12.co.uk/bot.php?+)"
69.30.198.242 - - [31/Dec/2015:02:49:54 +0800] "GET /musicians-29464/shows HTTP/1.0" 200 15034 "-" "Mozilla/5.0 (compatible; MJ12bot/v1.4.5; http://www.majestic12.co.uk/bot.php?+)"
69.30.198.242 - - [31/Dec/2015:02:49:58 +0800] "GET /musicians-29472 HTTP/1.0" 200 13629 "-" "Mozilla/5.0 (compatible; MJ12bot/v1.4.5; http://www.majestic12.co.uk/bot.php?+)"
69.30.198.242 - - [31/Dec/2015:02:50:01 +0800] "GET /musicians-29472/news HTTP/1.0" 200 13654 "-" "Mozilla/5.0 (compatible; MJ12bot/v1.4.5; http://www.majestic12.co.uk/bot.php?+)"
183.131.79.181 - - [31/Dec/2015:02:50:02 +0800] "GET /show/6685 HTTP/1.1" 301 182 "-" "Mozilla/5.0 (Macintosh; Intel Mac OS X 10_10_3) AppleWebKit/537.36 (KHTML, like Gecko) Chrome/43.0.2357.130 Safari/537.36 JianKongBao Monitor 1.1"
218.61.196.123 - - [31/Dec/2015:02:50:02 +0800] "GET /show/6685 HTTP/1.1" 301 182 "-" "Mozilla/5.0 (Macintosh; Intel Mac OS X 10_10_3) AppleWebKit/537.36 (KHTML, like Gecko) Chrome/43.0.2357.130 Safari/537.36 JianKongBao Monitor 1.1"
61.150.91.224 - - [31/Dec/2015:02:50:02 +0800] "GET /show/6685 HTTP/1.1" 301 182 "-" "Mozilla/5.0 (Macintosh; Intel Mac OS X 10_10_3) AppleWebKit/537.36 (KHTML, like Gecko) Chrome/43.0.2357.130 Safari/537.36 JianKongBao Monitor 1.1"
69.30.198.242 - - [31/Dec/2015:02:50:04 +0800] "GET /musicians-29472/shows?page=0 HTTP/1.0" 200 18259 "-" "Mozilla/5.0 (compatible; MJ12bot/v1.4.5; http://www.majestic12.co.uk/bot.php?+)"
69.30.198.242 - - [31/Dec/2015:02:50:08 +0800] "GET /musicians-29473/news HTTP/1.0" 200 13613 "-" "Mozilla/5.0 (compatible; MJ12bot/v1.4.5; http://www.majestic12.co.uk/bot.php?+)"
69.30.198.242 - - [31/Dec/2015:02:50:13 +0800] "GET /musicians-29473/shows HTTP/1.0" 200 15201 "-" "Mozilla/5.0 (compatible; MJ12bot/v1.4.5; http://www.majestic12.co.uk/bot.php?+)"
69.30.198.242 - - [31/Dec/2015:02:50:18 +0800] "GET /musicians-29473/shows?page=0 HTTP/1.0" 200 15201 "-" "Mozilla/5.0 (compatible; MJ12bot/v1.4.5; http://www.majestic12.co.uk/bot.php?+)"
69.30.198.242 - - [31/Dec/2015:02:50:20 +0800] "GET /robots.txt HTTP/1.0" 404 834 "-" "Mozilla/5.0 (compatible; MJ12bot/v1.4.5; http://www.majestic12.co.uk/bot.php?+)"
69.30.198.242 - - [31/Dec/2015:02:50:23 +0800] "GET /musicians-29475/shows?page=0 HTTP/1.0" 200 15270 "-" "Mozilla/5.0 (compatible; MJ12bot/v1.4.5; http://www.majestic12.co.uk/bot.php?+)"
69.30.198.242 - - [31/Dec/2015:02:50:27 +0800] "GET /musicians-29476/shows?page=0 HTTP/1.0" 200 15625 "-" "Mozilla/5.0 (compatible; MJ12bot/v1.4.5; http://www.majestic12.co.uk/bot.php?+)"
183.195.233.189 - - [31/Dec/2015:02:50:29 +0800] "GET / HTTP/1.1" 301 182 "-" "DNSPod-Monitor/2.0"
69.30.198.242 - - [31/Dec/2015:02:50:31 +0800] "GET /musicians-29477/shows?page=0 HTTP/1.0" 200 15736 "-" "Mozilla/5.0 (compatible; MJ12bot/v1.4.5; http://www.majestic12.co.uk/bot.php?+)"
69.30.198.242 - - [31/Dec/2015:02:50:35 +0800] "GET /musicians-29478/shows?page=0 HTTP/1.0" 200 16680 "-" "Mozilla/5.0 (compatible; MJ12bot/v1.4.5; http://www.majestic12.co.uk/bot.php?+)"
69.30.198.242 - - [31/Dec/2015:02:50:37 +0800] "GET /musicians-29479/shows?page=0 HTTP/1.0" 200 15667 "-" "Mozilla/5.0 (compatible; MJ12bot/v1.4.5; http://www.majestic12.co.uk/bot.php?+)"
69.30.198.242 - - [31/Dec/2015:02:50:46 +0800] "GET /musicians-29480 HTTP/1.0" 200 21013 "-" "Mozilla/5.0 (compatible; MJ12bot/v1.4.5; http://www.majestic12.co.uk/bot.php?+)"
69.30.198.242 - - [31/Dec/2015:02:50:50 +0800] "GET /robots.txt HTTP/1.0" 404 834 "-" "Mozilla/5.0 (compatible; MJ12bot/v1.4.5; http://www.majestic12.co.uk/bot.php?+)"
69.30.198.242 - - [31/Dec/2015:02:50:57 +0800] "GET /musicians-29480/news HTTP/1.0" 200 14204 "-" "Mozilla/5.0 (compatible; MJ12bot/v1.4.5; http://www.majestic12.co.uk/bot.php?+)"
69.30.198.242 - - [31/Dec/2015:02:51:02 +0800] "GET /musicians-29480/shows?page=0 HTTP/1.0" 200 15799 "-" "Mozilla/5.0 (compatible; MJ12bot/v1.4.5; http://www.majestic12.co.uk/bot.php?+)"
69.30.198.242 - - [31/Dec/2015:02:51:07 +0800] "GET /musicians-29481 HTTP/1.0" 200 13265 "-" "Mozilla/5.0 (compatible; MJ12bot/v1.4.5; http://www.majestic12.co.uk/bot.php?+)"
69.30.198.242 - - [31/Dec/2015:02:51:12 +0800] "GET /musicians-29481/news HTTP/1.0" 200 13290 "-" "Mozilla/5.0 (compatible; MJ12bot/v1.4.5; http://www.majestic12.co.uk/bot.php?+)"
134.249.49.23 - - [31/Dec/2015:02:51:12 +0800] "GET /musicians-27527/shows/ HTTP/1.1" 301 182 "https://steelmaster.lv/" "Mozilla/4.0 (compatible; MSIE 5.5; Windows NT 5.0; T312461)"
180.153.212.45 - - [31/Dec/2015:02:51:12 +0800] "GET / HTTP/1.1" 301 182 "-" "DNSPod-Monitor/2.0"
134.249.49.23 - - [31/Dec/2015:02:51:13 +0800] "GET /musicians-27527/shows/ HTTP/1.1" 301 182 "https://steelmaster.lv/" "Mozilla/4.0 (compatible; MSIE 5.5; Windows NT 5.0; T312461)"
134.249.49.23 - - [31/Dec/2015:02:51:16 +0800] "GET /musicians-27527/shows/ HTTP/1.1" 301 182 "https://steelmaster.lv/" "Mozilla/4.0 (compatible; MSIE 5.5; Windows NT 5.0; T312461)"
69.30.198.242 - - [31/Dec/2015:02:51:16 +0800] "GET /musicians-29481/shows?page=0 HTTP/1.0" 200 14882 "-" "Mozilla/5.0 (compatible; MJ12bot/v1.4.5; http://www.majestic12.co.uk/bot.php?+)"
69.30.198.242 - - [31/Dec/2015:02:51:20 +0800] "GET /musicians-29482 HTTP/1.0" 200 13313 "-" "Mozilla/5.0 (compatible; MJ12bot/v1.4.5; http://www.majestic12.co.uk/bot.php?+)"
69.30.198.242 - - [31/Dec/2015:02:51:27 +0800] "GET /musicians-29482/news HTTP/1.0" 200 13338 "-" "Mozilla/5.0 (compatible; MJ12bot/v1.4.5; http://www.majestic12.co.uk/bot.php?+)"
123.125.71.38 - - [31/Dec/2015:02:51:28 +0800] "GET /musicians/13276 HTTP/1.1" 301 56 "-" "Mozilla/5.0 (compatible; Baiduspider/2.0; +http://www.baidu.com/search/spider.html)"
123.125.71.40 - - [31/Dec/2015:02:51:28 +0800] "GET /musicians-13276/shows HTTP/1.1" 200 13469 "-" "Mozilla/5.0 (compatible; Baiduspider/2.0; +http://www.baidu.com/search/spider.html)"
157.55.39.19 - - [31/Dec/2015:02:51:31 +0800] "GET /robots.txt HTTP/1.1" 404 834 "-" "Mozilla/5.0 (compatible; bingbot/2.0; +http://www.bing.com/bingbot.htm)"
69.30.198.242 - - [31/Dec/2015:02:51:34 +0800] "GET /musicians-29482/shows?page=0 HTTP/1.0" 200 14930 "-" "Mozilla/5.0 (compatible; MJ12bot/v1.4.5; http://www.majestic12.co.uk/bot.php?+)"
157.55.39.19 - - [31/Dec/2015:02:51:36 +0800] "GET /show/11035 HTTP/1.1" 200 58550 "-" "Mozilla/5.0 (compatible; bingbot/2.0; +http://www.bing.com/bingbot.htm)"
69.30.198.242 - - [31/Dec/2015:02:51:38 +0800] "GET /musicians-29483/shows?page=0 HTTP/1.0" 200 15589 "-" "Mozilla/5.0 (compatible; MJ12bot/v1.4.5; http://www.majestic12.co.uk/bot.php?+)"
69.30.198.242 - - [31/Dec/2015:02:51:42 +0800] "GET /musicians-29484 HTTP/1.0" 200 19355 "-" "Mozilla/5.0 (compatible; MJ12bot/v1.4.5; http://www.majestic12.co.uk/bot.php?+)"
69.30.198.242 - - [31/Dec/2015:02:51:47 +0800] "GET /musicians-29484/news HTTP/1.0" 200 14030 "-" "Mozilla/5.0 (compatible; MJ12bot/v1.4.5; http://www.majestic12.co.uk/bot.php?+)"
69.30.198.242 - - [31/Dec/2015:02:51:52 +0800] "GET /musicians-29484/shows?page=0 HTTP/1.0" 200 24786 "-" "Mozilla/5.0 (compatible; MJ12bot/v1.4.5; http://www.majestic12.co.uk/bot.php?+)"
69.30.198.242 - - [31/Dec/2015:02:51:54 +0800] "GET /musicians-29485 HTTP/1.0" 200 13265 "-" "Mozilla/5.0 (compatible; MJ12bot/v1.4.5; http://www.majestic12.co.uk/bot.php?+)"
112.90.82.164 - - [31/Dec/2015:02:51:56 +0800] "GET / HTTP/1.1" 301 182 "-" "DNSPod-Monitor/2.0"
69.30.198.242 - - [31/Dec/2015:02:51:56 +0800] "GET /musicians-29485/news HTTP/1.0" 200 13290 "-" "Mozilla/5.0 (compatible; MJ12bot/v1.4.5; http://www.majestic12.co.uk/bot.php?+)"
183.131.79.181 - - [31/Dec/2015:02:51:58 +0800] "GET /search?utf8=%E2%9C%93&city=%E5%A4%A9%E6%B4%A5&begin_date=2014-03-19&end_date=2014-06-19&q= HTTP/1.1" 301 182 "-" "Mozilla/5.0 (Macintosh; Intel Mac OS X 10_10_3) AppleWebKit/537.36 (KHTML, like Gecko) Chrome/43.0.2357.130 Safari/537.36 JianKongBao Monitor 1.1"
61.150.91.224 - - [31/Dec/2015:02:51:58 +0800] "GET /search?utf8=%E2%9C%93&city=%E5%A4%A9%E6%B4%A5&begin_date=2014-03-19&end_date=2014-06-19&q= HTTP/1.1" 301 182 "-" "Mozilla/5.0 (Macintosh; Intel Mac OS X 10_10_3) AppleWebKit/537.36 (KHTML, like Gecko) Chrome/43.0.2357.130 Safari/537.36 JianKongBao Monitor 1.1"
203.208.60.171 - - [31/Dec/2015:02:52:00 +0800] "GET /scenes/611?page=8 HTTP/1.1" 200 29354 "-" "Mozilla/5.0 (compatible; Googlebot/2.1; +http://www.google.com/bot.html)"
69.30.198.242 - - [31/Dec/2015:02:52:01 +0800] "GET /musicians-29485/shows?page=0 HTTP/1.0" 200 14882 "-" "Mozilla/5.0 (compatible; MJ12bot/v1.4.5; http://www.majestic12.co.uk/bot.php?+)"
69.30.198.242 - - [31/Dec/2015:02:52:04 +0800] "GET /musicians-29486 HTTP/1.0" 200 17931 "-" "Mozilla/5.0 (compatible; MJ12bot/v1.4.5; http://www.majestic12.co.uk/bot.php?+)"
69.30.198.242 - - [31/Dec/2015:02:52:08 +0800] "GET /musicians-29486/news HTTP/1.0" 200 14042 "-" "Mozilla/5.0 (compatible; MJ12bot/v1.4.5; http://www.majestic12.co.uk/bot.php?+)"
69.30.198.242 - - [31/Dec/2015:02:52:14 +0800] "GET /musicians-29486/shows?page=0 HTTP/1.0" 200 15637 "-" "Mozilla/5.0 (compatible; MJ12bot/v1.4.5; http://www.majestic12.co.uk/bot.php?+)"
69.30.198.242 - - [31/Dec/2015:02:52:17 +0800] "GET /musicians-29487 HTTP/1.0" 200 13265 "-" "Mozilla/5.0 (compatible; MJ12bot/v1.4.5; http://www.majestic12.co.uk/bot.php?+)"
69.30.198.242 - - [31/Dec/2015:02:52:21 +0800] "GET /musicians-29487/news HTTP/1.0" 200 13290 "-" "Mozilla/5.0 (compatible; MJ12bot/v1.4.5; http://www.majestic12.co.uk/bot.php?+)"
69.30.198.242 - - [31/Dec/2015:02:52:25 +0800] "GET /musicians-29487/shows?page=0 HTTP/1.0" 200 14882 "-" "Mozilla/5.0 (compatible; MJ12bot/v1.4.5; http://www.majestic12.co.uk/bot.php?+)"
182.118.21.243 - - [31/Dec/2015:02:52:26 +0800] "GET /show/19381 HTTP/1.1" 200 31523 "https://youyanchu.com/show/19381" "Mozilla/5.0 (compatible; MSIE 9.0; Windows NT 6.1; Trident/5.0); 360Spider(compatible; HaosouSpider; http://www.haosou.com/help/help_3_2.html)"
69.30.198.242 - - [31/Dec/2015:02:52:32 +0800] "GET /musicians-29488 HTTP/1.0" 200 13629 "-" "Mozilla/5.0 (compatible; MJ12bot/v1.4.5; http://www.majestic12.co.uk/bot.php?+)"
69.30.198.242 - - [31/Dec/2015:02:52:36 +0800] "GET /musicians-29488/news HTTP/1.0" 200 13654 "-" "Mozilla/5.0 (compatible; MJ12bot/v1.4.5; http://www.majestic12.co.uk/bot.php?+)"
69.30.198.242 - - [31/Dec/2015:02:52:41 +0800] "GET /musicians-29488/shows?page=0 HTTP/1.0" 200 17270 "-" "Mozilla/5.0 (compatible; MJ12bot/v1.4.5; http://www.majestic12.co.uk/bot.php?+)"
69.30.198.242 - - [31/Dec/2015:02:52:47 +0800] "GET /musicians-29497 HTTP/1.0" 200 13277 "-" "Mozilla/5.0 (compatible; MJ12bot/v1.4.5; http://www.majestic12.co.uk/bot.php?+)"
