37.187.137.225 - - [31/Dec/2015:07:21:13 +0800] "GET /musicians-2839/news HTTP/1.0" 200 13987 "-" "Mozilla/5.0 (compatible; MJ12bot/v1.4.5; http://www.majestic12.co.uk/bot.php?+)"
37.187.137.225 - - [31/Dec/2015:07:21:16 +0800] "GET /musicians-2839/shows?page=0 HTTP/1.0" 200 25636 "-" "Mozilla/5.0 (compatible; MJ12bot/v1.4.5; http://www.majestic12.co.uk/bot.php?+)"
37.187.137.225 - - [31/Dec/2015:07:21:19 +0800] "GET /musicians-2839/shows?page=3 HTTP/1.0" 200 25519 "-" "Mozilla/5.0 (compatible; MJ12bot/v1.4.5; http://www.majestic12.co.uk/bot.php?+)"
37.187.137.225 - - [31/Dec/2015:07:21:22 +0800] "GET /musicians-2839/shows?page=4 HTTP/1.0" 200 25567 "-" "Mozilla/5.0 (compatible; MJ12bot/v1.4.5; http://www.majestic12.co.uk/bot.php?+)"
111.13.13.73 - - [31/Dec/2015:07:21:22 +0800] "GET /?yyc_src=baidu_zhida&bd_source_light=6451104 HTTP/1.1" 301 182 "-" "Mozilla/5.0 (iphone; U; CPU iPhone OS 4_3_5 like Mac OS X; zh-cn; zhidajiankong_qp) AppleWebKit/533.17.9 (KHTML, like Gecko) Version/5.0.2 Mobile/8J2 Safari/6533.18.5"
111.13.13.72 - - [31/Dec/2015:07:21:23 +0800] "GET /?yyc_src=baidu_zhida&bd_source_light=6451104 HTTP/1.1" 301 182 "-" "Mozilla/5.0 (iphone; U; CPU iPhone OS 4_3_5 like Mac OS X; zh-cn; zhidajiankong_qp) AppleWebKit/533.17.9 (KHTML, like Gecko) Version/5.0.2 Mobile/8J2 Safari/6533.18.5"
37.187.137.225 - - [31/Dec/2015:07:21:25 +0800] "GET /musicians-2839/shows?page=5 HTTP/1.0" 200 25602 "-" "Mozilla/5.0 (compatible; MJ12bot/v1.4.5; http://www.majestic12.co.uk/bot.php?+)"
111.13.13.73 - - [31/Dec/2015:07:21:25 +0800] "GET /?yyc_src=baidu_zhida&bd_source_light=6451104 HTTP/1.1" 301 182 "-" "Mozilla/5.0 (iphone; U; CPU iPhone OS 4_3_5 like Mac OS X; zh-cn; zhidajiankong_qp) AppleWebKit/533.17.9 (KHTML, like Gecko) Version/5.0.2 Mobile/8J2 Safari/6533.18.5"
37.187.137.225 - - [31/Dec/2015:07:21:27 +0800] "GET /musicians-2839/shows?page=8 HTTP/1.0" 200 21476 "-" "Mozilla/5.0 (compatible; MJ12bot/v1.4.5; http://www.majestic12.co.uk/bot.php?+)"
37.187.137.225 - - [31/Dec/2015:07:21:30 +0800] "GET /musicians-28397 HTTP/1.0" 200 12850 "-" "Mozilla/5.0 (compatible; MJ12bot/v1.4.5; http://www.majestic12.co.uk/bot.php?+)"
37.187.137.225 - - [31/Dec/2015:07:21:32 +0800] "GET /musicians-28397/news HTTP/1.0" 200 12875 "-" "Mozilla/5.0 (compatible; MJ12bot/v1.4.5; http://www.majestic12.co.uk/bot.php?+)"
37.187.137.225 - - [31/Dec/2015:07:21:35 +0800] "GET /musicians-28397/shows?page=0 HTTP/1.0" 200 22699 "-" "Mozilla/5.0 (compatible; MJ12bot/v1.4.5; http://www.majestic12.co.uk/bot.php?+)"
37.187.137.225 - - [31/Dec/2015:07:21:38 +0800] "GET /musicians-28399/shows HTTP/1.0" 200 14561 "-" "Mozilla/5.0 (compatible; MJ12bot/v1.4.5; http://www.majestic12.co.uk/bot.php?+)"
37.187.137.225 - - [31/Dec/2015:07:21:41 +0800] "GET /musicians-2842/news-25 HTTP/1.0" 200 21268 "-" "Mozilla/5.0 (compatible; MJ12bot/v1.4.5; http://www.majestic12.co.uk/bot.php?+)"
37.187.137.225 - - [31/Dec/2015:07:21:43 +0800] "GET /musicians-2842/news-317 HTTP/1.0" 200 23271 "-" "Mozilla/5.0 (compatible; MJ12bot/v1.4.5; http://www.majestic12.co.uk/bot.php?+)"
37.187.137.225 - - [31/Dec/2015:07:21:47 +0800] "GET /musicians-2842/news?page=0 HTTP/1.0" 200 17142 "-" "Mozilla/5.0 (compatible; MJ12bot/v1.4.5; http://www.majestic12.co.uk/bot.php?+)"
37.187.137.225 - - [31/Dec/2015:07:21:50 +0800] "GET /musicians-29633/shows?page=0 HTTP/1.0" 200 16328 "-" "Mozilla/5.0 (compatible; MJ12bot/v1.4.5; http://www.majestic12.co.uk/bot.php?+)"
37.187.137.225 - - [31/Dec/2015:07:21:53 +0800] "GET /musicians-29638/news HTTP/1.0" 200 13258 "-" "Mozilla/5.0 (compatible; MJ12bot/v1.4.5; http://www.majestic12.co.uk/bot.php?+)"
180.153.212.45 - - [31/Dec/2015:07:21:53 +0800] "GET / HTTP/1.1" 301 182 "-" "DNSPod-Monitor/2.0"
37.187.137.225 - - [31/Dec/2015:07:21:55 +0800] "GET /musicians-29638/shows HTTP/1.0" 200 14815 "-" "Mozilla/5.0 (compatible; MJ12bot/v1.4.5; http://www.majestic12.co.uk/bot.php?+)"
37.187.137.225 - - [31/Dec/2015:07:21:58 +0800] "GET /musicians-29645/shows?page=0 HTTP/1.0" 200 14859 "-" "Mozilla/5.0 (compatible; MJ12bot/v1.4.5; http://www.majestic12.co.uk/bot.php?+)"
37.187.137.225 - - [31/Dec/2015:07:22:01 +0800] "GET /musicians-29646/news HTTP/1.0" 200 13293 "-" "Mozilla/5.0 (compatible; MJ12bot/v1.4.5; http://www.majestic12.co.uk/bot.php?+)"
37.187.137.225 - - [31/Dec/2015:07:22:03 +0800] "GET /musicians-29646/shows HTTP/1.0" 200 17849 "-" "Mozilla/5.0 (compatible; MJ12bot/v1.4.5; http://www.majestic12.co.uk/bot.php?+)"
37.187.137.225 - - [31/Dec/2015:07:22:06 +0800] "GET /musicians-29657 HTTP/1.0" 200 18989 "-" "Mozilla/5.0 (compatible; MJ12bot/v1.4.5; http://www.majestic12.co.uk/bot.php?+)"
37.187.137.225 - - [31/Dec/2015:07:22:09 +0800] "GET /musicians-29667/shows HTTP/1.0" 200 22806 "-" "Mozilla/5.0 (compatible; MJ12bot/v1.4.5; http://www.majestic12.co.uk/bot.php?+)"
37.187.137.225 - - [31/Dec/2015:07:22:13 +0800] "GET /musicians-29670/shows HTTP/1.0" 200 14900 "-" "Mozilla/5.0 (compatible; MJ12bot/v1.4.5; http://www.majestic12.co.uk/bot.php?+)"
37.187.137.225 - - [31/Dec/2015:07:22:15 +0800] "GET /musicians-29671/news HTTP/1.0" 200 13320 "-" "Mozilla/5.0 (compatible; MJ12bot/v1.4.5; http://www.majestic12.co.uk/bot.php?+)"
183.131.79.181 - - [31/Dec/2015:07:22:16 +0800] "GET /search?utf8=%E2%9C%93&city=%E5%A4%A9%E6%B4%A5&begin_date=2014-03-19&end_date=2014-06-19&q= HTTP/1.1" 301 182 "-" "Mozilla/5.0 (Macintosh; Intel Mac OS X 10_10_3) AppleWebKit/537.36 (KHTML, like Gecko) Chrome/43.0.2357.130 Safari/537.36 JianKongBao Monitor 1.1"
218.61.196.123 - - [31/Dec/2015:07:22:16 +0800] "GET /search?utf8=%E2%9C%93&city=%E5%A4%A9%E6%B4%A5&begin_date=2014-03-19&end_date=2014-06-19&q= HTTP/1.1" 301 182 "-" "Mozilla/5.0 (Macintosh; Intel Mac OS X 10_10_3) AppleWebKit/537.36 (KHTML, like Gecko) Chrome/43.0.2357.130 Safari/537.36 JianKongBao Monitor 1.1"
61.150.91.224 - - [31/Dec/2015:07:22:16 +0800] "GET /search?utf8=%E2%9C%93&city=%E5%A4%A9%E6%B4%A5&begin_date=2014-03-19&end_date=2014-06-19&q= HTTP/1.1" 301 182 "-" "Mozilla/5.0 (Macintosh; Intel Mac OS X 10_10_3) AppleWebKit/537.36 (KHTML, like Gecko) Chrome/43.0.2357.130 Safari/537.36 JianKongBao Monitor 1.1"
37.187.137.225 - - [31/Dec/2015:07:22:17 +0800] "GET /musicians-29671/shows HTTP/1.0" 200 14888 "-" "Mozilla/5.0 (compatible; MJ12bot/v1.4.5; http://www.majestic12.co.uk/bot.php?+)"
221.204.7.132 - - [31/Dec/2015:07:22:19 +0800] "GET /show/14036 HTTP/1.1" 301 182 "http://youyanchu.com/show/14036" "Mozilla/5.0 (Linux; U; Android 4.0.2; en-us; Galaxy Nexus Build/ICL53F) AppleWebKit/534.30 (KHTML, like Gecko) Version/4.0 Mobile Safari/534.30"
37.187.137.225 - - [31/Dec/2015:07:22:19 +0800] "GET /musicians-29672/shows HTTP/1.0" 200 14889 "-" "Mozilla/5.0 (compatible; MJ12bot/v1.4.5; http://www.majestic12.co.uk/bot.php?+)"
37.187.137.225 - - [31/Dec/2015:07:22:21 +0800] "GET /musicians-29673 HTTP/1.0" 200 13280 "-" "Mozilla/5.0 (compatible; MJ12bot/v1.4.5; http://www.majestic12.co.uk/bot.php?+)"
37.187.137.225 - - [31/Dec/2015:07:22:23 +0800] "GET /musicians-29673/news HTTP/1.0" 200 13305 "-" "Mozilla/5.0 (compatible; MJ12bot/v1.4.5; http://www.majestic12.co.uk/bot.php?+)"
37.187.137.225 - - [31/Dec/2015:07:22:26 +0800] "GET /musicians-29673/shows HTTP/1.0" 200 14868 "-" "Mozilla/5.0 (compatible; MJ12bot/v1.4.5; http://www.majestic12.co.uk/bot.php?+)"
203.208.60.175 - - [31/Dec/2015:07:22:27 +0800] "GET /musicians-5425/news HTTP/1.1" 200 12888 "-" "Mozilla/5.0 (compatible; Googlebot/2.1; +http://www.google.com/bot.html)"
37.187.137.225 - - [31/Dec/2015:07:22:28 +0800] "GET /musicians-29674/shows HTTP/1.0" 200 13874 "-" "Mozilla/5.0 (compatible; MJ12bot/v1.4.5; http://www.majestic12.co.uk/bot.php?+)"
37.187.137.225 - - [31/Dec/2015:07:22:30 +0800] "GET /musicians-29676/shows HTTP/1.0" 200 14868 "-" "Mozilla/5.0 (compatible; MJ12bot/v1.4.5; http://www.majestic12.co.uk/bot.php?+)"
37.187.137.225 - - [31/Dec/2015:07:22:32 +0800] "GET /musicians-29680/shows?page=0 HTTP/1.0" 200 15202 "-" "Mozilla/5.0 (compatible; MJ12bot/v1.4.5; http://www.majestic12.co.uk/bot.php?+)"
37.187.137.225 - - [31/Dec/2015:07:22:34 +0800] "GET /musicians-2969 HTTP/1.0" 200 12822 "-" "Mozilla/5.0 (compatible; MJ12bot/v1.4.5; http://www.majestic12.co.uk/bot.php?+)"
37.187.137.225 - - [31/Dec/2015:07:22:36 +0800] "GET /musicians-2969/news HTTP/1.0" 200 12847 "-" "Mozilla/5.0 (compatible; MJ12bot/v1.4.5; http://www.majestic12.co.uk/bot.php?+)"
112.90.82.164 - - [31/Dec/2015:07:22:36 +0800] "GET / HTTP/1.1" 301 182 "-" "DNSPod-Monitor/2.0"
37.187.137.225 - - [31/Dec/2015:07:22:39 +0800] "GET /musicians-2969/shows?page=0 HTTP/1.0" 200 14465 "-" "Mozilla/5.0 (compatible; MJ12bot/v1.4.5; http://www.majestic12.co.uk/bot.php?+)"
37.187.137.225 - - [31/Dec/2015:07:22:41 +0800] "GET /musicians-29691/shows HTTP/1.0" 200 14829 "-" "Mozilla/5.0 (compatible; MJ12bot/v1.4.5; http://www.majestic12.co.uk/bot.php?+)"
37.187.137.225 - - [31/Dec/2015:07:22:43 +0800] "GET /musicians-29696/shows HTTP/1.0" 200 14794 "-" "Mozilla/5.0 (compatible; MJ12bot/v1.4.5; http://www.majestic12.co.uk/bot.php?+)"
37.187.137.225 - - [31/Dec/2015:07:22:45 +0800] "GET /musicians-29697 HTTP/1.0" 200 13286 "-" "Mozilla/5.0 (compatible; MJ12bot/v1.4.5; http://www.majestic12.co.uk/bot.php?+)"
37.187.137.225 - - [31/Dec/2015:07:22:47 +0800] "GET /musicians-29697/news HTTP/1.0" 200 13311 "-" "Mozilla/5.0 (compatible; MJ12bot/v1.4.5; http://www.majestic12.co.uk/bot.php?+)"
37.187.137.225 - - [31/Dec/2015:07:22:49 +0800] "GET /musicians-29697/shows?page=0 HTTP/1.0" 200 14889 "-" "Mozilla/5.0 (compatible; MJ12bot/v1.4.5; http://www.majestic12.co.uk/bot.php?+)"
37.187.137.225 - - [31/Dec/2015:07:22:52 +0800] "GET /musicians-29698/shows?page=0 HTTP/1.0" 200 14807 "-" "Mozilla/5.0 (compatible; MJ12bot/v1.4.5; http://www.majestic12.co.uk/bot.php?+)"
37.187.137.225 - - [31/Dec/2015:07:22:54 +0800] "GET /musicians-29706/news HTTP/1.0" 200 13323 "-" "Mozilla/5.0 (compatible; MJ12bot/v1.4.5; http://www.majestic12.co.uk/bot.php?+)"
37.187.137.225 - - [31/Dec/2015:07:22:56 +0800] "GET /musicians-29706/shows?page=0 HTTP/1.0" 200 18892 "-" "Mozilla/5.0 (compatible; MJ12bot/v1.4.5; http://www.majestic12.co.uk/bot.php?+)"
37.187.137.225 - - [31/Dec/2015:07:22:58 +0800] "GET /musicians-29707 HTTP/1.0" 200 13289 "-" "Mozilla/5.0 (compatible; MJ12bot/v1.4.5; http://www.majestic12.co.uk/bot.php?+)"
37.187.137.225 - - [31/Dec/2015:07:23:00 +0800] "GET /musicians-29707/news HTTP/1.0" 200 13314 "-" "Mozilla/5.0 (compatible; MJ12bot/v1.4.5; http://www.majestic12.co.uk/bot.php?+)"
37.187.137.225 - - [31/Dec/2015:07:23:03 +0800] "GET /musicians-29707/shows?page=0 HTTP/1.0" 200 18880 "-" "Mozilla/5.0 (compatible; MJ12bot/v1.4.5; http://www.majestic12.co.uk/bot.php?+)"
37.187.137.225 - - [31/Dec/2015:07:23:05 +0800] "GET /musicians-2971/shows HTTP/1.0" 200 21457 "-" "Mozilla/5.0 (compatible; MJ12bot/v1.4.5; http://www.majestic12.co.uk/bot.php?+)"
37.187.137.225 - - [31/Dec/2015:07:23:07 +0800] "GET /musicians-29719/shows HTTP/1.0" 200 14932 "-" "Mozilla/5.0 (compatible; MJ12bot/v1.4.5; http://www.majestic12.co.uk/bot.php?+)"
37.187.137.225 - - [31/Dec/2015:07:23:09 +0800] "GET /musicians-29731 HTTP/1.0" 200 13340 "-" "Mozilla/5.0 (compatible; MJ12bot/v1.4.5; http://www.majestic12.co.uk/bot.php?+)"
37.187.137.225 - - [31/Dec/2015:07:23:11 +0800] "GET /musicians-29731/news HTTP/1.0" 200 13365 "-" "Mozilla/5.0 (compatible; MJ12bot/v1.4.5; http://www.majestic12.co.uk/bot.php?+)"
37.187.137.225 - - [31/Dec/2015:07:23:13 +0800] "GET /musicians-29731/shows?page=0 HTTP/1.0" 200 24218 "-" "Mozilla/5.0 (compatible; MJ12bot/v1.4.5; http://www.majestic12.co.uk/bot.php?+)"
37.187.137.225 - - [31/Dec/2015:07:23:16 +0800] "GET /musicians-29731/shows?page=2 HTTP/1.0" 200 19141 "-" "Mozilla/5.0 (compatible; MJ12bot/v1.4.5; http://www.majestic12.co.uk/bot.php?+)"
37.187.137.225 - - [31/Dec/2015:07:23:17 +0800] "GET /musicians-29733 HTTP/1.0" 200 13221 "-" "Mozilla/5.0 (compatible; MJ12bot/v1.4.5; http://www.majestic12.co.uk/bot.php?+)"
37.187.137.225 - - [31/Dec/2015:07:23:19 +0800] "GET /musicians-29733/news HTTP/1.0" 200 13219 "-" "Mozilla/5.0 (compatible; MJ12bot/v1.4.5; http://www.majestic12.co.uk/bot.php?+)"
37.187.137.225 - - [31/Dec/2015:07:23:23 +0800] "GET /musicians-29733/shows?page=0 HTTP/1.0" 200 14821 "-" "Mozilla/5.0 (compatible; MJ12bot/v1.4.5; http://www.majestic12.co.uk/bot.php?+)"
37.187.137.225 - - [31/Dec/2015:07:23:26 +0800] "GET /musicians-29769/shows HTTP/1.0" 200 14812 "-" "Mozilla/5.0 (compatible; MJ12bot/v1.4.5; http://www.majestic12.co.uk/bot.php?+)"
37.187.137.225 - - [31/Dec/2015:07:23:27 +0800] "GET /musicians-29786/shows HTTP/1.0" 200 16973 "-" "Mozilla/5.0 (compatible; MJ12bot/v1.4.5; http://www.majestic12.co.uk/bot.php?+)"
123.125.71.111 - - [31/Dec/2015:07:23:27 +0800] "GET /musicians/11488 HTTP/1.1" 301 56 "-" "Mozilla/5.0 (compatible; Baiduspider/2.0; +http://www.baidu.com/search/spider.html)"
123.125.71.113 - - [31/Dec/2015:07:23:27 +0800] "GET /musicians-11488/shows HTTP/1.1" 200 15406 "-" "Mozilla/5.0 (compatible; Baiduspider/2.0; +http://www.baidu.com/search/spider.html)"
37.187.137.225 - - [31/Dec/2015:07:23:29 +0800] "GET /musicians-29788/shows HTTP/1.0" 200 14849 "-" "Mozilla/5.0 (compatible; MJ12bot/v1.4.5; http://www.majestic12.co.uk/bot.php?+)"
37.187.137.225 - - [31/Dec/2015:07:23:32 +0800] "GET /musicians-29792/shows HTTP/1.0" 200 16931 "-" "Mozilla/5.0 (compatible; MJ12bot/v1.4.5; http://www.majestic12.co.uk/bot.php?+)"
37.187.137.225 - - [31/Dec/2015:07:23:36 +0800] "GET /musicians-29794 HTTP/1.0" 200 13294 "-" "Mozilla/5.0 (compatible; MJ12bot/v1.4.5; http://www.majestic12.co.uk/bot.php?+)"
37.187.137.225 - - [31/Dec/2015:07:23:38 +0800] "GET /musicians-29794/news HTTP/1.0" 200 13319 "-" "Mozilla/5.0 (compatible; MJ12bot/v1.4.5; http://www.majestic12.co.uk/bot.php?+)"
37.187.137.225 - - [31/Dec/2015:07:23:40 +0800] "GET /musicians-29794/shows?page=0 HTTP/1.0" 200 14882 "-" "Mozilla/5.0 (compatible; MJ12bot/v1.4.5; http://www.majestic12.co.uk/bot.php?+)"
37.187.137.225 - - [31/Dec/2015:07:23:44 +0800] "GET /musicians-29796/shows HTTP/1.0" 200 15006 "-" "Mozilla/5.0 (compatible; MJ12bot/v1.4.5; http://www.majestic12.co.uk/bot.php?+)"
37.187.137.225 - - [31/Dec/2015:07:23:45 +0800] "GET /musicians-29799/shows HTTP/1.0" 200 15790 "-" "Mozilla/5.0 (compatible; MJ12bot/v1.4.5; http://www.majestic12.co.uk/bot.php?+)"
37.187.137.225 - - [31/Dec/2015:07:23:47 +0800] "GET /musicians-29800/shows HTTP/1.0" 200 14802 "-" "Mozilla/5.0 (compatible; MJ12bot/v1.4.5; http://www.majestic12.co.uk/bot.php?+)"
37.187.137.225 - - [31/Dec/2015:07:23:50 +0800] "GET /musicians-29808/shows HTTP/1.0" 200 14817 "-" "Mozilla/5.0 (compatible; MJ12bot/v1.4.5; http://www.majestic12.co.uk/bot.php?+)"
37.187.137.225 - - [31/Dec/2015:07:23:52 +0800] "GET /musicians-29809/shows HTTP/1.0" 200 15847 "-" "Mozilla/5.0 (compatible; MJ12bot/v1.4.5; http://www.majestic12.co.uk/bot.php?+)"
37.187.137.225 - - [31/Dec/2015:07:23:56 +0800] "GET /musicians-29810/shows HTTP/1.0" 200 14825 "-" "Mozilla/5.0 (compatible; MJ12bot/v1.4.5; http://www.majestic12.co.uk/bot.php?+)"
37.187.137.225 - - [31/Dec/2015:07:23:58 +0800] "GET /musicians-29811/shows HTTP/1.0" 200 14817 "-" "Mozilla/5.0 (compatible; MJ12bot/v1.4.5; http://www.majestic12.co.uk/bot.php?+)"
37.187.137.225 - - [31/Dec/2015:07:24:00 +0800] "GET /musicians-29812/shows HTTP/1.0" 200 15816 "-" "Mozilla/5.0 (compatible; MJ12bot/v1.4.5; http://www.majestic12.co.uk/bot.php?+)"
37.187.137.225 - - [31/Dec/2015:07:24:02 +0800] "GET /musicians-29826 HTTP/1.0" 200 13263 "-" "Mozilla/5.0 (compatible; MJ12bot/v1.4.5; http://www.majestic12.co.uk/bot.php?+)"
37.187.137.225 - - [31/Dec/2015:07:24:05 +0800] "GET /musicians-29826/news HTTP/1.0" 200 13288 "-" "Mozilla/5.0 (compatible; MJ12bot/v1.4.5; http://www.majestic12.co.uk/bot.php?+)"
37.187.137.225 - - [31/Dec/2015:07:24:07 +0800] "GET /musicians-29826/shows?page=0 HTTP/1.0" 200 14892 "-" "Mozilla/5.0 (compatible; MJ12bot/v1.4.5; http://www.majestic12.co.uk/bot.php?+)"
37.187.137.225 - - [31/Dec/2015:07:24:09 +0800] "GET /musicians-29842/shows HTTP/1.0" 200 15920 "-" "Mozilla/5.0 (compatible; MJ12bot/v1.4.5; http://www.majestic12.co.uk/bot.php?+)"
183.195.233.189 - - [31/Dec/2015:07:24:10 +0800] "GET / HTTP/1.1" 301 182 "-" "DNSPod-Monitor/2.0"
203.208.60.183 - - [31/Dec/2015:07:24:12 +0800] "GET /musicians-11966/news HTTP/1.1" 200 12858 "-" "Mozilla/5.0 (compatible; Googlebot/2.1; +http://www.google.com/bot.html)"
37.187.137.225 - - [31/Dec/2015:07:24:13 +0800] "GET /musicians-29923/shows HTTP/1.0" 200 14962 "-" "Mozilla/5.0 (compatible; MJ12bot/v1.4.5; http://www.majestic12.co.uk/bot.php?+)"
37.187.137.225 - - [31/Dec/2015:07:24:15 +0800] "GET /musicians-29924/shows HTTP/1.0" 200 14954 "-" "Mozilla/5.0 (compatible; MJ12bot/v1.4.5; http://www.majestic12.co.uk/bot.php?+)"
37.187.137.225 - - [31/Dec/2015:07:24:17 +0800] "GET /musicians-29925/shows HTTP/1.0" 200 14934 "-" "Mozilla/5.0 (compatible; MJ12bot/v1.4.5; http://www.majestic12.co.uk/bot.php?+)"
37.187.137.225 - - [31/Dec/2015:07:24:20 +0800] "GET /musicians-29926/shows HTTP/1.0" 200 14962 "-" "Mozilla/5.0 (compatible; MJ12bot/v1.4.5; http://www.majestic12.co.uk/bot.php?+)"
37.187.137.225 - - [31/Dec/2015:07:24:22 +0800] "GET /musicians-29927/shows HTTP/1.0" 200 14954 "-" "Mozilla/5.0 (compatible; MJ12bot/v1.4.5; http://www.majestic12.co.uk/bot.php?+)"
37.187.137.225 - - [31/Dec/2015:07:24:24 +0800] "GET /musicians-29928/shows HTTP/1.0" 200 14938 "-" "Mozilla/5.0 (compatible; MJ12bot/v1.4.5; http://www.majestic12.co.uk/bot.php?+)"
37.187.137.225 - - [31/Dec/2015:07:24:29 +0800] "GET /musicians-29929/shows HTTP/1.0" 200 14954 "-" "Mozilla/5.0 (compatible; MJ12bot/v1.4.5; http://www.majestic12.co.uk/bot.php?+)"
37.187.137.225 - - [31/Dec/2015:07:24:33 +0800] "GET /musicians-29930/shows HTTP/1.0" 200 14938 "-" "Mozilla/5.0 (compatible; MJ12bot/v1.4.5; http://www.majestic12.co.uk/bot.php?+)"
37.187.137.225 - - [31/Dec/2015:07:24:34 +0800] "GET /musicians-29931/shows HTTP/1.0" 200 14978 "-" "Mozilla/5.0 (compatible; MJ12bot/v1.4.5; http://www.majestic12.co.uk/bot.php?+)"
37.187.137.225 - - [31/Dec/2015:07:24:37 +0800] "GET /musicians-29932/shows HTTP/1.0" 200 14938 "-" "Mozilla/5.0 (compatible; MJ12bot/v1.4.5; http://www.majestic12.co.uk/bot.php?+)"
37.187.137.225 - - [31/Dec/2015:07:24:40 +0800] "GET /musicians-29933/shows HTTP/1.0" 200 14946 "-" "Mozilla/5.0 (compatible; MJ12bot/v1.4.5; http://www.majestic12.co.uk/bot.php?+)"
37.187.137.225 - - [31/Dec/2015:07:24:45 +0800] "GET /musicians-30018/shows HTTP/1.0" 200 20327 "-" "Mozilla/5.0 (compatible; MJ12bot/v1.4.5; http://www.majestic12.co.uk/bot.php?+)"
37.187.137.225 - - [31/Dec/2015:07:24:46 +0800] "GET /musicians-30046/shows HTTP/1.0" 200 15955 "-" "Mozilla/5.0 (compatible; MJ12bot/v1.4.5; http://www.majestic12.co.uk/bot.php?+)"
37.187.137.225 - - [31/Dec/2015:07:24:48 +0800] "GET /musicians-30532/shows HTTP/1.0" 200 14824 "-" "Mozilla/5.0 (compatible; MJ12bot/v1.4.5; http://www.majestic12.co.uk/bot.php?+)"
37.187.137.225 - - [31/Dec/2015:07:24:51 +0800] "GET /musicians-30673 HTTP/1.0" 200 13286 "-" "Mozilla/5.0 (compatible; MJ12bot/v1.4.5; http://www.majestic12.co.uk/bot.php?+)"
180.153.81.158 - - [31/Dec/2015:07:24:54 +0800] "GET / HTTP/1.1" 301 182 "-" "DNSPod-Monitor/2.0"
37.187.137.225 - - [31/Dec/2015:07:24:54 +0800] "GET /musicians-30748/shows HTTP/1.0" 200 16066 "-" "Mozilla/5.0 (compatible; MJ12bot/v1.4.5; http://www.majestic12.co.uk/bot.php?+)"
37.187.137.225 - - [31/Dec/2015:07:24:56 +0800] "GET /musicians-30813/shows HTTP/1.0" 200 14874 "-" "Mozilla/5.0 (compatible; MJ12bot/v1.4.5; http://www.majestic12.co.uk/bot.php?+)"
37.187.137.225 - - [31/Dec/2015:07:25:00 +0800] "GET /musicians-30814/shows HTTP/1.0" 200 14831 "-" "Mozilla/5.0 (compatible; MJ12bot/v1.4.5; http://www.majestic12.co.uk/bot.php?+)"
37.187.137.225 - - [31/Dec/2015:07:25:05 +0800] "GET /musicians-3353/news HTTP/1.0" 200 15898 "-" "Mozilla/5.0 (compatible; MJ12bot/v1.4.5; http://www.majestic12.co.uk/bot.php?+)"
37.187.137.225 - - [31/Dec/2015:07:25:05 +0800] "GET /musicians-3353/shows HTTP/1.0" 200 25125 "-" "Mozilla/5.0 (compatible; MJ12bot/v1.4.5; http://www.majestic12.co.uk/bot.php?+)"
37.187.137.225 - - [31/Dec/2015:07:25:08 +0800] "GET /musicians-3353/shows?page=2 HTTP/1.0" 200 25066 "-" "Mozilla/5.0 (compatible; MJ12bot/v1.4.5; http://www.majestic12.co.uk/bot.php?+)"
37.187.137.225 - - [31/Dec/2015:07:25:12 +0800] "GET /musicians-3353/shows?page=3 HTTP/1.0" 200 25275 "-" "Mozilla/5.0 (compatible; MJ12bot/v1.4.5; http://www.majestic12.co.uk/bot.php?+)"
37.187.137.225 - - [31/Dec/2015:07:25:14 +0800] "GET /musicians-3353/shows?page=4 HTTP/1.0" 200 17093 "-" "Mozilla/5.0 (compatible; MJ12bot/v1.4.5; http://www.majestic12.co.uk/bot.php?+)"
37.187.137.225 - - [31/Dec/2015:07:25:16 +0800] "GET /musicians-4325/shows HTTP/1.0" 200 23734 "-" "Mozilla/5.0 (compatible; MJ12bot/v1.4.5; http://www.majestic12.co.uk/bot.php?+)"
37.187.137.225 - - [31/Dec/2015:07:25:19 +0800] "GET /musicians-4796/shows HTTP/1.0" 200 14392 "-" "Mozilla/5.0 (compatible; MJ12bot/v1.4.5; http://www.majestic12.co.uk/bot.php?+)"
37.187.137.225 - - [31/Dec/2015:07:25:21 +0800] "GET /musicians-4858 HTTP/1.0" 200 12793 "-" "Mozilla/5.0 (compatible; MJ12bot/v1.4.5; http://www.majestic12.co.uk/bot.php?+)"
37.187.137.225 - - [31/Dec/2015:07:25:24 +0800] "GET /musicians-4858/shows?page=0 HTTP/1.0" 200 17451 "-" "Mozilla/5.0 (compatible; MJ12bot/v1.4.5; http://www.majestic12.co.uk/bot.php?+)"
37.187.137.225 - - [31/Dec/2015:07:25:27 +0800] "GET /musicians-5021/shows HTTP/1.0" 200 25405 "-" "Mozilla/5.0 (compatible; MJ12bot/v1.4.5; http://www.majestic12.co.uk/bot.php?+)"
37.187.137.225 - - [31/Dec/2015:07:25:30 +0800] "GET /musicians-5204 HTTP/1.0" 200 12848 "-" "Mozilla/5.0 (compatible; MJ12bot/v1.4.5; http://www.majestic12.co.uk/bot.php?+)"
37.187.137.225 - - [31/Dec/2015:07:25:32 +0800] "GET /musicians-5204/news HTTP/1.0" 200 12873 "-" "Mozilla/5.0 (compatible; MJ12bot/v1.4.5; http://www.majestic12.co.uk/bot.php?+)"
37.187.137.225 - - [31/Dec/2015:07:25:34 +0800] "GET /musicians-5204/shows?page=0 HTTP/1.0" 200 14461 "-" "Mozilla/5.0 (compatible; MJ12bot/v1.4.5; http://www.majestic12.co.uk/bot.php?+)"
37.187.137.225 - - [31/Dec/2015:07:25:36 +0800] "GET /musicians-6422/shows HTTP/1.0" 200 20044 "-" "Mozilla/5.0 (compatible; MJ12bot/v1.4.5; http://www.majestic12.co.uk/bot.php?+)"
112.90.141.121 - - [31/Dec/2015:07:25:37 +0800] "GET / HTTP/1.1" 301 182 "-" "DNSPod-Monitor/2.0"
37.187.137.225 - - [31/Dec/2015:07:25:38 +0800] "GET /musicians-65/shows HTTP/1.0" 200 23512 "-" "Mozilla/5.0 (compatible; MJ12bot/v1.4.5; http://www.majestic12.co.uk/bot.php?+)"
37.187.137.225 - - [31/Dec/2015:07:25:41 +0800] "GET /musicians-6732/shows HTTP/1.0" 200 14646 "-" "Mozilla/5.0 (compatible; MJ12bot/v1.4.5; http://www.majestic12.co.uk/bot.php?+)"
37.187.137.225 - - [31/Dec/2015:07:25:44 +0800] "GET /musicians-6793/shows HTTP/1.0" 200 15475 "-" "Mozilla/5.0 (compatible; MJ12bot/v1.4.5; http://www.majestic12.co.uk/bot.php?+)"
123.125.71.21 - - [31/Dec/2015:07:25:44 +0800] "GET /show/9698 HTTP/1.1" 200 25399 "-" "Mozilla/5.0 (compatible; Baiduspider/2.0; +http://www.baidu.com/search/spider.html)"
37.187.137.225 - - [31/Dec/2015:07:25:46 +0800] "GET /musicians-6813/shows HTTP/1.0" 200 23824 "-" "Mozilla/5.0 (compatible; MJ12bot/v1.4.5; http://www.majestic12.co.uk/bot.php?+)"
37.187.137.225 - - [31/Dec/2015:07:25:49 +0800] "GET /musicians-6828/shows HTTP/1.0" 200 21984 "-" "Mozilla/5.0 (compatible; MJ12bot/v1.4.5; http://www.majestic12.co.uk/bot.php?+)"
37.187.137.225 - - [31/Dec/2015:07:25:52 +0800] "GET /musicians-6838/shows HTTP/1.0" 200 23617 "-" "Mozilla/5.0 (compatible; MJ12bot/v1.4.5; http://www.majestic12.co.uk/bot.php?+)"
37.187.137.225 - - [31/Dec/2015:07:25:55 +0800] "GET /musicians-6864/shows HTTP/1.0" 200 14385 "-" "Mozilla/5.0 (compatible; MJ12bot/v1.4.5; http://www.majestic12.co.uk/bot.php?+)"
203.208.60.185 - - [31/Dec/2015:07:25:57 +0800] "GET /musicians-6036/news HTTP/1.1" 200 12837 "-" "Mozilla/5.0 (compatible; Googlebot/2.1; +http://www.google.com/bot.html)"
37.187.137.225 - - [31/Dec/2015:07:25:58 +0800] "GET /musicians-6888/shows HTTP/1.0" 200 24350 "-" "Mozilla/5.0 (compatible; MJ12bot/v1.4.5; http://www.majestic12.co.uk/bot.php?+)"
37.187.137.225 - - [31/Dec/2015:07:26:01 +0800] "GET /musicians-7030/shows HTTP/1.0" 200 19559 "-" "Mozilla/5.0 (compatible; MJ12bot/v1.4.5; http://www.majestic12.co.uk/bot.php?+)"
37.187.137.225 - - [31/Dec/2015:07:26:04 +0800] "GET /musicians-7050/shows HTTP/1.0" 200 23739 "-" "Mozilla/5.0 (compatible; MJ12bot/v1.4.5; http://www.majestic12.co.uk/bot.php?+)"
37.187.137.225 - - [31/Dec/2015:07:26:07 +0800] "GET /musicians-7317/shows HTTP/1.0" 200 15485 "-" "Mozilla/5.0 (compatible; MJ12bot/v1.4.5; http://www.majestic12.co.uk/bot.php?+)"
37.187.137.225 - - [31/Dec/2015:07:26:10 +0800] "GET /musicians-7331/shows HTTP/1.0" 200 20598 "-" "Mozilla/5.0 (compatible; MJ12bot/v1.4.5; http://www.majestic12.co.uk/bot.php?+)"
37.187.137.225 - - [31/Dec/2015:07:26:12 +0800] "GET /musicians-7443/news HTTP/1.0" 200 12823 "-" "Mozilla/5.0 (compatible; MJ12bot/v1.4.5; http://www.majestic12.co.uk/bot.php?+)"
37.187.137.225 - - [31/Dec/2015:07:26:15 +0800] "GET /musicians-7443/shows HTTP/1.0" 200 23612 "-" "Mozilla/5.0 (compatible; MJ12bot/v1.4.5; http://www.majestic12.co.uk/bot.php?+)"
37.187.137.225 - - [31/Dec/2015:07:26:18 +0800] "GET /musicians-7460/shows HTTP/1.0" 200 19404 "-" "Mozilla/5.0 (compatible; MJ12bot/v1.4.5; http://www.majestic12.co.uk/bot.php?+)"
37.187.137.225 - - [31/Dec/2015:07:26:21 +0800] "GET /musicians-749/shows HTTP/1.0" 200 23570 "-" "Mozilla/5.0 (compatible; MJ12bot/v1.4.5; http://www.majestic12.co.uk/bot.php?+)"
37.187.137.225 - - [31/Dec/2015:07:26:24 +0800] "GET /musicians-7500 HTTP/1.0" 200 13288 "-" "Mozilla/5.0 (compatible; MJ12bot/v1.4.5; http://www.majestic12.co.uk/bot.php?+)"
37.187.137.225 - - [31/Dec/2015:07:26:26 +0800] "GET /musicians-7500/news HTTP/1.0" 200 13286 "-" "Mozilla/5.0 (compatible; MJ12bot/v1.4.5; http://www.majestic12.co.uk/bot.php?+)"
37.187.137.225 - - [31/Dec/2015:07:26:32 +0800] "GET /musicians-7500/shows?page=0 HTTP/1.0" 200 19225 "-" "Mozilla/5.0 (compatible; MJ12bot/v1.4.5; http://www.majestic12.co.uk/bot.php?+)"
37.187.137.225 - - [31/Dec/2015:07:26:33 +0800] "GET /musicians-7520/shows HTTP/1.0" 200 23516 "-" "Mozilla/5.0 (compatible; MJ12bot/v1.4.5; http://www.majestic12.co.uk/bot.php?+)"
37.187.137.225 - - [31/Dec/2015:07:26:35 +0800] "GET /musicians-849/shows HTTP/1.0" 200 24797 "-" "Mozilla/5.0 (compatible; MJ12bot/v1.4.5; http://www.majestic12.co.uk/bot.php?+)"
37.187.137.225 - - [31/Dec/2015:07:26:38 +0800] "GET /musicians-8604/shows HTTP/1.0" 200 14414 "-" "Mozilla/5.0 (compatible; MJ12bot/v1.4.5; http://www.majestic12.co.uk/bot.php?+)"
37.187.137.225 - - [31/Dec/2015:07:26:41 +0800] "GET /musicians-9528/shows HTTP/1.0" 200 14400 "-" "Mozilla/5.0 (compatible; MJ12bot/v1.4.5; http://www.majestic12.co.uk/bot.php?+)"
37.187.137.225 - - [31/Dec/2015:07:26:43 +0800] "GET /musicians-954/shows HTTP/1.0" 200 25029 "-" "Mozilla/5.0 (compatible; MJ12bot/v1.4.5; http://www.majestic12.co.uk/bot.php?+)"
37.187.137.225 - - [31/Dec/2015:07:26:46 +0800] "GET /musicians-956/shows HTTP/1.0" 200 23469 "-" "Mozilla/5.0 (compatible; MJ12bot/v1.4.5; http://www.majestic12.co.uk/bot.php?+)"
37.187.137.225 - - [31/Dec/2015:07:26:49 +0800] "GET /organizers/100 HTTP/1.0" 200 28669 "-" "Mozilla/5.0 (compatible; MJ12bot/v1.4.5; http://www.majestic12.co.uk/bot.php?+)"
37.187.137.225 - - [31/Dec/2015:07:26:52 +0800] "GET /organizers/114 HTTP/1.0" 200 13384 "-" "Mozilla/5.0 (compatible; MJ12bot/v1.4.5; http://www.majestic12.co.uk/bot.php?+)"
37.187.137.225 - - [31/Dec/2015:07:26:54 +0800] "GET /organizers/171 HTTP/1.0" 200 9273 "-" "Mozilla/5.0 (compatible; MJ12bot/v1.4.5; http://www.majestic12.co.uk/bot.php?+)"
37.187.137.225 - - [31/Dec/2015:07:26:57 +0800] "GET /scenes/1020 HTTP/1.0" 200 28662 "-" "Mozilla/5.0 (compatible; MJ12bot/v1.4.5; http://www.majestic12.co.uk/bot.php?+)"
37.187.137.225 - - [31/Dec/2015:07:27:03 +0800] "GET /scenes/1023 HTTP/1.0" 200 9256 "-" "Mozilla/5.0 (compatible; MJ12bot/v1.4.5; http://www.majestic12.co.uk/bot.php?+)"
37.187.137.225 - - [31/Dec/2015:07:27:05 +0800] "GET /scenes/1032 HTTP/1.0" 200 28721 "-" "Mozilla/5.0 (compatible; MJ12bot/v1.4.5; http://www.majestic12.co.uk/bot.php?+)"
37.187.137.225 - - [31/Dec/2015:07:27:08 +0800] "GET /scenes/1065 HTTP/1.0" 200 9228 "-" "Mozilla/5.0 (compatible; MJ12bot/v1.4.5; http://www.majestic12.co.uk/bot.php?+)"
37.187.137.225 - - [31/Dec/2015:07:27:10 +0800] "GET /scenes/1107 HTTP/1.0" 200 25695 "-" "Mozilla/5.0 (compatible; MJ12bot/v1.4.5; http://www.majestic12.co.uk/bot.php?+)"
120.204.200.21 - - [31/Dec/2015:07:27:11 +0800] "GET / HTTP/1.1" 301 182 "-" "DNSPod-Monitor/2.0"
37.187.137.225 - - [31/Dec/2015:07:27:13 +0800] "GET /scenes/1112 HTTP/1.0" 200 9131 "-" "Mozilla/5.0 (compatible; MJ12bot/v1.4.5; http://www.majestic12.co.uk/bot.php?+)"
37.187.137.225 - - [31/Dec/2015:07:27:15 +0800] "GET /scenes/1113 HTTP/1.0" 200 9147 "-" "Mozilla/5.0 (compatible; MJ12bot/v1.4.5; http://www.majestic12.co.uk/bot.php?+)"
37.187.137.225 - - [31/Dec/2015:07:27:18 +0800] "GET /scenes/1136 HTTP/1.0" 200 10255 "-" "Mozilla/5.0 (compatible; MJ12bot/v1.4.5; http://www.majestic12.co.uk/bot.php?+)"
180.97.35.149 - - [31/Dec/2015:07:27:19 +0800] "GET /?yyc_src=baidu_zhida&bd_source_light=6451104 HTTP/1.1" 301 182 "-" "Mozilla/5.0 (Linux; U; Android 4.3; en-us; SM-N900T Build/JSS15J) AppleWebKit/534.30 (KHTML, like Gecko) Version/4.0 Mobile Safari/534.30"
37.187.137.225 - - [31/Dec/2015:07:27:21 +0800] "GET /scenes/121 HTTP/1.0" 200 28991 "-" "Mozilla/5.0 (compatible; MJ12bot/v1.4.5; http://www.majestic12.co.uk/bot.php?+)"
37.187.137.225 - - [31/Dec/2015:07:27:23 +0800] "GET /scenes/138 HTTP/1.0" 200 28554 "-" "Mozilla/5.0 (compatible; MJ12bot/v1.4.5; http://www.majestic12.co.uk/bot.php?+)"
37.187.137.225 - - [31/Dec/2015:07:27:26 +0800] "GET /scenes/154 HTTP/1.0" 200 25082 "-" "Mozilla/5.0 (compatible; MJ12bot/v1.4.5; http://www.majestic12.co.uk/bot.php?+)"
37.187.137.225 - - [31/Dec/2015:07:27:29 +0800] "GET /scenes/167 HTTP/1.0" 200 28848 "-" "Mozilla/5.0 (compatible; MJ12bot/v1.4.5; http://www.majestic12.co.uk/bot.php?+)"
37.187.137.225 - - [31/Dec/2015:07:27:33 +0800] "GET /scenes/186 HTTP/1.0" 200 28878 "-" "Mozilla/5.0 (compatible; MJ12bot/v1.4.5; http://www.majestic12.co.uk/bot.php?+)"
37.187.137.225 - - [31/Dec/2015:07:27:35 +0800] "GET /scenes/194 HTTP/1.0" 200 18204 "-" "Mozilla/5.0 (compatible; MJ12bot/v1.4.5; http://www.majestic12.co.uk/bot.php?+)"
37.187.137.225 - - [31/Dec/2015:07:27:37 +0800] "GET /scenes/19?page=6 HTTP/1.0" 200 29512 "-" "Mozilla/5.0 (compatible; MJ12bot/v1.4.5; http://www.majestic12.co.uk/bot.php?+)"
37.187.137.225 - - [31/Dec/2015:07:27:40 +0800] "GET /scenes/213 HTTP/1.0" 200 28340 "-" "Mozilla/5.0 (compatible; MJ12bot/v1.4.5; http://www.majestic12.co.uk/bot.php?+)"
37.187.137.225 - - [31/Dec/2015:07:27:42 +0800] "GET /scenes/213?page=5 HTTP/1.0" 200 28509 "-" "Mozilla/5.0 (compatible; MJ12bot/v1.4.5; http://www.majestic12.co.uk/bot.php?+)"
203.208.60.185 - - [31/Dec/2015:07:27:43 +0800] "GET /musicians-26246/news HTTP/1.1" 200 12802 "-" "Mozilla/5.0 (compatible; Googlebot/2.1; +http://www.google.com/bot.html)"
37.187.137.225 - - [31/Dec/2015:07:27:44 +0800] "GET /scenes/219?page=3 HTTP/1.0" 200 28548 "-" "Mozilla/5.0 (compatible; MJ12bot/v1.4.5; http://www.majestic12.co.uk/bot.php?+)"
37.187.137.225 - - [31/Dec/2015:07:27:46 +0800] "GET /scenes/243?page=2 HTTP/1.0" 200 28833 "-" "Mozilla/5.0 (compatible; MJ12bot/v1.4.5; http://www.majestic12.co.uk/bot.php?+)"
37.187.137.225 - - [31/Dec/2015:07:27:49 +0800] "GET /scenes/269 HTTP/1.0" 200 29881 "-" "Mozilla/5.0 (compatible; MJ12bot/v1.4.5; http://www.majestic12.co.uk/bot.php?+)"
37.187.137.225 - - [31/Dec/2015:07:27:51 +0800] "GET /scenes/27 HTTP/1.0" 200 28465 "-" "Mozilla/5.0 (compatible; MJ12bot/v1.4.5; http://www.majestic12.co.uk/bot.php?+)"
37.187.137.225 - - [31/Dec/2015:07:27:53 +0800] "GET /scenes/274?page=3 HTTP/1.0" 200 29030 "-" "Mozilla/5.0 (compatible; MJ12bot/v1.4.5; http://www.majestic12.co.uk/bot.php?+)"
101.226.73.30 - - [31/Dec/2015:07:27:54 +0800] "GET / HTTP/1.1" 301 182 "-" "DNSPod-Monitor/2.0"
157.55.39.18 - - [31/Dec/2015:07:27:55 +0800] "GET /robots.txt HTTP/1.1" 404 834 "-" "Mozilla/5.0 (compatible; bingbot/2.0; +http://www.bing.com/bingbot.htm)"
37.187.137.225 - - [31/Dec/2015:07:27:56 +0800] "GET /scenes/279?page=3 HTTP/1.0" 200 29071 "-" "Mozilla/5.0 (compatible; MJ12bot/v1.4.5; http://www.majestic12.co.uk/bot.php?+)"
37.187.137.225 - - [31/Dec/2015:07:27:58 +0800] "GET /scenes/306 HTTP/1.0" 200 29200 "-" "Mozilla/5.0 (compatible; MJ12bot/v1.4.5; http://www.majestic12.co.uk/bot.php?+)"
37.187.137.225 - - [31/Dec/2015:07:28:00 +0800] "GET /scenes/317 HTTP/1.0" 200 19481 "-" "Mozilla/5.0 (compatible; MJ12bot/v1.4.5; http://www.majestic12.co.uk/bot.php?+)"
220.181.108.155 - - [31/Dec/2015:07:28:01 +0800] "GET /show/14889 HTTP/1.1" 200 31661 "-" "Mozilla/5.0 (compatible; Baiduspider/2.0; +http://www.baidu.com/search/spider.html)"
37.187.137.225 - - [31/Dec/2015:07:28:02 +0800] "GET /scenes/323 HTTP/1.0" 200 28798 "-" "Mozilla/5.0 (compatible; MJ12bot/v1.4.5; http://www.majestic12.co.uk/bot.php?+)"
157.55.39.18 - - [31/Dec/2015:07:28:03 +0800] "GET /show/13746 HTTP/1.1" 200 29711 "-" "Mozilla/5.0 (compatible; bingbot/2.0; +http://www.bing.com/bingbot.htm)"
157.55.39.18 - - [31/Dec/2015:07:28:04 +0800] "GET /show/15601 HTTP/1.1" 200 30301 "-" "Mozilla/5.0 (compatible; bingbot/2.0; +http://www.bing.com/bingbot.htm)"
37.187.137.225 - - [31/Dec/2015:07:28:05 +0800] "GET /scenes/327 HTTP/1.0" 200 21821 "-" "Mozilla/5.0 (compatible; MJ12bot/v1.4.5; http://www.majestic12.co.uk/bot.php?+)"
37.187.137.225 - - [31/Dec/2015:07:28:07 +0800] "GET /scenes/336?page=2 HTTP/1.0" 200 9437 "-" "Mozilla/5.0 (compatible; MJ12bot/v1.4.5; http://www.majestic12.co.uk/bot.php?+)"
37.187.137.225 - - [31/Dec/2015:07:28:08 +0800] "GET /scenes/35 HTTP/1.0" 200 12292 "-" "Mozilla/5.0 (compatible; MJ12bot/v1.4.5; http://www.majestic12.co.uk/bot.php?+)"
37.187.137.225 - - [31/Dec/2015:07:28:11 +0800] "GET /scenes/396 HTTP/1.0" 200 28960 "-" "Mozilla/5.0 (compatible; MJ12bot/v1.4.5; http://www.majestic12.co.uk/bot.php?+)"
37.187.137.225 - - [31/Dec/2015:07:28:13 +0800] "GET /scenes/406 HTTP/1.0" 200 11189 "-" "Mozilla/5.0 (compatible; MJ12bot/v1.4.5; http://www.majestic12.co.uk/bot.php?+)"
37.187.137.225 - - [31/Dec/2015:07:28:16 +0800] "GET /scenes/429 HTTP/1.0" 200 25121 "-" "Mozilla/5.0 (compatible; MJ12bot/v1.4.5; http://www.majestic12.co.uk/bot.php?+)"
37.187.137.225 - - [31/Dec/2015:07:28:18 +0800] "GET /scenes/442 HTTP/1.0" 200 28852 "-" "Mozilla/5.0 (compatible; MJ12bot/v1.4.5; http://www.majestic12.co.uk/bot.php?+)"
37.187.137.225 - - [31/Dec/2015:07:28:20 +0800] "GET /scenes/46 HTTP/1.0" 200 28299 "-" "Mozilla/5.0 (compatible; MJ12bot/v1.4.5; http://www.majestic12.co.uk/bot.php?+)"
37.187.137.225 - - [31/Dec/2015:07:28:22 +0800] "GET /scenes/462 HTTP/1.0" 200 14416 "-" "Mozilla/5.0 (compatible; MJ12bot/v1.4.5; http://www.majestic12.co.uk/bot.php?+)"
37.187.137.225 - - [31/Dec/2015:07:28:24 +0800] "GET /scenes/488 HTTP/1.0" 200 28659 "-" "Mozilla/5.0 (compatible; MJ12bot/v1.4.5; http://www.majestic12.co.uk/bot.php?+)"
37.187.137.225 - - [31/Dec/2015:07:28:28 +0800] "GET /scenes/511 HTTP/1.0" 200 22513 "-" "Mozilla/5.0 (compatible; MJ12bot/v1.4.5; http://www.majestic12.co.uk/bot.php?+)"
37.187.137.225 - - [31/Dec/2015:07:28:29 +0800] "GET /scenes/504 HTTP/1.0" 200 10147 "-" "Mozilla/5.0 (compatible; MJ12bot/v1.4.5; http://www.majestic12.co.uk/bot.php?+)"
37.187.137.225 - - [31/Dec/2015:07:28:31 +0800] "GET /scenes/530 HTTP/1.0" 200 18347 "-" "Mozilla/5.0 (compatible; MJ12bot/v1.4.5; http://www.majestic12.co.uk/bot.php?+)"
37.187.137.225 - - [31/Dec/2015:07:28:33 +0800] "GET /scenes/54 HTTP/1.0" 200 20337 "-" "Mozilla/5.0 (compatible; MJ12bot/v1.4.5; http://www.majestic12.co.uk/bot.php?+)"
37.187.137.225 - - [31/Dec/2015:07:28:35 +0800] "GET /scenes/554 HTTP/1.0" 200 28798 "-" "Mozilla/5.0 (compatible; MJ12bot/v1.4.5; http://www.majestic12.co.uk/bot.php?+)"
37.187.137.225 - - [31/Dec/2015:07:28:37 +0800] "GET /scenes/579 HTTP/1.0" 200 28939 "-" "Mozilla/5.0 (compatible; MJ12bot/v1.4.5; http://www.majestic12.co.uk/bot.php?+)"
112.90.82.164 - - [31/Dec/2015:07:28:38 +0800] "GET / HTTP/1.1" 301 182 "-" "DNSPod-Monitor/2.0"
37.187.137.225 - - [31/Dec/2015:07:28:40 +0800] "GET /scenes/591 HTTP/1.0" 200 29033 "-" "Mozilla/5.0 (compatible; MJ12bot/v1.4.5; http://www.majestic12.co.uk/bot.php?+)"
37.187.137.225 - - [31/Dec/2015:07:28:42 +0800] "GET /scenes/596?page=6 HTTP/1.0" 200 29284 "-" "Mozilla/5.0 (compatible; MJ12bot/v1.4.5; http://www.majestic12.co.uk/bot.php?+)"
37.187.137.225 - - [31/Dec/2015:07:28:44 +0800] "GET /scenes/737 HTTP/1.0" 200 12342 "-" "Mozilla/5.0 (compatible; MJ12bot/v1.4.5; http://www.majestic12.co.uk/bot.php?+)"
37.187.137.225 - - [31/Dec/2015:07:28:46 +0800] "GET /scenes/738 HTTP/1.0" 200 11276 "-" "Mozilla/5.0 (compatible; MJ12bot/v1.4.5; http://www.majestic12.co.uk/bot.php?+)"
37.187.137.225 - - [31/Dec/2015:07:28:49 +0800] "GET /scenes/763 HTTP/1.0" 200 16468 "-" "Mozilla/5.0 (compatible; MJ12bot/v1.4.5; http://www.majestic12.co.uk/bot.php?+)"
37.187.137.225 - - [31/Dec/2015:07:28:51 +0800] "GET /scenes/863 HTTP/1.0" 200 28461 "-" "Mozilla/5.0 (compatible; MJ12bot/v1.4.5; http://www.majestic12.co.uk/bot.php?+)"
37.187.137.225 - - [31/Dec/2015:07:28:55 +0800] "GET /show/13109/tickets/23190 HTTP/1.0" 404 834 "-" "Mozilla/5.0 (compatible; MJ12bot/v1.4.5; http://www.majestic12.co.uk/bot.php?+)"
37.187.137.225 - - [31/Dec/2015:07:28:57 +0800] "GET /show/13109/tickets/23189 HTTP/1.0" 404 834 "-" "Mozilla/5.0 (compatible; MJ12bot/v1.4.5; http://www.majestic12.co.uk/bot.php?+)"
37.187.137.225 - - [31/Dec/2015:07:28:57 +0800] "GET /show/16450/tickets/31459 HTTP/1.0" 404 834 "-" "Mozilla/5.0 (compatible; MJ12bot/v1.4.5; http://www.majestic12.co.uk/bot.php?+)"
37.187.137.225 - - [31/Dec/2015:07:28:59 +0800] "GET /show/16611/tickets/31994 HTTP/1.0" 404 834 "-" "Mozilla/5.0 (compatible; MJ12bot/v1.4.5; http://www.majestic12.co.uk/bot.php?+)"
37.187.137.225 - - [31/Dec/2015:07:29:01 +0800] "GET /show/16811/tickets/32234 HTTP/1.0" 404 834 "-" "Mozilla/5.0 (compatible; MJ12bot/v1.4.5; http://www.majestic12.co.uk/bot.php?+)"
37.187.137.225 - - [31/Dec/2015:07:29:03 +0800] "GET /show/16933/tickets/32485 HTTP/1.0" 404 834 "-" "Mozilla/5.0 (compatible; MJ12bot/v1.4.5; http://www.majestic12.co.uk/bot.php?+)"
37.187.137.225 - - [31/Dec/2015:07:29:04 +0800] "GET /show/17251/tickets/33102 HTTP/1.0" 404 834 "-" "Mozilla/5.0 (compatible; MJ12bot/v1.4.5; http://www.majestic12.co.uk/bot.php?+)"
37.187.137.225 - - [31/Dec/2015:07:29:06 +0800] "GET /show/17254/tickets/33108 HTTP/1.0" 404 834 "-" "Mozilla/5.0 (compatible; MJ12bot/v1.4.5; http://www.majestic12.co.uk/bot.php?+)"
37.187.137.225 - - [31/Dec/2015:07:29:08 +0800] "GET /show/17892/tickets/34408 HTTP/1.0" 404 834 "-" "Mozilla/5.0 (compatible; MJ12bot/v1.4.5; http://www.majestic12.co.uk/bot.php?+)"
37.187.137.225 - - [31/Dec/2015:07:29:12 +0800] "GET /show/18077 HTTP/1.0" 200 34769 "-" "Mozilla/5.0 (compatible; MJ12bot/v1.4.5; http://www.majestic12.co.uk/bot.php?+)"
37.187.137.225 - - [31/Dec/2015:07:29:14 +0800] "GET /show/18340 HTTP/1.0" 200 25691 "-" "Mozilla/5.0 (compatible; MJ12bot/v1.4.5; http://www.majestic12.co.uk/bot.php?+)"
37.187.137.225 - - [31/Dec/2015:07:29:16 +0800] "GET /show/18346 HTTP/1.0" 200 29419 "-" "Mozilla/5.0 (compatible; MJ12bot/v1.4.5; http://www.majestic12.co.uk/bot.php?+)"
37.187.137.225 - - [31/Dec/2015:07:29:18 +0800] "GET /show/18363 HTTP/1.0" 200 24168 "-" "Mozilla/5.0 (compatible; MJ12bot/v1.4.5; http://www.majestic12.co.uk/bot.php?+)"
37.187.137.225 - - [31/Dec/2015:07:29:21 +0800] "GET /show/18414 HTTP/1.0" 200 28252 "-" "Mozilla/5.0 (compatible; MJ12bot/v1.4.5; http://www.majestic12.co.uk/bot.php?+)"
37.187.137.225 - - [31/Dec/2015:07:29:23 +0800] "GET /show/18618 HTTP/1.0" 200 24907 "-" "Mozilla/5.0 (compatible; MJ12bot/v1.4.5; http://www.majestic12.co.uk/bot.php?+)"
37.187.137.225 - - [31/Dec/2015:07:29:25 +0800] "GET /show/18621 HTTP/1.0" 200 29689 "-" "Mozilla/5.0 (compatible; MJ12bot/v1.4.5; http://www.majestic12.co.uk/bot.php?+)"
203.208.60.177 - - [31/Dec/2015:07:29:28 +0800] "GET /musicians-3954/news HTTP/1.1" 200 12867 "-" "Mozilla/5.0 (compatible; Googlebot/2.1; +http://www.google.com/bot.html)"
37.187.137.225 - - [31/Dec/2015:07:29:28 +0800] "GET /show/18665 HTTP/1.0" 200 36153 "-" "Mozilla/5.0 (compatible; MJ12bot/v1.4.5; http://www.majestic12.co.uk/bot.php?+)"
42.156.136.15 - - [31/Dec/2015:07:29:29 +0800] "GET / HTTP/1.1" 301 182 "-" "Mozilla/5.0 (Linux; U; Android 4.0.2; en-us; Galaxy Nexus Build/ICL53F) AppleWebKit/534.30 (KHTML, like Gecko) Version/4.0 Mobile Safari/534.30"
37.187.137.225 - - [31/Dec/2015:07:29:31 +0800] "GET /show/18666 HTTP/1.0" 200 38525 "-" "Mozilla/5.0 (compatible; MJ12bot/v1.4.5; http://www.majestic12.co.uk/bot.php?+)"
37.187.137.225 - - [31/Dec/2015:07:29:34 +0800] "GET /show/18793 HTTP/1.0" 200 33299 "-" "Mozilla/5.0 (compatible; MJ12bot/v1.4.5; http://www.majestic12.co.uk/bot.php?+)"
61.135.190.198 - - [31/Dec/2015:07:29:36 +0800] "GET / HTTP/1.0" 301 182 "-" "Mozilla/5.0 (Linux;u;Android 2.3.7;zh-cn;) AppleWebKit/533.1 (KHTML,like Gecko) Version/4.0 Mobile Safari/533.1 (compatible; +http://www.baidu.com/search/spi_der.html)"
37.187.137.225 - - [31/Dec/2015:07:29:39 +0800] "GET /show/18855/tickets/36915 HTTP/1.0" 404 834 "-" "Mozilla/5.0 (compatible; MJ12bot/v1.4.5; http://www.majestic12.co.uk/bot.php?+)"
37.187.137.225 - - [31/Dec/2015:07:29:41 +0800] "GET /show/18855/tickets/36916 HTTP/1.0" 404 834 "-" "Mozilla/5.0 (compatible; MJ12bot/v1.4.5; http://www.majestic12.co.uk/bot.php?+)"
37.187.137.225 - - [31/Dec/2015:07:29:44 +0800] "GET /show/18855/tickets/36917 HTTP/1.0" 404 834 "-" "Mozilla/5.0 (compatible; MJ12bot/v1.4.5; http://www.majestic12.co.uk/bot.php?+)"
37.187.137.225 - - [31/Dec/2015:07:29:46 +0800] "GET /show/18855/tickets/36918 HTTP/1.0" 404 834 "-" "Mozilla/5.0 (compatible; MJ12bot/v1.4.5; http://www.majestic12.co.uk/bot.php?+)"
37.187.137.225 - - [31/Dec/2015:07:29:48 +0800] "GET /show/18855/tickets/36919 HTTP/1.0" 404 834 "-" "Mozilla/5.0 (compatible; MJ12bot/v1.4.5; http://www.majestic12.co.uk/bot.php?+)"
37.187.137.225 - - [31/Dec/2015:07:29:50 +0800] "GET /show/18855/tickets/36920 HTTP/1.0" 404 834 "-" "Mozilla/5.0 (compatible; MJ12bot/v1.4.5; http://www.majestic12.co.uk/bot.php?+)"
37.187.137.225 - - [31/Dec/2015:07:29:52 +0800] "GET /show/18856/tickets/36922 HTTP/1.0" 404 834 "-" "Mozilla/5.0 (compatible; MJ12bot/v1.4.5; http://www.majestic12.co.uk/bot.php?+)"
37.187.137.225 - - [31/Dec/2015:07:29:54 +0800] "GET /show/18856/tickets/36923 HTTP/1.0" 404 834 "-" "Mozilla/5.0 (compatible; MJ12bot/v1.4.5; http://www.majestic12.co.uk/bot.php?+)"
37.187.137.225 - - [31/Dec/2015:07:29:56 +0800] "GET /show/18856/tickets/36924 HTTP/1.0" 404 834 "-" "Mozilla/5.0 (compatible; MJ12bot/v1.4.5; http://www.majestic12.co.uk/bot.php?+)"
37.187.137.225 - - [31/Dec/2015:07:29:58 +0800] "GET /show/18856/tickets/36925 HTTP/1.0" 404 834 "-" "Mozilla/5.0 (compatible; MJ12bot/v1.4.5; http://www.majestic12.co.uk/bot.php?+)"
37.187.137.225 - - [31/Dec/2015:07:30:00 +0800] "GET /show/18856/tickets/36926 HTTP/1.0" 404 834 "-" "Mozilla/5.0 (compatible; MJ12bot/v1.4.5; http://www.majestic12.co.uk/bot.php?+)"
183.131.79.181 - - [31/Dec/2015:07:30:00 +0800] "GET / HTTP/1.1" 301 182 "-" "Mozilla/5.0 (Macintosh; Intel Mac OS X 10_10_3) AppleWebKit/537.36 (KHTML, like Gecko) Chrome/43.0.2357.130 Safari/537.36 JianKongBao Monitor 1.1"
61.150.91.224 - - [31/Dec/2015:07:30:00 +0800] "GET / HTTP/1.1" 301 182 "-" "Mozilla/5.0 (Macintosh; Intel Mac OS X 10_10_3) AppleWebKit/537.36 (KHTML, like Gecko) Chrome/43.0.2357.130 Safari/537.36 JianKongBao Monitor 1.1"
218.61.196.123 - - [31/Dec/2015:07:30:00 +0800] "GET / HTTP/1.1" 301 182 "-" "Mozilla/5.0 (Macintosh; Intel Mac OS X 10_10_3) AppleWebKit/537.36 (KHTML, like Gecko) Chrome/43.0.2357.130 Safari/537.36 JianKongBao Monitor 1.1"
37.187.137.225 - - [31/Dec/2015:07:30:01 +0800] "GET /show/18856/tickets/36927 HTTP/1.0" 404 834 "-" "Mozilla/5.0 (compatible; MJ12bot/v1.4.5; http://www.majestic12.co.uk/bot.php?+)"
37.187.137.225 - - [31/Dec/2015:07:30:04 +0800] "GET /show/18857/tickets/36929 HTTP/1.0" 404 834 "-" "Mozilla/5.0 (compatible; MJ12bot/v1.4.5; http://www.majestic12.co.uk/bot.php?+)"
37.187.137.225 - - [31/Dec/2015:07:30:06 +0800] "GET /show/18857/tickets/36930 HTTP/1.0" 404 834 "-" "Mozilla/5.0 (compatible; MJ12bot/v1.4.5; http://www.majestic12.co.uk/bot.php?+)"
37.187.137.225 - - [31/Dec/2015:07:30:09 +0800] "GET /show/18857/tickets/36931 HTTP/1.0" 404 834 "-" "Mozilla/5.0 (compatible; MJ12bot/v1.4.5; http://www.majestic12.co.uk/bot.php?+)"
183.195.233.189 - - [31/Dec/2015:07:30:11 +0800] "GET / HTTP/1.1" 301 182 "-" "DNSPod-Monitor/2.0"
37.187.137.225 - - [31/Dec/2015:07:30:12 +0800] "GET /show/18857/tickets/36932 HTTP/1.0" 404 834 "-" "Mozilla/5.0 (compatible; MJ12bot/v1.4.5; http://www.majestic12.co.uk/bot.php?+)"
37.187.137.225 - - [31/Dec/2015:07:30:14 +0800] "GET /show/18857/tickets/36933 HTTP/1.0" 404 834 "-" "Mozilla/5.0 (compatible; MJ12bot/v1.4.5; http://www.majestic12.co.uk/bot.php?+)"
37.187.137.225 - - [31/Dec/2015:07:30:16 +0800] "GET /show/18857/tickets/36934 HTTP/1.0" 404 834 "-" "Mozilla/5.0 (compatible; MJ12bot/v1.4.5; http://www.majestic12.co.uk/bot.php?+)"
123.125.71.47 - - [31/Dec/2015:07:30:17 +0800] "GET /show/5138 HTTP/1.1" 200 21368 "-" "Mozilla/5.0 (compatible; Baiduspider/2.0; +http://www.baidu.com/search/spider.html)"
37.187.137.225 - - [31/Dec/2015:07:30:19 +0800] "GET /show/18880 HTTP/1.0" 200 28799 "-" "Mozilla/5.0 (compatible; MJ12bot/v1.4.5; http://www.majestic12.co.uk/bot.php?+)"
37.187.137.225 - - [31/Dec/2015:07:30:22 +0800] "GET /show/18893 HTTP/1.0" 200 23987 "-" "Mozilla/5.0 (compatible; MJ12bot/v1.4.5; http://www.majestic12.co.uk/bot.php?+)"
37.187.137.225 - - [31/Dec/2015:07:30:25 +0800] "GET /show/18922 HTTP/1.0" 200 26599 "-" "Mozilla/5.0 (compatible; MJ12bot/v1.4.5; http://www.majestic12.co.uk/bot.php?+)"
37.187.137.225 - - [31/Dec/2015:07:30:28 +0800] "GET /show/18926 HTTP/1.0" 200 26160 "-" "Mozilla/5.0 (compatible; MJ12bot/v1.4.5; http://www.majestic12.co.uk/bot.php?+)"
37.187.137.225 - - [31/Dec/2015:07:30:31 +0800] "GET /show/18952 HTTP/1.0" 200 28857 "-" "Mozilla/5.0 (compatible; MJ12bot/v1.4.5; http://www.majestic12.co.uk/bot.php?+)"
37.187.137.225 - - [31/Dec/2015:07:30:33 +0800] "GET /show/19033 HTTP/1.0" 200 25839 "-" "Mozilla/5.0 (compatible; MJ12bot/v1.4.5; http://www.majestic12.co.uk/bot.php?+)"
37.187.137.225 - - [31/Dec/2015:07:30:36 +0800] "GET /show/19157 HTTP/1.0" 200 23584 "-" "Mozilla/5.0 (compatible; MJ12bot/v1.4.5; http://www.majestic12.co.uk/bot.php?+)"
37.187.137.225 - - [31/Dec/2015:07:30:38 +0800] "GET /show/19158/tickets/37805 HTTP/1.0" 404 834 "-" "Mozilla/5.0 (compatible; MJ12bot/v1.4.5; http://www.majestic12.co.uk/bot.php?+)"
37.187.137.225 - - [31/Dec/2015:07:30:43 +0800] "GET /show/19168/tickets/37826 HTTP/1.0" 404 834 "-" "Mozilla/5.0 (compatible; MJ12bot/v1.4.5; http://www.majestic12.co.uk/bot.php?+)"
37.187.137.225 - - [31/Dec/2015:07:30:44 +0800] "GET /show/19165 HTTP/1.0" 200 31217 "-" "Mozilla/5.0 (compatible; MJ12bot/v1.4.5; http://www.majestic12.co.uk/bot.php?+)"
37.187.137.225 - - [31/Dec/2015:07:30:46 +0800] "GET /show/19186 HTTP/1.0" 200 23310 "-" "Mozilla/5.0 (compatible; MJ12bot/v1.4.5; http://www.majestic12.co.uk/bot.php?+)"
37.187.137.225 - - [31/Dec/2015:07:30:49 +0800] "GET /show/19199 HTTP/1.0" 200 26030 "-" "Mozilla/5.0 (compatible; MJ12bot/v1.4.5; http://www.majestic12.co.uk/bot.php?+)"
37.187.137.225 - - [31/Dec/2015:07:30:52 +0800] "GET /show/19224 HTTP/1.0" 200 26711 "-" "Mozilla/5.0 (compatible; MJ12bot/v1.4.5; http://www.majestic12.co.uk/bot.php?+)"
36.99.31.77 - - [31/Dec/2015:07:30:54 +0800] "GET /show/6475 HTTP/1.1" 301 182 "http://youyanchu.com/show/6475" "Mozilla/5.0 (Linux; U; Android 4.0.2; en-us; Galaxy Nexus Build/ICL53F) AppleWebKit/534.30 (KHTML, like Gecko) Version/4.0 Mobile Safari/534.30"
101.226.73.30 - - [31/Dec/2015:07:30:54 +0800] "GET / HTTP/1.1" 301 182 "-" "DNSPod-Monitor/2.0"
37.187.137.225 - - [31/Dec/2015:07:30:54 +0800] "GET /show/19225 HTTP/1.0" 200 210