183.131.79.181 - - [31/Dec/2015:06:35:30 +0800] "GET /show/6685 HTTP/1.1" 301 182 "-" "Mozilla/5.0 (Macintosh; Intel Mac OS X 10_10_3) AppleWebKit/537.36 (KHTML, like Gecko) Chrome/43.0.2357.130 Safari/537.36 JianKongBao Monitor 1.1"
61.150.91.224 - - [31/Dec/2015:06:35:30 +0800] "GET /show/6685 HTTP/1.1" 301 182 "-" "Mozilla/5.0 (Macintosh; Intel Mac OS X 10_10_3) AppleWebKit/537.36 (KHTML, like Gecko) Chrome/43.0.2357.130 Safari/537.36 JianKongBao Monitor 1.1"
123.125.71.25 - - [31/Dec/2015:06:35:37 +0800] "GET /show/2058 HTTP/1.1" 200 21077 "-" "Mozilla/5.0 (Linux;u;Android 4.2.2;zh-cn;) AppleWebKit/534.46 (KHTML,like Gecko) Version/5.1 Mobile Safari/10600.6.3 (compatible; Baiduspider/2.0; +http://www.baidu.com/search/spider.html)"
183.195.233.189 - - [31/Dec/2015:06:36:02 +0800] "GET / HTTP/1.1" 301 182 "-" "DNSPod-Monitor/2.0"
180.153.81.158 - - [31/Dec/2015:06:36:45 +0800] "GET / HTTP/1.1" 301 182 "-" "DNSPod-Monitor/2.0"
104.197.224.99 - - [31/Dec/2015:06:36:46 +0800] "GET / HTTP/1.1" 301 182 "-" "Mozilla/5.0 (X11; Linux x86_64) AppleWebKit/537.36 (KHTML, like Gecko) Chrome/49.0.2607.0 Safari/537.36"
203.208.60.169 - - [31/Dec/2015:06:36:47 +0800] "GET /musicians-28993/news HTTP/1.1" 200 12869 "-" "Mozilla/5.0 (compatible; Googlebot/2.1; +http://www.google.com/bot.html)"
207.46.13.52 - - [31/Dec/2015:06:36:56 +0800] "GET /robots.txt HTTP/1.1" 404 834 "-" "Mozilla/5.0 (compatible; bingbot/2.0; +http://www.bing.com/bingbot.htm)"
207.46.13.52 - - [31/Dec/2015:06:37:02 +0800] "GET /show/4119 HTTP/1.1" 200 24297 "-" "Mozilla/5.0 (compatible; bingbot/2.0; +http://www.bing.com/bingbot.htm)"
218.61.196.123 - - [31/Dec/2015:06:37:15 +0800] "GET /search?utf8=%E2%9C%93&city=%E5%A4%A9%E6%B4%A5&begin_date=2014-03-19&end_date=2014-06-19&q= HTTP/1.1" 301 182 "-" "Mozilla/5.0 (Macintosh; Intel Mac OS X 10_10_3) AppleWebKit/537.36 (KHTML, like Gecko) Chrome/43.0.2357.130 Safari/537.36 JianKongBao Monitor 1.1"
61.150.91.224 - - [31/Dec/2015:06:37:15 +0800] "GET /search?utf8=%E2%9C%93&city=%E5%A4%A9%E6%B4%A5&begin_date=2014-03-19&end_date=2014-06-19&q= HTTP/1.1" 301 182 "-" "Mozilla/5.0 (Macintosh; Intel Mac OS X 10_10_3) AppleWebKit/537.36 (KHTML, like Gecko) Chrome/43.0.2357.130 Safari/537.36 JianKongBao Monitor 1.1"
183.131.79.181 - - [31/Dec/2015:06:37:16 +0800] "GET /search?utf8=%E2%9C%93&city=%E5%A4%A9%E6%B4%A5&begin_date=2014-03-19&end_date=2014-06-19&q= HTTP/1.1" 301 182 "-" "Mozilla/5.0 (Macintosh; Intel Mac OS X 10_10_3) AppleWebKit/537.36 (KHTML, like Gecko) Chrome/43.0.2357.130 Safari/537.36 JianKongBao Monitor 1.1"
157.55.39.160 - - [31/Dec/2015:06:37:20 +0800] "GET /robots.txt HTTP/1.1" 404 834 "-" "Mozilla/5.0 (compatible; bingbot/2.0; +http://www.bing.com/bingbot.htm)"
112.90.141.121 - - [31/Dec/2015:06:37:29 +0800] "GET / HTTP/1.1" 301 182 "-" "DNSPod-Monitor/2.0"
123.125.71.77 - - [31/Dec/2015:06:37:53 +0800] "GET /show/4670/tickets/6342 HTTP/1.1" 404 834 "-" "Mozilla/5.0 (compatible; Baiduspider/2.0; +http://www.baidu.com/search/spider.html)"
157.55.39.160 - - [31/Dec/2015:06:37:57 +0800] "GET /show/13858 HTTP/1.1" 200 26702 "-" "Mozilla/5.0 (compatible; bingbot/2.0; +http://www.bing.com/bingbot.htm)"
157.55.39.160 - - [31/Dec/2015:06:37:58 +0800] "GET /show/2413 HTTP/1.1" 200 40820 "-" "Mozilla/5.0 (compatible; bingbot/2.0; +http://www.bing.com/bingbot.htm)"
120.204.200.21 - - [31/Dec/2015:06:39:01 +0800] "GET / HTTP/1.1" 301 182 "-" "DNSPod-Monitor/2.0"
180.153.81.158 - - [31/Dec/2015:06:39:45 +0800] "GET / HTTP/1.1" 301 182 "-" "DNSPod-Monitor/2.0"
123.125.71.80 - - [31/Dec/2015:06:39:47 +0800] "GET / HTTP/1.1" 200 40510 "-" "Mozilla/5.0 (compatible; Baiduspider/2.0; +http://www.baidu.com/search/spider.html)"
123.125.71.39 - - [31/Dec/2015:06:40:10 +0800] "GET /show/11183 HTTP/1.1" 200 28759 "-" "Mozilla/5.0 (compatible; Baiduspider/2.0; +http://www.baidu.com/search/spider.html)"
203.208.60.182 - - [31/Dec/2015:06:40:18 +0800] "GET /musicians-29791/news HTTP/1.1" 200 13121 "-" "Mozilla/5.0 (compatible; Googlebot/2.1; +http://www.google.com/bot.html)"
112.90.82.164 - - [31/Dec/2015:06:40:28 +0800] "GET / HTTP/1.1" 301 182 "-" "DNSPod-Monitor/2.0"
183.195.233.189 - - [31/Dec/2015:06:42:02 +0800] "GET / HTTP/1.1" 301 182 "-" "DNSPod-Monitor/2.0"
220.181.108.177 - - [31/Dec/2015:06:42:27 +0800] "GET /musicians/26876 HTTP/1.1" 301 56 "-" "Mozilla/5.0 (compatible; Baiduspider/2.0; +http://www.baidu.com/search/spider.html)"
220.181.108.186 - - [31/Dec/2015:06:42:27 +0800] "GET /musicians-26876/shows HTTP/1.1" 200 13448 "-" "Mozilla/5.0 (compatible; Baiduspider/2.0; +http://www.baidu.com/search/spider.html)"
203.208.60.172 - - [31/Dec/2015:06:42:43 +0800] "GET /musicians-16927/news HTTP/1.1" 200 12908 "-" "Mozilla/5.0 (iPhone; CPU iPhone OS 8_3 like Mac OS X) AppleWebKit/600.1.4 (KHTML, like Gecko) Version/8.0 Mobile/12F70 Safari/600.1.4 (compatible; Googlebot/2.1; +http://www.google.com/bot.html)"
180.153.212.45 - - [31/Dec/2015:06:42:46 +0800] "GET / HTTP/1.1" 301 182 "-" "DNSPod-Monitor/2.0"
112.90.141.121 - - [31/Dec/2015:06:43:29 +0800] "GET / HTTP/1.1" 301 182 "-" "DNSPod-Monitor/2.0"
203.208.60.179 - - [31/Dec/2015:06:43:48 +0800] "GET /musicians-19219/shows HTTP/1.1" 200 17530 "-" "Mozilla/5.0 (compatible; Googlebot/2.1; +http://www.google.com/bot.html)"
123.125.71.82 - - [31/Dec/2015:06:44:45 +0800] "GET /show/4596 HTTP/1.1" 200 26199 "-" "Mozilla/5.0 (compatible; Baiduspider/2.0; +http://www.baidu.com/search/spider.html)"
183.131.79.181 - - [31/Dec/2015:06:44:56 +0800] "GET / HTTP/1.1" 301 182 "-" "Mozilla/5.0 (Macintosh; Intel Mac OS X 10_10_3) AppleWebKit/537.36 (KHTML, like Gecko) Chrome/43.0.2357.130 Safari/537.36 JianKongBao Monitor 1.1"
61.150.91.224 - - [31/Dec/2015:06:44:57 +0800] "GET / HTTP/1.1" 301 182 "-" "Mozilla/5.0 (Macintosh; Intel Mac OS X 10_10_3) AppleWebKit/537.36 (KHTML, like Gecko) Chrome/43.0.2357.130 Safari/537.36 JianKongBao Monitor 1.1"
120.204.200.21 - - [31/Dec/2015:06:45:03 +0800] "GET / HTTP/1.1" 301 182 "-" "DNSPod-Monitor/2.0"
203.208.60.176 - - [31/Dec/2015:06:45:34 +0800] "GET /musicians-28638 HTTP/1.1" 200 12886 "-" "Mozilla/5.0 (compatible; Googlebot/2.1; +http://www.google.com/bot.html)"
180.153.81.158 - - [31/Dec/2015:06:45:46 +0800] "GET / HTTP/1.1" 301 182 "-" "DNSPod-Monitor/2.0"
112.90.82.139 - - [31/Dec/2015:06:46:30 +0800] "GET / HTTP/1.1" 301 182 "-" "DNSPod-Monitor/2.0"
123.125.71.78 - - [31/Dec/2015:06:47:00 +0800] "GET /scenes/98?page=2 HTTP/1.1" 200 40938 "-" "Mozilla/5.0 (compatible; Baiduspider/2.0; +http://www.baidu.com/search/spider.html)"
203.208.60.178 - - [31/Dec/2015:06:47:36 +0800] "GET /show/19151/tickets/37784 HTTP/1.1" 404 834 "-" "Mozilla/5.0 (iPhone; CPU iPhone OS 8_3 like Mac OS X) AppleWebKit/600.1.4 (KHTML, like Gecko) Version/8.0 Mobile/12F70 Safari/600.1.4 (compatible; Googlebot/2.1; +http://www.google.com/bot.html)"
183.195.233.189 - - [31/Dec/2015:06:48:04 +0800] "GET / HTTP/1.1" 301 182 "-" "DNSPod-Monitor/2.0"
180.153.212.45 - - [31/Dec/2015:06:48:47 +0800] "GET / HTTP/1.1" 301 182 "-" "DNSPod-Monitor/2.0"
203.208.60.170 - - [31/Dec/2015:06:49:04 +0800] "GET /musicians-2923 HTTP/1.1" 200 12810 "-" "Mozilla/5.0 (compatible; Googlebot/2.1; +http://www.google.com/bot.html)"
220.181.108.104 - - [31/Dec/2015:06:49:17 +0800] "GET /show/7728 HTTP/1.1" 200 40960 "-" "Mozilla/5.0 (compatible; Baiduspider/2.0; +http://www.baidu.com/search/spider.html)"
112.90.141.121 - - [31/Dec/2015:06:49:31 +0800] "GET / HTTP/1.1" 301 182 "-" "DNSPod-Monitor/2.0"
203.208.60.174 - - [31/Dec/2015:06:49:39 +0800] "GET /login?returnUrl=%2Fmusicians-7818%2Fshows HTTP/1.1" 404 834 "-" "Mozilla/5.0 (iPhone; CPU iPhone OS 8_3 like Mac OS X) AppleWebKit/600.1.4 (KHTML, like Gecko) Version/8.0 Mobile/12F70 Safari/600.1.4 (compatible; Googlebot/2.1; +http://www.google.com/bot.html)"
125.95.205.54 - - [31/Dec/2015:06:50:18 +0800] "GET /show/19871 HTTP/1.1" 301 182 "-" "Mozilla/5.0 (Linux; U; Android 4.4.4; zh-cn; MX4 Pro Build/KTU84P) AppleWebKit/534.30 (KHTML, like Gecko) Version/4.0 Mobile Safari/534.30"
69.30.198.186 - - [31/Dec/2015:06:50:30 +0800] "GET /robots.txt HTTP/1.0" 404 834 "-" "Mozilla/5.0 (compatible; MJ12bot/v1.4.5; http://www.majestic12.co.uk/bot.php?+)"
61.150.91.224 - - [31/Dec/2015:06:50:31 +0800] "GET /show/6685 HTTP/1.1" 301 182 "-" "Mozilla/5.0 (Macintosh; Intel Mac OS X 10_10_3) AppleWebKit/537.36 (KHTML, like Gecko) Chrome/43.0.2357.130 Safari/537.36 JianKongBao Monitor 1.1"
183.131.79.181 - - [31/Dec/2015:06:50:32 +0800] "GET /show/6685 HTTP/1.1" 301 182 "-" "Mozilla/5.0 (Macintosh; Intel Mac OS X 10_10_3) AppleWebKit/537.36 (KHTML, like Gecko) Chrome/43.0.2357.130 Safari/537.36 JianKongBao Monitor 1.1"
218.61.196.123 - - [31/Dec/2015:06:50:32 +0800] "GET /show/6685 HTTP/1.1" 301 182 "-" "Mozilla/5.0 (Macintosh; Intel Mac OS X 10_10_3) AppleWebKit/537.36 (KHTML, like Gecko) Chrome/43.0.2357.130 Safari/537.36 JianKongBao Monitor 1.1"
69.30.198.186 - - [31/Dec/2015:06:50:32 +0800] "GET /show/19487 HTTP/1.0" 200 25573 "-" "Mozilla/5.0 (compatible; MJ12bot/v1.4.5; http://www.majestic12.co.uk/bot.php?+)"
69.30.198.186 - - [31/Dec/2015:06:50:39 +0800] "GET /show/19494 HTTP/1.0" 200 33240 "-" "Mozilla/5.0 (compatible; MJ12bot/v1.4.5; http://www.majestic12.co.uk/bot.php?+)"
69.30.198.186 - - [31/Dec/2015:06:50:43 +0800] "GET /show/19497 HTTP/1.0" 200 25851 "-" "Mozilla/5.0 (compatible; MJ12bot/v1.4.5; http://www.majestic12.co.uk/bot.php?+)"
69.30.198.186 - - [31/Dec/2015:06:50:50 +0800] "GET /show/19508 HTTP/1.0" 200 21156 "-" "Mozilla/5.0 (compatible; MJ12bot/v1.4.5; http://www.majestic12.co.uk/bot.php?+)"
203.208.60.175 - - [31/Dec/2015:06:50:50 +0800] "GET /musicians-29077/news HTTP/1.1" 200 12875 "-" "Mozilla/5.0 (compatible; Googlebot/2.1; +http://www.google.com/bot.html)"
69.30.198.186 - - [31/Dec/2015:06:50:56 +0800] "GET /show/19523 HTTP/1.0" 200 35086 "-" "Mozilla/5.0 (compatible; MJ12bot/v1.4.5; http://www.majestic12.co.uk/bot.php?+)"
69.30.198.186 - - [31/Dec/2015:06:51:03 +0800] "GET /robots.txt HTTP/1.0" 404 834 "-" "Mozilla/5.0 (compatible; MJ12bot/v1.4.5; http://www.majestic12.co.uk/bot.php?+)"
183.195.233.189 - - [31/Dec/2015:06:51:03 +0800] "GET / HTTP/1.1" 301 182 "-" "DNSPod-Monitor/2.0"
69.30.198.186 - - [31/Dec/2015:06:51:09 +0800] "GET /show/19528 HTTP/1.0" 200 32412 "-" "Mozilla/5.0 (compatible; MJ12bot/v1.4.5; http://www.majestic12.co.uk/bot.php?+)"
220.181.108.93 - - [31/Dec/2015:06:51:34 +0800] "GET /?begin_date=2014-01-07&end_date=2014-04-07%3Fpage%3D1&page=4 HTTP/1.1" 200 40226 "-" "Mozilla/5.0 (compatible; Baiduspider/2.0; +http://www.baidu.com/search/spider.html)"
69.30.198.186 - - [31/Dec/2015:06:51:34 +0800] "GET /show/19550/tickets/38876 HTTP/1.0" 404 834 "-" "Mozilla/5.0 (compatible; MJ12bot/v1.4.5; http://www.majestic12.co.uk/bot.php?+)"
69.30.198.186 - - [31/Dec/2015:06:51:36 +0800] "GET /show/19557/tickets/38893 HTTP/1.0" 404 834 "-" "Mozilla/5.0 (compatible; MJ12bot/v1.4.5; http://www.majestic12.co.uk/bot.php?+)"
69.30.198.186 - - [31/Dec/2015:06:51:39 +0800] "GET /show/19557/tickets/38894 HTTP/1.0" 404 834 "-" "Mozilla/5.0 (compatible; MJ12bot/v1.4.5; http://www.majestic12.co.uk/bot.php?+)"
69.30.198.186 - - [31/Dec/2015:06:51:43 +0800] "GET /show/19632/tickets/39076 HTTP/1.0" 404 834 "-" "Mozilla/5.0 (compatible; MJ12bot/v1.4.5; http://www.majestic12.co.uk/bot.php?+)"
69.30.198.186 - - [31/Dec/2015:06:51:45 +0800] "GET /show/19632/tickets/39077 HTTP/1.0" 404 834 "-" "Mozilla/5.0 (compatible; MJ12bot/v1.4.5; http://www.majestic12.co.uk/bot.php?+)"
69.30.198.186 - - [31/Dec/2015:06:51:47 +0800] "GET /show/19632/tickets/39078 HTTP/1.0" 404 834 "-" "Mozilla/5.0 (compatible; MJ12bot/v1.4.5; http://www.majestic12.co.uk/bot.php?+)"
180.153.212.45 - - [31/Dec/2015:06:51:47 +0800] "GET / HTTP/1.1" 301 182 "-" "DNSPod-Monitor/2.0"
69.30.198.186 - - [31/Dec/2015:06:51:48 +0800] "GET /show/19632/tickets/39079 HTTP/1.0" 404 834 "-" "Mozilla/5.0 (compatible; MJ12bot/v1.4.5; http://www.majestic12.co.uk/bot.php?+)"
69.30.198.186 - - [31/Dec/2015:06:51:53 +0800] "GET /show/19632/tickets/39080 HTTP/1.0" 404 834 "-" "Mozilla/5.0 (compatible; MJ12bot/v1.4.5; http://www.majestic12.co.uk/bot.php?+)"
69.30.198.186 - - [31/Dec/2015:06:51:56 +0800] "GET /show/19633/tickets/39081 HTTP/1.0" 404 834 "-" "Mozilla/5.0 (compatible; MJ12bot/v1.4.5; http://www.majestic12.co.uk/bot.php?+)"
69.30.198.186 - - [31/Dec/2015:06:51:58 +0800] "GET /show/19636/tickets/39089 HTTP/1.0" 404 834 "-" "Mozilla/5.0 (compatible; MJ12bot/v1.4.5; http://www.majestic12.co.uk/bot.php?+)"
69.30.198.186 - - [31/Dec/2015:06:52:01 +0800] "GET /show/19638/tickets/39092 HTTP/1.0" 404 834 "-" "Mozilla/5.0 (compatible; MJ12bot/v1.4.5; http://www.majestic12.co.uk/bot.php?+)"
69.30.198.186 - - [31/Dec/2015:06:52:03 +0800] "GET /show/19638/tickets/39093 HTTP/1.0" 404 834 "-" "Mozilla/5.0 (compatible; MJ12bot/v1.4.5; http://www.majestic12.co.uk/bot.php?+)"
69.30.198.186 - - [31/Dec/2015:06:52:12 +0800] "GET /show/19638/tickets/39094 HTTP/1.0" 404 834 "-" "Mozilla/5.0 (compatible; MJ12bot/v1.4.5; http://www.majestic12.co.uk/bot.php?+)"
183.131.79.181 - - [31/Dec/2015:06:52:16 +0800] "GET /search?utf8=%E2%9C%93&city=%E5%A4%A9%E6%B4%A5&begin_date=2014-03-19&end_date=2014-06-19&q= HTTP/1.1" 301 182 "-" "Mozilla/5.0 (Macintosh; Intel Mac OS X 10_10_3) AppleWebKit/537.36 (KHTML, like Gecko) Chrome/43.0.2357.130 Safari/537.36 JianKongBao Monitor 1.1"
61.150.91.224 - - [31/Dec/2015:06:52:16 +0800] "GET /search?utf8=%E2%9C%93&city=%E5%A4%A9%E6%B4%A5&begin_date=2014-03-19&end_date=2014-06-19&q= HTTP/1.1" 301 182 "-" "Mozilla/5.0 (Macintosh; Intel Mac OS X 10_10_3) AppleWebKit/537.36 (KHTML, like Gecko) Chrome/43.0.2357.130 Safari/537.36 JianKongBao Monitor 1.1"
106.114.76.223 - - [31/Dec/2015:06:52:29 +0800] "GET /show/19357 HTTP/1.1" 301 182 "https://m.baidu.com/from=844b/bd_page_type=1/ssid=0/uid=0/pu=usm%400%2Csz%401320_2001%2Cta%40iphone_1_9.2_3_601/baiduid=1C886AEA8FCACECA06222E47B68B6674/w=0_10_2016%E5%8C%97%E4%BA%AC%E8%BF%B7%E7%AC%9B%E8%B7%A8%E5%B9%B4/t=iphone/l=1/tc?ref=www_iphone&lid=13588963656870224095&order=3&vit=osres&tj=www_normal_3_0_10_title&waput=3&waplogo=1&cltj=normal_title&dict=-1&title=%E4%B8%AD%E5%9B%BD%E6%91%87%E6%BB%9A%E9%9B%86%E4%B8%AD%E8%90%A52015-2016%E8%B7%A8%E5%B9%B4%E7%8B%82%E6%AC%A2%E5%A4%9C%E5%8C%97%E4%BA%AC13-%E6%9C%89%E6%BC%94%E5%87%BA&sec=8989&di=139213c95eeeb265&bdenc=1&tch=124.0.0.0.0.0&tch=124.417.67.515.2.376&nsrc=IlPT2AEptyoA_yixCFOxXnANedT62v3IDxmIPC6K1T_b95qshbWxBcNiXSSqAp8HSpKgcq&eqid=bc95b272d1716000100000055683e2d9&wd=" "Mozilla/5.0 (iPhone; CPU iPhone OS 9_2 like Mac OS X) AppleWebKit/601.1.46 (KHTML, like Gecko) Version/9.0 Mobile/13C75 Safari/601.1"
112.90.141.121 - - [31/Dec/2015:06:52:30 +0800] "GET / HTTP/1.1" 301 182 "-" "DNSPod-Monitor/2.0"
125.95.205.54 - - [31/Dec/2015:06:52:32 +0800] "GET /show/19896 HTTP/1.1" 301 182 "-" "Mozilla/5.0 (Linux; U; Android 4.4.4; zh-cn; MX4 Pro Build/KTU84P) AppleWebKit/534.30 (KHTML, like Gecko) Version/4.0 Mobile Safari/534.30"
69.30.198.186 - - [31/Dec/2015:06:52:40 +0800] "GET /show/19639/tickets/39098 HTTP/1.0" 404 834 "-" "Mozilla/5.0 (compatible; MJ12bot/v1.4.5; http://www.majestic12.co.uk/bot.php?+)"
69.30.198.186 - - [31/Dec/2015:06:52:42 +0800] "GET /show/19639/tickets/39099 HTTP/1.0" 404 834 "-" "Mozilla/5.0 (compatible; MJ12bot/v1.4.5; http://www.majestic12.co.uk/bot.php?+)"
69.30.198.186 - - [31/Dec/2015:06:52:46 +0800] "GET /show/19639/tickets/39100 HTTP/1.0" 404 834 "-" "Mozilla/5.0 (compatible; MJ12bot/v1.4.5; http://www.majestic12.co.uk/bot.php?+)"
69.30.198.186 - - [31/Dec/2015:06:52:48 +0800] "GET /show/19639/tickets/39101 HTTP/1.0" 404 834 "-" "Mozilla/5.0 (compatible; MJ12bot/v1.4.5; http://www.majestic12.co.uk/bot.php?+)"
69.30.198.186 - - [31/Dec/2015:06:52:50 +0800] "GET /robots.txt HTTP/1.0" 404 834 "-" "Mozilla/5.0 (compatible; MJ12bot/v1.4.5; http://www.majestic12.co.uk/bot.php?+)"
69.30.198.186 - - [31/Dec/2015:06:52:53 +0800] "GET /show/19639/tickets/39102 HTTP/1.0" 404 834 "-" "Mozilla/5.0 (compatible; MJ12bot/v1.4.5; http://www.majestic12.co.uk/bot.php?+)"
69.30.198.186 - - [31/Dec/2015:06:52:54 +0800] "GET /show/19639/tickets/39103 HTTP/1.0" 404 834 "-" "Mozilla/5.0 (compatible; MJ12bot/v1.4.5; http://www.majestic12.co.uk/bot.php?+)"
69.30.198.186 - - [31/Dec/2015:06:52:58 +0800] "GET /show/19639/tickets/39104 HTTP/1.0" 404 834 "-" "Mozilla/5.0 (compatible; MJ12bot/v1.4.5; http://www.majestic12.co.uk/bot.php?+)"
69.30.198.186 - - [31/Dec/2015:06:52:59 +0800] "GET /show/19639/tickets/39105 HTTP/1.0" 404 834 "-" "Mozilla/5.0 (compatible; MJ12bot/v1.4.5; http://www.majestic12.co.uk/bot.php?+)"
180.153.236.40 - - [31/Dec/2015:06:53:00 +0800] "GET /show/6475 HTTP/1.1" 200 25911 "http://youyanchu.com/show/6475" "Mozilla/5.0 (compatible; MSIE 9.0; Windows NT 6.1; Trident/5.0); 360Spider(compatible; HaosouSpider; http://www.haosou.com/help/help_3_2.html)"
69.30.198.186 - - [31/Dec/2015:06:53:01 +0800] "GET /show/19639/tickets/39106 HTTP/1.0" 404 834 "-" "Mozilla/5.0 (compatible; MJ12bot/v1.4.5; http://www.majestic12.co.uk/bot.php?+)"
69.30.198.186 - - [31/Dec/2015:06:53:06 +0800] "GET /show/19726/tickets/39375 HTTP/1.0" 404 834 "-" "Mozilla/5.0 (compatible; MJ12bot/v1.4.5; http://www.majestic12.co.uk/bot.php?+)"
69.30.198.186 - - [31/Dec/2015:06:53:08 +0800] "GET /show/19726/tickets/39376 HTTP/1.0" 404 834 "-" "Mozilla/5.0 (compatible; MJ12bot/v1.4.5; http://www.majestic12.co.uk/bot.php?+)"
69.30.198.186 - - [31/Dec/2015:06:53:11 +0800] "GET /show/19726/tickets/39377 HTTP/1.0" 404 834 "-" "Mozilla/5.0 (compatible; MJ12bot/v1.4.5; http://www.majestic12.co.uk/bot.php?+)"
69.30.198.186 - - [31/Dec/2015:06:53:14 +0800] "GET /show/19726/tickets/39378 HTTP/1.0" 404 834 "-" "Mozilla/5.0 (compatible; MJ12bot/v1.4.5; http://www.majestic12.co.uk/bot.php?+)"
69.30.198.186 - - [31/Dec/2015:06:53:18 +0800] "GET /show/19774/tickets/39570 HTTP/1.0" 404 834 "-" "Mozilla/5.0 (compatible; MJ12bot/v1.4.5; http://www.majestic12.co.uk/bot.php?+)"
69.30.198.186 - - [31/Dec/2015:06:53:21 +0800] "GET /show/19779/tickets/39586 HTTP/1.0" 404 834 "-" "Mozilla/5.0 (compatible; MJ12bot/v1.4.5; http://www.majestic12.co.uk/bot.php?+)"
69.30.198.186 - - [31/Dec/2015:06:53:24 +0800] "GET /show/19779/tickets/39587 HTTP/1.0" 404 834 "-" "Mozilla/5.0 (compatible; MJ12bot/v1.4.5; http://www.majestic12.co.uk/bot.php?+)"
69.30.198.186 - - [31/Dec/2015:06:53:26 +0800] "GET /signup?returnUrl=/musicians-19225/shows HTTP/1.0" 404 834 "-" "Mozilla/5.0 (compatible; MJ12bot/v1.4.5; http://www.majestic12.co.uk/bot.php?+)"
69.30.198.186 - - [31/Dec/2015:06:53:28 +0800] "GET /signup?returnUrl=/musicians-28035/shows HTTP/1.0" 404 834 "-" "Mozilla/5.0 (compatible; MJ12bot/v1.4.5; http://www.majestic12.co.uk/bot.php?+)"
69.30.198.186 - - [31/Dec/2015:06:53:30 +0800] "GET /signup?returnUrl=/musicians-28476/shows HTTP/1.0" 404 834 "-" "Mozilla/5.0 (compatible; MJ12bot/v1.4.5; http://www.majestic12.co.uk/bot.php?+)"
69.30.198.186 - - [31/Dec/2015:06:53:34 +0800] "GET /signup?returnUrl=/show/12641 HTTP/1.0" 404 834 "-" "Mozilla/5.0 (compatible; MJ12bot/v1.4.5; http://www.majestic12.co.uk/bot.php?+)"
69.30.198.186 - - [31/Dec/2015:06:53:36 +0800] "GET /signup?returnUrl=/show/13109 HTTP/1.0" 404 834 "-" "Mozilla/5.0 (compatible; MJ12bot/v1.4.5; http://www.majestic12.co.uk/bot.php?+)"
69.30.198.186 - - [31/Dec/2015:06:53:39 +0800] "GET /signup?returnUrl=/show/15611 HTTP/1.0" 404 834 "-" "Mozilla/5.0 (compatible; MJ12bot/v1.4.5; http://www.majestic12.co.uk/bot.php?+)"
69.30.198.186 - - [31/Dec/2015:06:53:41 +0800] "GET /signup?returnUrl=/show/16431 HTTP/1.0" 404 834 "-" "Mozilla/5.0 (compatible; MJ12bot/v1.4.5; http://www.majestic12.co.uk/bot.php?+)"
69.30.198.186 - - [31/Dec/2015:06:53:43 +0800] "GET /signup?returnUrl=/show/16450 HTTP/1.0" 404 834 "-" "Mozilla/5.0 (compatible; MJ12bot/v1.4.5; http://www.majestic12.co.uk/bot.php?+)"
69.30.198.186 - - [31/Dec/2015:06:53:45 +0800] "GET /signup?returnUrl=/show/16611 HTTP/1.0" 404 834 "-" "Mozilla/5.0 (compatible; MJ12bot/v1.4.5; http://www.majestic12.co.uk/bot.php?+)"
69.30.198.186 - - [31/Dec/2015:06:53:48 +0800] "GET /signup?returnUrl=/show/16811 HTTP/1.0" 404 834 "-" "Mozilla/5.0 (compatible; MJ12bot/v1.4.5; http://www.majestic12.co.uk/bot.php?+)"
69.30.198.186 - - [31/Dec/2015:06:53:50 +0800] "GET /signup?returnUrl=/show/16933 HTTP/1.0" 404 834 "-" "Mozilla/5.0 (compatible; MJ12bot/v1.4.5; http://www.majestic12.co.uk/bot.php?+)"
123.125.71.89 - - [31/Dec/2015:06:53:51 +0800] "GET /show/4017 HTTP/1.1" 200 22502 "-" "Mozilla/5.0 (compatible; Baiduspider/2.0; +http://www.baidu.com/search/spider.html)"
69.30.198.186 - - [31/Dec/2015:06:53:53 +0800] "GET /signup?returnUrl=/show/17066 HTTP/1.0" 404 834 "-" "Mozilla/5.0 (compatible; MJ12bot/v1.4.5; http://www.majestic12.co.uk/bot.php?+)"
69.30.198.186 - - [31/Dec/2015:06:53:56 +0800] "GET /signup?returnUrl=/show/17134 HTTP/1.0" 404 834 "-" "Mozilla/5.0 (compatible; MJ12bot/v1.4.5; http://www.majestic12.co.uk/bot.php?+)"
69.30.198.186 - - [31/Dec/2015:06:53:59 +0800] "GET /signup?returnUrl=/show/17137 HTTP/1.0" 404 834 "-" "Mozilla/5.0 (compatible; MJ12bot/v1.4.5; http://www.majestic12.co.uk/bot.php?+)"
69.30.198.186 - - [31/Dec/2015:06:54:01 +0800] "GET /signup?returnUrl=/show/17251 HTTP/1.0" 404 834 "-" "Mozilla/5.0 (compatible; MJ12bot/v1.4.5; http://www.majestic12.co.uk/bot.php?+)"
69.30.198.186 - - [31/Dec/2015:06:54:03 +0800] "GET /signup?returnUrl=/show/17253 HTTP/1.0" 404 834 "-" "Mozilla/5.0 (compatible; MJ12bot/v1.4.5; http://www.majestic12.co.uk/bot.php?+)"
120.204.200.21 - - [31/Dec/2015:06:54:04 +0800] "GET / HTTP/1.1" 301 182 "-" "DNSPod-Monitor/2.0"
69.30.198.186 - - [31/Dec/2015:06:54:05 +0800] "GET /signup?returnUrl=/show/17254 HTTP/1.0" 404 834 "-" "Mozilla/5.0 (compatible; MJ12bot/v1.4.5; http://www.majestic12.co.uk/bot.php?+)"
69.30.198.186 - - [31/Dec/2015:06:54:07 +0800] "GET /signup?returnUrl=/show/17431 HTTP/1.0" 404 834 "-" "Mozilla/5.0 (compatible; MJ12bot/v1.4.5; http://www.majestic12.co.uk/bot.php?+)"
69.30.198.186 - - [31/Dec/2015:06:54:11 +0800] "GET /signup?returnUrl=/show/17892 HTTP/1.0" 404 834 "-" "Mozilla/5.0 (compatible; MJ12bot/v1.4.5; http://www.majestic12.co.uk/bot.php?+)"
69.30.198.186 - - [31/Dec/2015:06:54:13 +0800] "GET /signup?returnUrl=/show/18675 HTTP/1.0" 404 834 "-" "Mozilla/5.0 (compatible; MJ12bot/v1.4.5; http://www.majestic12.co.uk/bot.php?+)"
69.30.198.186 - - [31/Dec/2015:06:54:16 +0800] "GET /signup?returnUrl=/show/18855 HTTP/1.0" 404 834 "-" "Mozilla/5.0 (compatible; MJ12bot/v1.4.5; http://www.majestic12.co.uk/bot.php?+)"
69.30.198.186 - - [31/Dec/2015:06:54:19 +0800] "GET /signup?returnUrl=/show/18856 HTTP/1.0" 404 834 "-" "Mozilla/5.0 (compatible; MJ12bot/v1.4.5; http://www.majestic12.co.uk/bot.php?+)"
203.208.60.177 - - [31/Dec/2015:06:54:21 +0800] "GET /musicians-19858/news HTTP/1.1" 200 12868 "-" "Mozilla/5.0 (compatible; Googlebot/2.1; +http://www.google.com/bot.html)"
69.30.198.186 - - [31/Dec/2015:06:54:21 +0800] "GET /signup?returnUrl=/show/18857 HTTP/1.0" 404 834 "-" "Mozilla/5.0 (compatible; MJ12bot/v1.4.5; http://www.majestic12.co.uk/bot.php?+)"
69.30.198.186 - - [31/Dec/2015:06:54:23 +0800] "GET /signup?returnUrl=/show/19158 HTTP/1.0" 404 834 "-" "Mozilla/5.0 (compatible; MJ12bot/v1.4.5; http://www.majestic12.co.uk/bot.php?+)"
69.30.198.186 - - [31/Dec/2015:06:54:26 +0800] "GET /signup?returnUrl=/show/19168 HTTP/1.0" 404 834 "-" "Mozilla/5.0 (compatible; MJ12bot/v1.4.5; http://www.majestic12.co.uk/bot.php?+)"
69.30.198.186 - - [31/Dec/2015:06:54:27 +0800] "GET /signup?returnUrl=/show/19252 HTTP/1.0" 404 834 "-" "Mozilla/5.0 (compatible; MJ12bot/v1.4.5; http://www.majestic12.co.uk/bot.php?+)"
69.30.198.186 - - [31/Dec/2015:06:54:29 +0800] "GET /signup?returnUrl=/show/19253 HTTP/1.0" 404 834 "-" "Mozilla/5.0 (compatible; MJ12bot/v1.4.5; http://www.majestic12.co.uk/bot.php?+)"
69.30.198.186 - - [31/Dec/2015:06:54:31 +0800] "GET /signup?returnUrl=/show/19256 HTTP/1.0" 404 834 "-" "Mozilla/5.0 (compatible; MJ12bot/v1.4.5; http://www.majestic12.co.uk/bot.php?+)"
69.30.198.186 - - [31/Dec/2015:06:54:33 +0800] "GET /signup?returnUrl=/show/19257 HTTP/1.0" 404 834 "-" "Mozilla/5.0 (compatible; MJ12bot/v1.4.5; http://www.majestic12.co.uk/bot.php?+)"
69.30.198.186 - - [31/Dec/2015:06:54:35 +0800] "GET /signup?returnUrl=/show/19261 HTTP/1.0" 404 834 "-" "Mozilla/5.0 (compatible; MJ12bot/v1.4.5; http://www.majestic12.co.uk/bot.php?+)"
69.30.198.186 - - [31/Dec/2015:06:54:38 +0800] "GET /signup?returnUrl=/show/19264 HTTP/1.0" 404 834 "-" "Mozilla/5.0 (compatible; MJ12bot/v1.4.5; http://www.majestic12.co.uk/bot.php?+)"
69.30.198.186 - - [31/Dec/2015:06:54:41 +0800] "GET /signup?returnUrl=/show/19270 HTTP/1.0" 404 834 "-" "Mozilla/5.0 (compatible; MJ12bot/v1.4.5; http://www.majestic12.co.uk/bot.php?+)"
69.30.198.186 - - [31/Dec/2015:06:54:43 +0800] "GET /signup?returnUrl=/show/19347 HTTP/1.0" 404 834 "-" "Mozilla/5.0 (compatible; MJ12bot/v1.4.5; http://www.majestic12.co.uk/bot.php?+)"
69.30.198.186 - - [31/Dec/2015:06:54:47 +0800] "GET /signup?returnUrl=/show/19453 HTTP/1.0" 404 834 "-" "Mozilla/5.0 (compatible; MJ12bot/v1.4.5; http://www.majestic12.co.uk/bot.php?+)"
180.153.212.45 - - [31/Dec/2015:06:54:48 +0800] "GET / HTTP/1.1" 301 182 "-" "DNSPod-Monitor/2.0"
69.30.198.186 - - [31/Dec/2015:06:54:49 +0800] "GET /signup?returnUrl=/show/19550 HTTP/1.0" 404 834 "-" "Mozilla/5.0 (compatible; MJ12bot/v1.4.5; http://www.majestic12.co.uk/bot.php?+)"
69.30.198.186 - - [31/Dec/2015:06:54:52 +0800] "GET /signup?returnUrl=/show/19557 HTTP/1.0" 404 834 "-" "Mozilla/5.0 (compatible; MJ12bot/v1.4.5; http://www.majestic12.co.uk/bot.php?+)"
69.30.198.186 - - [31/Dec/2015:06:54:54 +0800] "GET /signup?returnUrl=/show/19632 HTTP/1.0" 404 834 "-" "Mozilla/5.0 (compatible; MJ12bot/v1.4.5; http://www.majestic12.co.uk/bot.php?+)"
69.30.198.186 - - [31/Dec/2015:06:54:55 +0800] "GET /signup?returnUrl=/show/19633 HTTP/1.0" 404 834 "-" "Mozilla/5.0 (compatible; MJ12bot/v1.4.5; http://www.majestic12.co.uk/bot.php?+)"
69.30.198.186 - - [31/Dec/2015:06:54:58 +0800] "GET /signup?returnUrl=/show/19636 HTTP/1.0" 404 834 "-" "Mozilla/5.0 (compatible; MJ12bot/v1.4.5; http://www.majestic12.co.uk/bot.php?+)"
69.30.198.186 - - [31/Dec/2015:06:55:00 +0800] "GET /signup?returnUrl=/show/19638 HTTP/1.0" 404 834 "-" "Mozilla/5.0 (compatible; MJ12bot/v1.4.5; http://www.majestic12.co.uk/bot.php?+)"
69.30.198.186 - - [31/Dec/2015:06:55:02 +0800] "GET /signup?returnUrl=/show/19639 HTTP/1.0" 404 834 "-" "Mozilla/5.0 (compatible; MJ12bot/v1.4.5; http://www.majestic12.co.uk/bot.php?+)"
69.30.198.186 - - [31/Dec/2015:06:55:04 +0800] "GET /signup?returnUrl=/show/19706 HTTP/1.0" 404 834 "-" "Mozilla/5.0 (compatible; MJ12bot/v1.4.5; http://www.majestic12.co.uk/bot.php?+)"
69.30.198.186 - - [31/Dec/2015:06:55:07 +0800] "GET /signup?returnUrl=/show/19726 HTTP/1.0" 404 834 "-" "Mozilla/5.0 (compatible; MJ12bot/v1.4.5; http://www.majestic12.co.uk/bot.php?+)"
69.30.198.186 - - [31/Dec/2015:06:55:09 +0800] "GET /signup?returnUrl=/show/19774 HTTP/1.0" 404 834 "-" "Mozilla/5.0 (compatible; MJ12bot/v1.4.5; http://www.majestic12.co.uk/bot.php?+)"
69.30.198.186 - - [31/Dec/2015:06:55:11 +0800] "GET /signup?returnUrl=/show/19779 HTTP/1.0" 404 834 "-" "Mozilla/5.0 (compatible; MJ12bot/v1.4.5; http://www.majestic12.co.uk/bot.php?+)"
69.30.198.186 - - [31/Dec/2015:06:55:13 +0800] "GET /robots.txt HTTP/1.0" 404 834 "-" "Mozilla/5.0 (compatible; MJ12bot/v1.4.5; http://www.majestic12.co.uk/bot.php?+)"
69.30.198.186 - - [31/Dec/2015:06:55:21 +0800] "GET /robots.txt HTTP/1.0" 404 834 "-" "Mozilla/5.0 (compatible; MJ12bot/v1.4.5; http://www.majestic12.co.uk/bot.php?+)"
69.30.198.186 - - [31/Dec/2015:06:55:26 +0800] "GET /show/19007 HTTP/1.0" 200 30349 "-" "Mozilla/5.0 (compatible; MJ12bot/v1.4.5; http://www.majestic12.co.uk/bot.php?+)"
112.90.82.139 - - [31/Dec/2015:06:55:31 +0800] "GET / HTTP/1.1" 301 182 "-" "DNSPod-Monitor/2.0"
203.208.60.182 - - [31/Dec/2015:06:56:06 +0800] "GET /musicians-2771/news HTTP/1.1" 200 12869 "-" "Mozilla/5.0 (compatible; Googlebot/2.1; +http://www.google.com/bot.html)"
123.125.71.34 - - [31/Dec/2015:06:56:07 +0800] "GET /musicians/14677 HTTP/1.1" 301 56 "-" "Mozilla/5.0 (Linux;u;Android 4.2.2;zh-cn;) AppleWebKit/534.46 (KHTML,like Gecko) Version/5.1 Mobile Safari/10600.6.3 (compatible; Baiduspider/2.0; +http://www.baidu.com/search/spider.html)"
123.125.71.24 - - [31/Dec/2015:06:56:07 +0800] "GET /musicians-14677/shows HTTP/1.1" 200 13869 "-" "Mozilla/5.0 (Linux;u;Android 4.2.2;zh-cn;) AppleWebKit/534.46 (KHTML,like Gecko) Version/5.1 Mobile Safari/10600.6.3 (compatible; Baiduspider/2.0; +http://www.baidu.com/search/spider.html)"
183.195.233.189 - - [31/Dec/2015:06:57:05 +0800] "GET / HTTP/1.1" 301 182 "-" "DNSPod-Monitor/2.0"
180.153.212.45 - - [31/Dec/2015:06:57:49 +0800] "GET / HTTP/1.1" 301 182 "-" "DNSPod-Monitor/2.0"
123.125.71.50 - - [31/Dec/2015:06:58:24 +0800] "GET /show/2083 HTTP/1.1" 200 33747 "-" "Mozilla/5.0 (compatible; Baiduspider/2.0; +http://www.baidu.com/search/spider.html)"
112.90.82.164 - - [31/Dec/2015:06:58:32 +0800] "GET / HTTP/1.1" 301 182 "-" "DNSPod-Monitor/2.0"
180.153.236.183 - - [31/Dec/2015:06:59:48 +0800] "GET /show/17437 HTTP/1.1" 200 26030 "http://youyanchu.com/show/17437" "Mozilla/5.0 (compatible; MSIE 9.0; Windows NT 6.1; Trident/5.0); 360Spider(compatible; HaosouSpider; http://www.haosou.com/help/help_3_2.html)"
183.131.79.181 - - [31/Dec/2015:06:59:58 +0800] "GET / HTTP/1.1" 301 182 "-" "Mozilla/5.0 (Macintosh; Intel Mac OS X 10_10_3) AppleWebKit/537.36 (KHTML, like Gecko) Chrome/43.0.2357.130 Safari/537.36 JianKongBao Monitor 1.1"
218.61.196.123 - - [31/Dec/2015:06:59:58 +0800] "GET / HTTP/1.1" 301 182 "-" "Mozilla/5.0 (Macintosh; Intel Mac OS X 10_10_3) AppleWebKit/537.36 (KHTML, like Gecko) Chrome/43.0.2357.130 Safari/537.36 JianKongBao Monitor 1.1"
61.150.91.224 - - [31/Dec/2015:06:59:58 +0800] "GET / HTTP/1.1" 301 182 "-" "Mozilla/5.0 (Macintosh; Intel Mac OS X 10_10_3) AppleWebKit/537.36 (KHTML, like Gecko) Chrome/43.0.2357.130 Safari/537.36 JianKongBao Monitor 1.1"
183.195.233.189 - - [31/Dec/2015:07:00:05 +0800] "GET / HTTP/1.1" 301 182 "-" "DNSPod-Monitor/2.0"
220.181.108.90 - - [31/Dec/2015:07:00:40 +0800] "GET /?begin_date=2014-04-27&end_date=2014-07-27&page=731 HTTP/1.1" 200 9335 "-" "Mozilla/5.0 (compatible; Baiduspider/2.0; +http://www.baidu.com/search/spider.html)"
101.226.73.30 - - [31/Dec/2015:07:00:48 +0800] "GET / HTTP/1.1" 301 182 "-" "DNSPod-Monitor/2.0"
112.90.82.164 - - [31/Dec/2015:07:01:32 +0800] "GET / HTTP/1.1" 301 182 "-" "DNSPod-Monitor/2.0"
220.181.108.159 - - [31/Dec/2015:07:02:58 +0800] "GET /show/6529 HTTP/1.1" 200 23800 "-" "Mozilla/5.0 (Linux;u;Android 4.2.2;zh-cn;) AppleWebKit/534.46 (KHTML,like Gecko) Version/5.1 Mobile Safari/10600.6.3 (compatible; Baiduspider/2.0; +http://www.baidu.com/search/spider.html)"
120.204.200.21 - - [31/Dec/2015:07:03:05 +0800] "GET / HTTP/1.1" 301 182 "-" "DNSPod-Monitor/2.0"
185.25.148.240 - - [31/Dec/2015:07:03:38 +0800] "GET http://testp3.pospr.waw.pl/testproxy.php HTTP/1.1" 301 182 "-" "Mozilla/5.0 (Windows NT 5.1; rv:32.0) Gecko/20100101 Firefox/31.0"
180.153.212.45 - - [31/Dec/2015:07:03:49 +0800] "GET / HTTP/1.1" 301 182 "-" "DNSPod-Monitor/2.0"
112.90.82.139 - - [31/Dec/2015:07:04:33 +0800] "GET / HTTP/1.1" 301 182 "-" "DNSPod-Monitor/2.0"
123.125.71.76 - - [31/Dec/2015:07:05:14 +0800] "GET /?begin_date=2014-01-28&end_date=2014-04-28%3Fpage%3D1%3Fpage%3D1%3Fpage%3D1&page=15 HTTP/1.1" 200 9652 "-" "Mozilla/5.0 (compatible; Baiduspider/2.0; +http://www.baidu.com/search/spider.html)"
61.150.91.224 - - [31/Dec/2015:07:05:35 +0800] "GET /show/6685 HTTP/1.1" 301 182 "-" "Mozilla/5.0 (Macintosh; Intel Mac OS X 10_10_3) AppleWebKit/537.36 (KHTML, like Gecko) Chrome/43.0.2357.130 Safari/537.36 JianKongBao Monitor 1.1"
183.131.79.181 - - [31/Dec/2015:07:05:35 +0800] "GET /show/6685 HTTP/1.1" 301 182 "-" "Mozilla/5.0 (Macintosh; Intel Mac OS X 10_10_3) AppleWebKit/537.36 (KHTML, like Gecko) Chrome/43.0.2357.130 Safari/537.36 JianKongBao Monitor 1.1"
183.195.233.189 - - [31/Dec/2015:07:06:06 +0800] "GET / HTTP/1.1" 301 182 "-" "DNSPod-Monitor/2.0"
125.95.205.54 - - [31/Dec/2015:07:06:30 +0800] "GET /show/19476 HTTP/1.1" 301 182 "-" "Mozilla/5.0 (Linux; U; Android 4.4.4; zh-cn; MX4 Pro Build/KTU84P) AppleWebKit/534.30 (KHTML, like Gecko) Version/4.0 Mobile Safari/534.30"
180.153.212.45 - - [31/Dec/2015:07:06:50 +0800] "GET / HTTP/1.1" 301 182 "-" "DNSPod-Monitor/2.0"
123.125.71.113 - - [31/Dec/2015:07:07:31 +0800] "GET /show/7470 HTTP/1.1" 200 20987 "-" "Mozilla/5.0 (compatible; Baiduspider/2.0; +http://www.baidu.com/search/spider.html)"
61.150.91.224 - - [31/Dec/2015:07:07:33 +0800] "GET /search?utf8=%E2%9C%93&city=%E5%A4%A9%E6%B4%A5&begin_date=2014-03-19&end_date=2014-06-19&q= HTTP/1.1" 301 182 "-" "Mozilla/5.0 (Macintosh; Intel Mac OS X 10_10_3) AppleWebKit/537.36 (KHTML, like Gecko) Chrome/43.0.2357.130 Safari/537.36 JianKongBao Monitor 1.1"
112.90.82.164 - - [31/Dec/2015:07:07:33 +0800] "GET / HTTP/1.1" 301 182 "-" "DNSPod-Monitor/2.0"
183.131.79.181 - - [31/Dec/2015:07:07:34 +0800] "GET /search?utf8=%E2%9C%93&city=%E5%A4%A9%E6%B4%A5&begin_date=2014-03-19&end_date=2014-06-19&q= HTTP/1.1" 301 182 "-" "Mozilla/5.0 (Macintosh; Intel Mac OS X 10_10_3) AppleWebKit/537.36 (KHTML, like Gecko) Chrome/43.0.2357.130 Safari/537.36 JianKongBao Monitor 1.1"
203.208.60.189 - - [31/Dec/2015:07:08:06 +0800] "GET /show/5118 HTTP/1.1" 200 24971 "-" "Mozilla/5.0 (iPhone; CPU iPhone OS 8_3 like Mac OS X) AppleWebKit/600.1.4 (KHTML, like Gecko) Version/8.0 Mobile/12F70 Safari/600.1.4 (compatible; Googlebot/2.1; +http://www.google.com/bot.html)"
203.208.60.170 - - [31/Dec/2015:07:08:23 +0800] "GET /musicians-2263/shows?page=0 HTTP/1.1" 200 13432 "-" "Mozilla/5.0 (compatible; Googlebot/2.1; +http://www.google.com/bot.html)"
123.125.71.55 - - [31/Dec/2015:07:09:00 +0800] "GET / HTTP/1.1" 301 182 "-" "Mozilla/5.0 (Windows NT 5.1; rv:6.0.2) Gecko/20100101 Firefox/6.0.2"
183.195.233.188 - - [31/Dec/2015:07:09:06 +0800] "GET / HTTP/1.1" 301 182 "-" "DNSPod-Monitor/2.0"
207.46.13.187 - - [31/Dec/2015:07:09:38 +0800] "GET /robots.txt HTTP/1.1" 404 834 "-" "Mozilla/5.0 (compatible; bingbot/2.0; +http://www.bing.com/bingbot.htm)"
123.125.71.90 - - [31/Dec/2015:07:09:47 +0800] "GET /?begin_date=2014-04-12&end_date=2014-07-12%3Fpage%3D1&page=52 HTTP/1.1" 200 9652 "-" "Mozilla/5.0 (compatible; Baiduspider/2.0; +http://www.baidu.com/search/spider.html)"
101.226.73.30 - - [31/Dec/2015:07:09:50 +0800] "GET / HTTP/1.1" 301 182 "-" "DNSPod-Monitor/2.0"
203.208.60.183 - - [31/Dec/2015:07:10:09 +0800] "GET /musicians-24882/news HTTP/1.1" 200 12842 "-" "Mozilla/5.0 (compatible; Googlebot/2.1; +http://www.google.com/bot.html)"
112.90.82.139 - - [31/Dec/2015:07:10:33 +0800] "GET / HTTP/1.1" 301 182 "-" "DNSPod-Monitor/2.0"
123.125.71.82 - - [31/Dec/2015:07:12:04 +0800] "GET /musicians/5816 HTTP/1.1" 301 55 "-" "Mozilla/5.0 (compatible; Baiduspider/2.0; +http://www.baidu.com/search/spider.html)"
123.125.71.86 - - [31/Dec/2015:07:12:04 +0800] "GET /musicians-5816/shows HTTP/1.1" 200 13448 "-" "Mozilla/5.0 (compatible; Baiduspider/2.0; +http://www.baidu.com/search/spider.html)"
183.195.233.188 - - [31/Dec/2015:07:12:07 +0800] "GET / HTTP/1.1" 301 182 "-" "DNSPod-Monitor/2.0"
101.226.73.30 - - [31/Dec/2015:07:12:51 +0800] "GET / HTTP/1.1" 301 182 "-" "DNSPod-Monitor/2.0"
112.90.82.139 - - [31/Dec/2015:07:13:34 +0800] "GET / HTTP/1.1" 301 182 "-" "DNSPod-Monitor/2.0"
203.208.60.179 - - [31/Dec/2015:07:13:40 +0800] "GET /musicians-19878/shows?page=0 HTTP/1.1" 200 19730 "-" "Mozilla/5.0 (compatible; Googlebot/2.1; +http://www.google.com/bot.html)"
123.125.71.48 - - [31/Dec/2015:07:14:21 +0800] "GET /?begin_date=2014-04-03&end_date=2014-07-03%3Fpage%3D1&page=11 HTTP/1.1" 200 40704 "-" "Mozilla/5.0 (compatible; Baiduspider/2.0; +http://www.baidu.com/search/spider.html)"
218.61.196.123 - - [31/Dec/2015:07:15:00 +0800] "GET / HTTP/1.1" 301 182 "-" "Mozilla/5.0 (Macintosh; Intel Mac OS X 10_10_3) AppleWebKit/537.36 (KHTML, like Gecko) Chrome/43.0.2357.130 Safari/537.36 JianKongBao Monitor 1.1"
61.150.91.224 - - [31/Dec/2015:07:15:01 +0800] "GET / HTTP/1.1" 301 182 "-" "Mozilla/5.0 (Macintosh; Intel Mac OS X 10_10_3) AppleWebKit/537.36 (KHTML, like Gecko) Chrome/43.0.2357.130 Safari/537.36 JianKongBao Monitor 1.1"
183.131.79.181 - - [31/Dec/2015:07:15:01 +0800] "GET / HTTP/1.1" 301 182 "-" "Mozilla/5.0 (Macintosh; Intel Mac OS X 10_10_3) AppleWebKit/537.36 (KHTML, like Gecko) Chrome/43.0.2357.130 Safari/537.36 JianKongBao Monitor 1.1"
183.195.233.189 - - [31/Dec/2015:07:15:09 +0800] "GET / HTTP/1.1" 301 182 "-" "DNSPod-Monitor/2.0"
68.180.230.164 - - [31/Dec/2015:07:15:14 +0800] "GET /robots.txt HTTP/1.1" 301 182 "-" "Mozilla/5.0 (compatible; Yahoo! Slurp; http://help.yahoo.com/help/us/ysearch/slurp)"
68.180.230.164 - - [31/Dec/2015:07:15:16 +0800] "GET / HTTP/1.1" 301 182 "-" "Mozilla/5.0 (compatible; Yahoo! Slurp; http://help.yahoo.com/help/us/ysearch/slurp)"
203.208.60.169 - - [31/Dec/2015:07:15:25 +0800] "GET /musicians-23361/news HTTP/1.1" 200 12850 "-" "Mozilla/5.0 (compatible; Googlebot/2.1; +http://www.google.com/bot.html)"
207.46.13.187 - - [31/Dec/2015:07:15:29 +0800] "GET /show/19250 HTTP/1.1" 200 31947 "-" "Mozilla/5.0 (compatible; bingbot/2.0; +http://www.bing.com/bingbot.htm)"
220.181.108.85 - - [31/Dec/2015:07:15:41 +0800] "GET / HTTP/1.1" 301 182 "-" "Mozilla/5.0 (Windows NT 5.1; rv:6.0.2) Gecko/20100101 Firefox/6.0.2"
180.153.212.45 - - [31/Dec/2015:07:15:52 +0800] "GET / HTTP/1.1" 301 182 "-" "DNSPod-Monitor/2.0"
203.208.60.185 - - [31/Dec/2015:07:16:22 +0800] "GET /musicians-27160 HTTP/1.1" 200 12820 "-" "Mozilla/5.0 (compatible; Googlebot/2.1; +http://www.google.com/bot.html)"
112.90.82.164 - - [31/Dec/2015:07:16:36 +0800] "GET / HTTP/1.1" 301 182 "-" "DNSPod-Monitor/2.0"
123.125.71.31 - - [31/Dec/2015:07:16:37 +0800] "GET /?begin_date=2013-10-17&end_date=2014-04-17%3Fpage%3D1&page=20 HTTP/1.1" 200 9303 "-" "Mozilla/5.0 (compatible; Baiduspider/2.0; +http://www.baidu.com/search/spider.html)"
125.95.205.54 - - [31/Dec/2015:07:16:38 +0800] "GET /show/19871 HTTP/1.1" 301 182 "-" "Mozilla/5.0 (Linux; U; Android 4.4.4; zh-cn; MX4 Pro Build/KTU84P) AppleWebKit/534.30 (KHTML, like Gecko) Version/4.0 Mobile Safari/534.30"
203.208.60.176 - - [31/Dec/2015:07:17:10 +0800] "GET /musicians-27496/news HTTP/1.1" 200 12816 "-" "Mozilla/5.0 (compatible; Googlebot/2.1; +http://www.google.com/bot.html)"
139.19.117.1 - - [31/Dec/2015:07:17:15 +0800] "GET /wp-includes/js/plupload/plupload.flash.swf HTTP/1.1" 301 182 "-" "python-requests/2.4.3 CPython/2.7.9 Linux/3.18.18.1.amd64-smp"
139.19.117.1 - - [31/Dec/2015:07:17:17 +0800] "GET /wp-content/themes/twentyfifteen/genericons/example.html HTTP/1.1" 301 182 "-" "python-requests/2.4.3 CPython/2.7.9 Linux/3.18.18.1.amd64-smp"
139.19.117.1 - - [31/Dec/2015:07:17:20 +0800] "POST /xmlrpc.php HTTP/1.1" 301 182 "-" "python-requests/2.4.3 CPython/2.7.9 Linux/3.18.18.1.amd64-smp"
207.46.13.52 - - [31/Dec/2015:07:17:23 +0800] "GET /robots.txt HTTP/1.1" 404 834 "-" "Mozilla/5.0 (compatible; bingbot/2.0; +http://www.bing.com/bingbot.htm)"
207.46.13.52 - - [31/Dec/2015:07:17:46 +0800] "GET /show/3413 HTTP/1.1" 200 40941 "-" "Mozilla/5.0 (compatible; bingbot/2.0; +http://www.bing.com/bingbot.htm)"
207.46.13.187 - - [31/Dec/2015:07:17:49 +0800] "GET /show/3482 HTTP/1.1" 200 22737 "-" "Mozilla/5.0 (compatible; bingbot/2.0; +http://www.bing.com/bingbot.htm)"
125.95.205.54 - - [31/Dec/2015:07:17:57 +0800] "GET /show/19476 HTTP/1.1" 301 182 "-" "Mozilla/5.0 (Linux; U; Android 4.4.4; zh-cn; MX4 Pro Build/KTU84P) AppleWebKit/534.30 (KHTML, like Gecko) Version/4.0 Mobile Safari/534.30"
183.195.233.189 - - [31/Dec/2015:07:18:10 +0800] "GET / HTTP/1.1" 301 182 "-" "DNSPod-Monitor/2.0"
123.125.71.39 - - [31/Dec/2015:07:18:43 +0800] "GET /show/https:/dn-youyanchu.qbox.me/poster/uploads/posters/2012/0823/1458/13/45/96c93522d1aa1b7b0544.jpg HTTP/1.1" 404 834 "http://image.baidu.com/i?ct=503316480&z=0&tn=baiduimagedetail" "Baiduspider-image+(+http://www.baidu.com/search/spider.htm)"
101.226.73.30 - - [31/Dec/2015:07:18:53 +0800] "GET / HTTP/1.1" 301 182 "-" "DNSPod-Monitor/2.0"
123.125.71.92 - - [31/Dec/2015:07:18:54 +0800] "GET /?begin_date=2014-04-16&end_date=2014-07-16&page=779 HTTP/1.1" 200 9684 "-" "Mozilla/5.0 (compatible; Baiduspider/2.0; +http://www.baidu.com/search/spider.html)"
203.208.60.171 - - [31/Dec/2015:07:18:56 +0800] "GET /musicians-20871/news HTTP/1.1" 200 12873 "-" "Mozilla/5.0 (compatible; Googlebot/2.1; +http://www.google.com/bot.html)"
37.187.137.225 - - [31/Dec/2015:07:19:10 +0800] "GET /robots.txt HTTP/1.0" 404 834 "-" "Mozilla/5.0 (compatible; MJ12bot/v1.4.5; http://www.majestic12.co.uk/bot.php?+)"
37.187.137.225 - - [31/Dec/2015:07:19:11 +0800] "GET /musicians-27952/news HTTP/1.0" 200 12899 "-" "Mozilla/5.0 (compatible; MJ12bot/v1.4.5; http://www.majestic12.co.uk/bot.php?+)"
37.187.137.225 - - [31/Dec/2015:07:19:14 +0800] "GET /musicians-27952/shows?page=0 HTTP/1.0" 200 15539 "-" "Mozilla/5.0 (compatible; MJ12bot/v1.4.5; http://www.majestic12.co.uk/bot.php?+)"
37.187.137.225 - - [31/Dec/2015:07:19:16 +0800] "GET /musicians-27980/shows HTTP/1.0" 200 15463 "-" "Mozilla/5.0 (compatible; MJ12bot/v1.4.5; http://www.majestic12.co.uk/bot.php?+)"
37.187.137.225 - - [31/Dec/2015:07:19:18 +0800] "GET /musicians-28012/shows HTTP/1.0" 200 14946 "-" "Mozilla/5.0 (compatible; MJ12bot/v1.4.5; http://www.majestic12.co.uk/bot.php?+)"
37.187.137.225 - - [31/Dec/2015:07:19:20 +0800] "GET /musicians-28035 HTTP/1.0" 200 12859 "-" "Mozilla/5.0 (compatible; MJ12bot/v1.4.5; http://www.majestic12.co.uk/bot.php?+)"
37.187.137.225 - - [31/Dec/2015:07:19:22 +0800] "GET /musicians-28035/news HTTP/1.0" 200 12884 "-" "Mozilla/5.0 (compatible; MJ12bot/v1.4.5; http://www.majestic12.co.uk/bot.php?+)"
37.187.137.225 - - [31/Dec/2015:07:19:25 +0800] "GET /musicians-28035/shows?page=0 HTTP/1.0" 200 22531 "-" "Mozilla/5.0 (compatible; MJ12bot/v1.4.5; http://www.majestic12.co.uk/bot.php?+)"
37.187.137.225 - - [31/Dec/2015:07:19:28 +0800] "GET /musicians-28042/news-243 HTTP/1.0" 200 16684 "-" "Mozilla/5.0 (compatible; MJ12bot/v1.4.5; http://www.majestic12.co.uk/bot.php?+)"
37.187.137.225 - - [31/Dec/2015:07:19:31 +0800] "GET /musicians-28042/news-244 HTTP/1.0" 200 16306 "-" "Mozilla/5.0 (compatible; MJ12bot/v1.4.5; http://www.majestic12.co.uk/bot.php?+)"
37.187.137.225 - - [31/Dec/2015:07:19:34 +0800] "GET /musicians-28042/news?page=0 HTTP/1.0" 200 16957 "-" "Mozilla/5.0 (compatible; MJ12bot/v1.4.5; http://www.majestic12.co.uk/bot.php?+)"
37.187.137.225 - - [31/Dec/2015:07:19:36 +0800] "GET /musicians-28047 HTTP/1.0" 200 12886 "-" "Mozilla/5.0 (compatible; MJ12bot/v1.4.5; http://www.majestic12.co.uk/bot.php?+)"
112.90.82.164 - - [31/Dec/2015:07:19:37 +0800] "GET / HTTP/1.1" 301 182 "-" "DNSPod-Monitor/2.0"
37.187.137.225 - - [31/Dec/2015:07:19:39 +0800] "GET /musicians-28047/news HTTP/1.0" 200 12884 "-" "Mozilla/5.0 (compatible; MJ12bot/v1.4.5; http://www.majestic12.co.uk/bot.php?+)"
37.187.137.225 - - [31/Dec/2015:07:19:42 +0800] "GET /musicians-28047/shows?page=0 HTTP/1.0" 200 20759 "-" "Mozilla/5.0 (compatible; MJ12bot/v1.4.5; http://www.majestic12.co.uk/bot.php?+)"
37.187.137.225 - - [31/Dec/2015:07:19:45 +0800] "GET /musicians-28055/shows HTTP/1.0" 200 14464 "-" "Mozilla/5.0 (compatible; MJ12bot/v1.4.5; http://www.majestic12.co.uk/bot.php?+)"
37.187.137.225 - - [31/Dec/2015:07:19:48 +0800] "GET /musicians-28077/shows HTTP/1.0" 200 14512 "-" "Mozilla/5.0 (compatible; MJ12bot/v1.4.5; http://www.majestic12.co.uk/bot.php?+)"
37.187.137.225 - - [31/Dec/2015:07:19:51 +0800] "GET /musicians-28085/news HTTP/1.0" 200 16973 "-" "Mozilla/5.0 (compatible; MJ12bot/v1.4.5; http://www.majestic12.co.uk/bot.php?+)"
37.187.137.225 - - [31/Dec/2015:07:19:54 +0800] "GET /musicians-28085/news-75 HTTP/1.0" 200 21128 "-" "Mozilla/5.0 (compatible; MJ12bot/v1.4.5; http://www.majestic12.co.uk/bot.php?+)"
37.187.137.225 - - [31/Dec/2015:07:19:57 +0800] "GET /musicians-28085/news-78 HTTP/1.0" 200 14852 "-" "Mozilla/5.0 (compatible; MJ12bot/v1.4.5; http://www.majestic12.co.uk/bot.php?+)"
37.187.137.225 - - [31/Dec/2015:07:20:00 +0800] "GET /musicians-28226/shows HTTP/1.0" 200 16579 "-" "Mozilla/5.0 (compatible; MJ12bot/v1.4.5; http://www.majestic12.co.uk/bot.php?+)"
37.187.137.225 - - [31/Dec/2015:07:20:03 +0800] "GET /musicians-28241/shows HTTP/1.0" 200 16493 "-" "Mozilla/5.0 (compatible; MJ12bot/v1.4.5; http://www.majestic12.co.uk/bot.php?+)"
37.187.137.225 - - [31/Dec/2015:07:20:06 +0800] "GET /musicians-2827/shows HTTP/1.0" 200 17465 "-" "Mozilla/5.0 (compatible; MJ12bot/v1.4.5; http://www.majestic12.co.uk/bot.php?+)"
37.187.137.225 - - [31/Dec/2015:07:20:10 +0800] "GET /musicians-28279 HTTP/1.0" 200 12886 "-" "Mozilla/5.0 (compatible; MJ12bot/v1.4.5; http://www.majestic12.co.uk/bot.php?+)"
37.187.137.225 - - [31/Dec/2015:07:20:12 +0800] "GET /musicians-28279/news HTTP/1.0" 200 12911 "-" "Mozilla/5.0 (compatible; MJ12bot/v1.4.5; http://www.majestic12.co.uk/bot.php?+)"
37.187.137.225 - - [31/Dec/2015:07:20:15 +0800] "GET /musicians-28279/shows?page=0 HTTP/1.0" 200 23866 "-" "Mozilla/5.0 (compatible; MJ12bot/v1.4.5; http://www.majestic12.co.uk/bot.php?+)"
37.187.137.225 - - [31/Dec/2015:07:20:18 +0800] "GET /musicians-28279/shows?page=2 HTTP/1.0" 200 18770 "-" "Mozilla/5.0 (compatible; MJ12bot/v1.4.5; http://www.majestic12.co.uk/bot.php?+)"
37.187.137.225 - - [31/Dec/2015:07:20:21 +0800] "GET /musicians-28300/shows HTTP/1.0" 200 14420 "-" "Mozilla/5.0 (compatible; MJ12bot/v1.4.5; http://www.majestic12.co.uk/bot.php?+)"
37.187.137.225 - - [31/Dec/2015:07:20:24 +0800] "GET /musicians-28328/shows HTTP/1.0" 200 15562 "-" "Mozilla/5.0 (compatible; MJ12bot/v1.4.5; http://www.majestic12.co.uk/bot.php?+)"
37.187.137.225 - - [31/Dec/2015:07:20:27 +0800] "GET /musicians-28333/shows HTTP/1.0" 200 17492 "-" "Mozilla/5.0 (compatible; MJ12bot/v1.4.5; http://www.majestic12.co.uk/bot.php?+)"
37.187.137.225 - - [31/Dec/2015:07:20:29 +0800] "GET /musicians-28341/shows HTTP/1.0" 200 23676 "-" "Mozilla/5.0 (compatible; MJ12bot/v1.4.5; http://www.majestic12.co.uk/bot.php?+)"
183.131.79.181 - - [31/Dec/2015:07:20:32 +0800] "GET /show/6685 HTTP/1.1" 301 182 "-" "Mozilla/5.0 (Macintosh; Intel Mac OS X 10_10_3) AppleWebKit/537.36 (KHTML, like Gecko) Chrome/43.0.2357.130 Safari/537.36 JianKongBao Monitor 1.1"
37.187.137.225 - - [31/Dec/2015:07:20:32 +0800] "GET /musicians-28345/shows HTTP/1.0" 200 17613 "-" "Mozilla/5.0 (compatible; MJ12bot/v1.4.5; http://www.majestic12.co.uk/bot.php?+)"
218.61.196.123 - - [31/Dec/2015:07:20:32 +0800] "GET /show/6685 HTTP/1.1" 301 182 "-" "Mozilla/5.0 (Macintosh; Intel Mac OS X 10_10_3) AppleWebKit/537.36 (KHTML, like Gecko) Chrome/43.0.2357.130 Safari/537.36 JianKongBao Monitor 1.1"
61.150.91.224 - - [31/Dec/2015:07:20:32 +0800] "GET /show/6685 HTTP/1.1" 301 182 "-" "Mozilla/5.0 (Macintosh; Intel Mac OS X 10_10_3) AppleWebKit/537.36 (KHTML, like Gecko) Chrome/43.0.2357.130 Safari/537.36 JianKongBao Monitor 1.1"
37.187.137.225 - - [31/Dec/2015:07:20:35 +0800] "GET /musicians-28351/shows HTTP/1.0" 200 14410 "-" "Mozilla/5.0 (compatible; MJ12bot/v1.4.5; http://www.majestic12.co.uk/bot.php?+)"
37.187.137.225 - - [31/Dec/2015:07:20:38 +0800] "GET /musicians-28357 HTTP/1.0" 200 12868 "-" "Mozilla/5.0 (compatible; MJ12bot/v1.4.5; http://www.majestic12.co.uk/bot.php?+)"
37.187.137.225 - - [31/Dec/2015:07:20:41 +0800] "GET /musicians-28357/news HTTP/1.0" 200 12893 "-" "Mozilla/5.0 (compatible; MJ12bot/v1.4.5; http://www.majestic12.co.uk/bot.php?+)"
203.208.60.178 - - [31/Dec/2015:07:20:41 +0800] "GET /musicians-29464/news HTTP/1.1" 200 13428 "-" "Mozilla/5.0 (compatible; Googlebot/2.1; +http://www.google.com/bot.html)"
37.187.137.225 - - [31/Dec/2015:07:20:43 +0800] "GET /musicians-28357/shows?page=0 HTTP/1.0" 200 16495 "-" "Mozilla/5.0 (compatible; MJ12bot/v1.4.5; http://www.majestic12.co.uk/bot.php?+)"
37.187.137.225 - - [31/Dec/2015:07:20:46 +0800] "GET /musicians-28370/shows HTTP/1.0" 200 15543 "-" "Mozilla/5.0 (compatible; MJ12bot/v1.4.5; http://www.majestic12.co.uk/bot.php?+)"
37.187.137.225 - - [31/Dec/2015:07:20:49 +0800] "GET /musicians-28371 HTTP/1.0" 200 12859 "-" "Mozilla/5.0 (compatible; MJ12bot/v1.4.5; http://www.majestic12.co.uk/bot.php?+)"
37.187.137.225 - - [31/Dec/2015:07:20:54 +0800] "GET /musicians-28371/news HTTP/1.0" 200 12884 "-" "Mozilla/5.0 (compatible; MJ12bot/v1.4.5; http://www.majestic12.co.uk/bot.php?+)"
37.187.137.225 - - [31/Dec/2015:07:20:57 +0800] "GET /musicians-28371/shows?page=0 HTTP/1.0" 200 15505 "-" "Mozilla/5.0 (compatible; MJ12bot/v1.4.5; http://www.majestic12.co.uk/bot.php?+)"
37.187.137.225 - - [31/Dec/2015:07:20:59 +0800] "GET /musicians-28381 HTTP/1.0" 200 12877 "-" "Mozilla/5.0 (compatible; MJ12bot/v1.4.5; http://www.majestic12.co.uk/bot.php?+)"
37.187.137.225 - - [31/Dec/2015:07:21:02 +0800] "GET /musicians-28381/news HTTP/1.0" 200 12902 "-" "Mozilla/5.0 (compatible; MJ12bot/v1.4.5; http://www.majestic12.co.uk/bot.php?+)"
37.187.137.225 - - [31/Dec/2015:07:21:04 +0800] "GET /musicians-28381/shows?page=0 HTTP/1.0" 200 24065 "-" "Mozilla/5.0 (compatible; MJ12bot/v1.4.5; http://www.majestic12.co.uk/bot.php?+)"
37.187.137.225 - - [31/Dec/2015:07:21:08 +0800] "GET /musicians-28381/shows?page=2 HTTP/1.0" 200 18819 "-" "Mozilla/5.0 (compatible; MJ12bot/v1.4.5; http://www.majestic12.co.uk/bot.php?+)"
183.195.233.189 - - [31/Dec/2015:07:21:09 +0800] "GET / HTTP/1.1" 301 182 "-" "DNSPod-Monitor/2.0"
220.181.108.85 - - [31/Dec/2015:07:21:11 +0800] "GET /musicians/26672 HTTP/1.1" 301 56 "-" "Mozilla/5.0 (compatible; Baiduspider/2.0; +http://www.baidu.com/search/spider.html)"
220.181.108.115 - - [31/Dec/2015:07:21:11 +0800] "GET /musicians-26672/shows HTTP/1.1" 200 13427 "-" "Mozilla/5.0 (compatible; Baiduspider/2.0; +http://www.baidu.com/search/spider.html)"
37.187.137.225 - - [31/Dec/2015:07:21:11 +0800] "GET /musicians-2839 HTTP/1.0" 200 16527 "-" "Mozilla/5.0 (compatible; MJ12bot/v1.4.5; http://www.majestic12.co.uk/bot.php?+)"
